03-29 02:52:23.433 1292-2130/? W/ActivityManager: Slow operation: 229ms so far, now at startProcess: returned from zygote!
03-29 02:52:23.434 1292-2130/? W/ActivityManager: Slow operation: 229ms so far, now at startProcess: done updating battery stats
03-29 02:52:23.435 1292-2130/? W/ActivityManager: Slow operation: 230ms so far, now at startProcess: building log message
03-29 02:52:23.435 1292-2130/? I/ActivityManager: Start proc 2134:com.android.systemui/u0a27 for restart com.android.systemui
03-29 02:52:23.435 1292-2130/? W/ActivityManager: Slow operation: 231ms so far, now at startProcess: starting to update pids map
03-29 02:52:23.437 1292-2130/? W/ActivityManager: Slow operation: 232ms so far, now at startProcess: done updating pids map
03-29 02:52:23.441 1292-2131/? W/art: Long monitor contention with owner Binder:1292_9 (2130) at void com.android.server.am.ActivityManagerService$AppDeathRecipient.binderDied()(ActivityManagerService.java:1475) waiters=0 in void com.android.server.am.ActivityManagerService.finishReceiver(android.os.IBinder, int, java.lang.String, android.os.Bundle, boolean, int) for 343ms
03-29 02:52:23.442 1292-1320/? W/art: Long monitor contention with owner Binder:1292_9 (2130) at void com.android.server.am.ActivityManagerService$AppDeathRecipient.binderDied()(ActivityManagerService.java:1475) waiters=1 in void com.android.server.am.ActiveServices$ServiceRestarter.run() for 302ms
03-29 02:52:23.445 1292-1321/? W/art: Long monitor contention with owner Binder:1292_9 (2130) at void com.android.server.am.ActivityManagerService$AppDeathRecipient.binderDied()(ActivityManagerService.java:1475) waiters=2 in void com.android.server.am.ActivityManagerService.dispatchUidsChanged() for 243ms
03-29 02:52:23.745 1292-1310/? W/ActivityManager: Slow operation: 145ms so far, now at startProcess: returned from zygote!
03-29 02:52:23.746 1292-1310/? W/ActivityManager: Slow operation: 146ms so far, now at startProcess: done updating battery stats
03-29 02:52:23.746 1292-1310/? W/ActivityManager: Slow operation: 147ms so far, now at startProcess: building log message
03-29 02:52:23.746 1292-1310/? I/ActivityManager: Start proc 2147:com.google.android.deskclock/u0a65 for broadcast com.google.android.deskclock/com.android.deskclock.AlarmInitReceiver
03-29 02:52:23.746 1292-1310/? W/ActivityManager: Slow operation: 147ms so far, now at startProcess: starting to update pids map
03-29 02:52:23.747 1292-1310/? W/ActivityManager: Slow operation: 147ms so far, now at startProcess: done updating pids map
03-29 02:52:23.747 1292-1310/? W/ActivityManager: Slow operation: 149ms so far, now at startProcess: done starting proc!
03-29 02:52:24.237 2134-2134/? W/System: ClassLoader referenced unknown path: /system/priv-app/SystemUI/lib/arm64
03-29 02:52:24.452 2134-2134/? V/SystemUIService: Starting SystemUI services for user 0.
03-29 02:52:24.609 2134-2134/? V/MediaRouter: Adding route: RouteInfo{ name=Phone, description=null, status=null, category=RouteCategory{ name=null types=ROUTE_TYPE_LIVE_AUDIO ROUTE_TYPE_LIVE_VIDEO  groupable=false }, supportedTypes=ROUTE_TYPE_LIVE_AUDIO ROUTE_TYPE_LIVE_VIDEO , presentationDisplay=null }
03-29 02:52:24.663 2134-2134/? V/MediaRouter: Updating audio routes: AudioRoutesInfo{ type=SPEAKER }
03-29 02:52:24.675 2134-2134/? V/MediaRouter: Selecting route: RouteInfo{ name=Phone, description=null, status=null, category=RouteCategory{ name=null types=ROUTE_TYPE_LIVE_AUDIO ROUTE_TYPE_LIVE_VIDEO  groupable=false }, supportedTypes=ROUTE_TYPE_LIVE_AUDIO ROUTE_TYPE_LIVE_VIDEO , presentationDisplay=null }
03-29 02:52:24.875 1292-1292/? D/TrustManagerService: Removing dead TrustListener.
03-29 02:52:25.068 2134-2166/? E/WVMExtractor: Failed to open libwvm.so: dlopen failed: library "libwvm.so" not found
03-29 02:52:25.215 914-914/? I/MediaPlayerService: MediaPlayerService::getOMX
03-29 02:52:25.223 2134-2167/? I/OMXClient: MuxOMX ctor
03-29 02:52:25.242 911-911/? I/OMXMaster: makeComponentInstance(OMX.google.vorbis.decoder) in mediacodec process
03-29 02:52:26.317 914-1004/? I/MediaPlayerService: MediaPlayerService::getOMX
03-29 02:52:26.319 2134-2174/? I/OMXClient: MuxOMX ctor
03-29 02:52:26.325 911-911/? I/OMXMaster: makeComponentInstance(OMX.google.vorbis.decoder) in mediacodec process
03-29 02:52:26.656 2134-2134/? I/vol.Events: writeEvent collection_started
03-29 02:52:26.726 2134-2175/? I/vol.Events: writeEvent external_ringer_mode_changed normal
03-29 02:52:26.727 2134-2175/? I/vol.Events: writeEvent internal_ringer_mode_changed normal
03-29 02:52:26.904 1292-1617/? D/SntpClient: request time failed: java.net.SocketTimeoutException: Receive timed out
03-29 02:52:26.943 1292-1617/? I/NetworkPolicy: No policy for subscriber 310260...; generating default policy
03-29 02:52:27.483 914-1808/? I/MediaPlayerService: MediaPlayerService::getOMX
03-29 02:52:27.486 2134-2183/? I/OMXClient: MuxOMX ctor
03-29 02:52:27.496 911-1715/? I/OMXMaster: makeComponentInstance(OMX.google.vorbis.decoder) in mediacodec process
03-29 02:52:27.803 1980-1992/? W/art: Suspending all threads took: 979.990ms
03-29 02:52:28.073 1292-1334/? W/WallpaperManagerService: Wallpaper reconnect timed out, reverting to built-in wallpaper!
03-29 02:52:28.828 1664-1766/? I/BinaryDictionaryFileDumper: reinitializeClientRecordInDictionaryContentProvider() : Insert DictionaryInfo : Id = 'main:de' : Locale=de : Version=54
03-29 02:52:29.018 2134-2175/? I/vol.Events: writeEvent level_changed STREAM_ALARM 6
03-29 02:52:29.038 2134-2175/? I/vol.Events: writeEvent level_changed STREAM_BLUETOOTH_SCO 7
03-29 02:52:29.066 2134-2175/? I/vol.Events: writeEvent level_changed STREAM_MUSIC 11
03-29 02:52:29.104 2134-2175/? I/vol.Events: writeEvent level_changed STREAM_RING 5
03-29 02:52:29.128 2134-2175/? I/vol.Events: writeEvent level_changed STREAM_SYSTEM 5
03-29 02:52:29.183 2134-2175/? I/vol.Events: writeEvent level_changed STREAM_VOICE_CALL 4
03-29 02:52:29.336 901-935/? E/SurfaceFlinger: ro.sf.lcd_density must be defined as a build property
                                               
                                               [ 03-29 02:52:29.403  2134: 2134 D/         ]
                                               HostConnection::get() New Host Connection established 0x760be9e7e0, tid 2134
03-29 02:52:29.673 1292-1292/? W/art: Long monitor contention with owner AsyncTask #2 (1918) at boolean android.os.MessageQueue.enqueueMessage(android.os.Message, long)(MessageQueue.java:541) waiters=0 in android.os.Message android.os.MessageQueue.next() for 3.296s
03-29 02:52:29.675 1292-2130/? W/art: Long monitor contention with owner AsyncTask #2 (1918) at boolean android.os.MessageQueue.enqueueMessage(android.os.Message, long)(MessageQueue.java:541) waiters=1 in boolean android.os.MessageQueue.enqueueMessage(android.os.Message, long) for 2.338s
03-29 02:52:29.700 2134-2134/? D/StorageNotification: Notifying about private volume: VolumeInfo{private}:
                                                          type=PRIVATE diskId=null partGuid=null mountFlags=0 mountUserId=-1 
                                                          state=MOUNTED 
                                                          fsType=null fsUuid=null fsLabel=null 
                                                          path=/data internalPath=null 
03-29 02:52:29.706 2134-2134/? D/StorageNotification: Notifying about public volume: VolumeInfo{public:254,48}:
                                                          type=PUBLIC diskId=disk:254,48 partGuid=null mountFlags=VISIBLE 
                                                          mountUserId=0 state=MOUNTED 
                                                          fsType=vfat fsUuid=0A11-2F1D fsLabel=SDCARD 
                                                          path=/storage/0A11-2F1D internalPath=/mnt/media_rw/0A11-2F1D 
03-29 02:52:29.859 1292-1321/? V/KeyguardServiceDelegate: *** Keyguard connected (yay!)
03-29 02:52:30.019 2147-2160/? W/art: Suspending all threads took: 142.218ms
03-29 02:52:30.067 1292-1292/? D/LockSettings: Removing dead StrongAuthTracker.
03-29 02:52:30.122 2134-2134/? I/Choreographer: Skipped 41 frames!  The application may be doing too much work on its main thread.
03-29 02:52:30.253 1292-2126/? I/StatusBarManagerService: registerStatusBar bar=com.android.internal.statusbar.IStatusBar$Stub$Proxy@20ed0cf
03-29 02:52:30.304 1292-1322/? W/libprocessgroup: failed to open /acct/uid_10027/pid_1678/cgroup.procs: No such file or directory
03-29 02:52:30.304 1292-1322/? W/libprocessgroup: failed to open /acct/uid_10027/pid_1678/cgroup.procs: No such file or directory
03-29 02:52:30.304 1292-1322/? W/libprocessgroup: failed to open /acct/uid_10027/pid_1678/cgroup.procs: No such file or directory
03-29 02:52:30.305 1292-1322/? W/libprocessgroup: failed to open /acct/uid_10027/pid_1678/cgroup.procs: No such file or directory
03-29 02:52:30.305 1292-1322/? W/libprocessgroup: failed to open /acct/uid_10027/pid_1678/cgroup.procs: No such file or directory
03-29 02:52:30.305 1292-1322/? W/libprocessgroup: failed to open /acct/uid_10027/pid_1678/cgroup.procs: No such file or directory
03-29 02:52:30.306 1292-1322/? W/libprocessgroup: failed to open /acct/uid_10027/pid_1678/cgroup.procs: No such file or directory
03-29 02:52:30.306 1292-1322/? W/libprocessgroup: failed to open /acct/uid_10027/pid_1678/cgroup.procs: No such file or directory
03-29 02:52:30.306 1292-1322/? W/libprocessgroup: failed to open /acct/uid_10027/pid_1678/cgroup.procs: No such file or directory
03-29 02:52:30.306 1292-1322/? W/libprocessgroup: failed to open /acct/uid_10027/pid_1678/cgroup.procs: No such file or directory
03-29 02:52:30.307 1292-1322/? W/libprocessgroup: failed to open /acct/uid_10027/pid_1678/cgroup.procs: No such file or directory
03-29 02:52:30.307 1292-1322/? W/libprocessgroup: failed to open /acct/uid_10027/pid_1678/cgroup.procs: No such file or directory
03-29 02:52:30.307 1292-1322/? W/libprocessgroup: failed to open /acct/uid_10027/pid_1678/cgroup.procs: No such file or directory
03-29 02:52:30.308 1292-1322/? W/libprocessgroup: failed to open /acct/uid_10027/pid_1678/cgroup.procs: No such file or directory
03-29 02:52:30.308 1292-1322/? W/libprocessgroup: failed to open /acct/uid_10027/pid_1678/cgroup.procs: No such file or directory
03-29 02:52:30.308 1292-1322/? W/libprocessgroup: failed to open /acct/uid_10027/pid_1678/cgroup.procs: No such file or directory
03-29 02:52:30.309 1292-1322/? W/libprocessgroup: failed to open /acct/uid_10027/pid_1678/cgroup.procs: No such file or directory
03-29 02:52:30.309 1292-1322/? W/libprocessgroup: failed to open /acct/uid_10027/pid_1678/cgroup.procs: No such file or directory
03-29 02:52:30.309 1292-1322/? W/libprocessgroup: failed to open /acct/uid_10027/pid_1678/cgroup.procs: No such file or directory
03-29 02:52:31.241 2134-2146/? I/art: Background partial concurrent mark sweep GC freed 6732(957KB) AllocSpace objects, 0(0B) LOS objects, 39% free, 2MB/4MB, paused 1.342ms total 144.204ms
03-29 02:52:31.581 1292-1319/? I/UsageStatsDatabase: Time changed by +17619d2h48m2s716ms. files deleted: 0 files moved: 4
03-29 02:52:32.174 1292-1617/? D/SntpClient: request time failed: java.net.SocketTimeoutException: Receive timed out
03-29 02:52:33.134 2134-2134/? W/System: ClassLoader referenced unknown path: 
03-29 02:52:33.135 2134-2134/? W/System: ClassLoader referenced unknown path: /system/priv-app/GoogleDialer/lib/arm64
03-29 02:52:33.141 2134-2134/? D/ApplicationLoaders: ignored Vulkan layer search path /system/priv-app/GoogleDialer/lib/arm64:/system/lib64:/vendor/lib64 for namespace 0x76261000f0
03-29 02:52:33.314 1664-1766/? I/BinaryDictionaryFileDumper: reinitializeClientRecordInDictionaryContentProvider() : Insert DictionaryInfo : Id = 'main:en' : Locale=en : Version=54
03-29 02:52:33.549 1292-1628/? D/ConnectivityService: NetworkAgentInfo [MOBILE (LTE) - 100] validation failed
03-29 02:52:33.653 2134-2146/? I/art: Background sticky concurrent mark sweep GC freed 2893(937KB) AllocSpace objects, 0(0B) LOS objects, 19% free, 3MB/4MB, paused 1.195ms total 265.898ms
03-29 02:52:33.729 2134-2134/? E/BluetoothAdapter: Bluetooth binder is null
03-29 02:52:33.862 2134-2134/? I/CameraManagerGlobal: Connecting to camera service
03-29 02:52:33.890 906-906/? V/EmulatedCamera_Camera: getCameraInfo
03-29 02:52:33.891 906-906/? V/EmulatedCamera_BaseCamera: getCameraInfo
03-29 02:52:33.892 906-906/? I/CameraService: getCameraCharacteristics: Switching to HAL1 shim implementation...
03-29 02:52:33.892 906-906/? V/EmulatedCamera_Camera: getCameraInfo
03-29 02:52:33.892 906-906/? V/EmulatedCamera_BaseCamera: getCameraInfo
03-29 02:52:33.910 906-1827/? V/EmulatedCamera_Camera: getCameraInfo
03-29 02:52:33.910 906-1827/? V/EmulatedCamera_BaseCamera: getCameraInfo
03-29 02:52:33.910 906-1827/? I/CameraService: getCameraCharacteristics: Switching to HAL1 shim implementation...
03-29 02:52:33.910 906-1827/? V/EmulatedCamera_Camera: getCameraInfo
03-29 02:52:33.910 906-1827/? V/EmulatedCamera_BaseCamera: getCameraInfo
03-29 02:52:33.912 906-1012/? V/EmulatedCamera_Camera: getCameraInfo
03-29 02:52:33.913 906-1012/? V/EmulatedCamera_BaseCamera: getCameraInfo
03-29 02:52:33.917 906-1827/? V/EmulatedCamera_Camera: getCameraInfo
03-29 02:52:33.917 906-1827/? V/EmulatedCamera_BaseCamera: getCameraInfo
03-29 02:52:34.077 906-1012/? V/EmulatedCamera_Camera: getCameraInfo
03-29 02:52:34.077 906-1012/? V/EmulatedCamera_BaseCamera: getCameraInfo
03-29 02:52:34.080 906-1806/? V/EmulatedCamera_Camera: getCameraInfo
03-29 02:52:34.080 906-1806/? V/EmulatedCamera_BaseCamera: getCameraInfo
03-29 02:52:34.169 2134-2134/? I/StatusBar: isKeyguardShowing() called before startKeyguard(), returning true
03-29 02:52:34.184 2134-2134/? W/StatusBar: isKeyguardSecure() called before startKeyguard(), returning false
                                            java.lang.Throwable
                                                at com.android.systemui.statusbar.BaseStatusBar.isKeyguardSecure(BaseStatusBar.java:2647)
                                                at com.android.systemui.statusbar.BaseStatusBar.isCameraAllowedByAdmin(BaseStatusBar.java:2670)
                                                at com.android.systemui.statusbar.phone.KeyguardBottomAreaView.updateCameraVisibility(KeyguardBottomAreaView.java:309)
                                                at com.android.systemui.statusbar.phone.KeyguardBottomAreaView.setPhoneStatusBar(KeyguardBottomAreaView.java:272)
                                                at com.android.systemui.statusbar.phone.PhoneStatusBar.makeStatusBarView(PhoneStatusBar.java:904)
                                                at com.android.systemui.statusbar.phone.PhoneStatusBar.addStatusBarWindow(PhoneStatusBar.java:3432)
                                                at com.android.systemui.statusbar.phone.PhoneStatusBar.createAndAddWindows(PhoneStatusBar.java:3428)
                                                at com.android.systemui.statusbar.BaseStatusBar.start(BaseStatusBar.java:765)
                                                at com.android.systemui.statusbar.phone.PhoneStatusBar.start(PhoneStatusBar.java:686)
                                                at com.android.systemui.statusbar.SystemBars.createStatusBarFromConfig(SystemBars.java:106)
                                                at com.android.systemui.statusbar.SystemBars.onNoService(SystemBars.java:58)
                                                at com.android.systemui.statusbar.ServiceMonitor.startService(ServiceMonitor.java:230)
                                                at com.android.systemui.statusbar.ServiceMonitor.-wrap5(ServiceMonitor.java)
                                                at com.android.systemui.statusbar.ServiceMonitor$1.handleMessage(ServiceMonitor.java:73)
                                                at android.os.Handler.dispatchMessage(Handler.java:102)
                                                at android.os.Looper.loop(Looper.java:154)
                                                at android.app.ActivityThread.main(ActivityThread.java:6119)
                                                at java.lang.reflect.Method.invoke(Native Method)
                                                at com.android.internal.os.ZygoteInit$MethodAndArgsCaller.run(ZygoteInit.java:886)
                                                at com.android.internal.os.ZygoteInit.main(ZygoteInit.java:776)
03-29 02:52:34.194 2134-2134/? I/StatusBar: isKeyguardShowing() called before startKeyguard(), returning true
03-29 02:52:34.197 2134-2134/? W/StatusBar: isKeyguardSecure() called before startKeyguard(), returning false
                                            java.lang.Throwable
                                                at com.android.systemui.statusbar.BaseStatusBar.isKeyguardSecure(BaseStatusBar.java:2647)
                                                at com.android.systemui.statusbar.BaseStatusBar.isCameraAllowedByAdmin(BaseStatusBar.java:2670)
                                                at com.android.systemui.statusbar.phone.KeyguardBottomAreaView.updateCameraVisibility(KeyguardBottomAreaView.java:309)
                                                at com.android.systemui.statusbar.phone.KeyguardBottomAreaView.setUserSetupComplete(KeyguardBottomAreaView.java:281)
                                                at com.android.systemui.statusbar.phone.PhoneStatusBar.makeStatusBarView(PhoneStatusBar.java:905)
                                                at com.android.systemui.statusbar.phone.PhoneStatusBar.addStatusBarWindow(PhoneStatusBar.java:3432)
                                                at com.android.systemui.statusbar.phone.PhoneStatusBar.createAndAddWindows(PhoneStatusBar.java:3428)
                                                at com.android.systemui.statusbar.BaseStatusBar.start(BaseStatusBar.java:765)
                                                at com.android.systemui.statusbar.phone.PhoneStatusBar.start(PhoneStatusBar.java:686)
                                                at com.android.systemui.statusbar.SystemBars.createStatusBarFromConfig(SystemBars.java:106)
                                                at com.android.systemui.statusbar.SystemBars.onNoService(SystemBars.java:58)
                                                at com.android.systemui.statusbar.ServiceMonitor.startService(ServiceMonitor.java:230)
                                                at com.android.systemui.statusbar.ServiceMonitor.-wrap5(ServiceMonitor.java)
                                                at com.android.systemui.statusbar.ServiceMonitor$1.handleMessage(ServiceMonitor.java:73)
                                                at android.os.Handler.dispatchMessage(Handler.java:102)
                                                at android.os.Looper.loop(Looper.java:154)
                                                at android.app.ActivityThread.main(ActivityThread.java:6119)
                                                at java.lang.reflect.Method.invoke(Native Method)
                                                at com.android.internal.os.ZygoteInit$MethodAndArgsCaller.run(ZygoteInit.java:886)
                                                at com.android.internal.os.ZygoteInit.main(ZygoteInit.java:776)
03-29 02:52:34.595 906-1827/? V/EmulatedCamera_Camera: getCameraInfo
03-29 02:52:34.596 906-1827/? V/EmulatedCamera_BaseCamera: getCameraInfo
03-29 02:52:34.613 906-906/? V/EmulatedCamera_Camera: getCameraInfo
03-29 02:52:34.614 906-906/? V/EmulatedCamera_BaseCamera: getCameraInfo
03-29 02:52:34.738 906-1806/? V/EmulatedCamera_Camera: getCameraInfo
03-29 02:52:34.738 906-1806/? V/EmulatedCamera_BaseCamera: getCameraInfo
03-29 02:52:34.754 906-1012/? V/EmulatedCamera_Camera: getCameraInfo
03-29 02:52:34.755 906-1012/? V/EmulatedCamera_BaseCamera: getCameraInfo
03-29 02:52:35.480 2134-2190/? D/OpenGLRenderer: profile bars disabled
03-29 02:52:35.482 2134-2190/? D/OpenGLRenderer: ambientRatio = 1.50
03-29 02:52:35.554 2134-2134/? D/PhoneStatusBar: disable: < EXPAND* icons alerts system_info BACK* HOME* RECENT* clock SEARCH* quick_settings >
03-29 02:52:36.389 2134-2146/? I/art: Background partial concurrent mark sweep GC freed 7042(702KB) AllocSpace objects, 0(0B) LOS objects, 39% free, 3MB/6MB, paused 530.421ms total 855.062ms
03-29 02:52:36.873 2134-2134/? D/PhoneStatusBar: heads up is enabled
03-29 02:52:37.354 1664-1766/? I/BinaryDictionaryFileDumper: reinitializeClientRecordInDictionaryContentProvider() : Insert DictionaryInfo : Id = 'main:es' : Locale=es : Version=54
03-29 02:52:37.517 1292-1617/? E/NetdConnector: NDC Command {34 bandwidth setiquota radio0 9223372036854775807} took too long (5185ms)
03-29 02:52:38.526 1292-1292/? W/art: Long monitor contention with owner AsyncTask #2 (1918) at boolean android.os.MessageQueue.enqueueMessage(android.os.Message, long)(MessageQueue.java:541) waiters=0 in android.os.Message android.os.MessageQueue.next() for 3.291s
03-29 02:52:38.527 1292-2130/? W/art: Long monitor contention with owner AsyncTask #2 (1918) at boolean android.os.MessageQueue.enqueueMessage(android.os.Message, long)(MessageQueue.java:541) waiters=1 in boolean android.os.MessageQueue.enqueueMessage(android.os.Message, long) for 2.693s
03-29 02:52:38.529 1292-2132/? W/art: Long monitor contention with owner AsyncTask #2 (1918) at boolean android.os.MessageQueue.enqueueMessage(android.os.Message, long)(MessageQueue.java:541) waiters=2 in boolean android.os.MessageQueue.enqueueMessage(android.os.Message, long) for 1.465s
03-29 02:52:39.044 2134-2134/? W/KeyguardUpdateMonitor: invalid subId in handleServiceStateChange()
03-29 02:52:39.251 1292-2133/? V/KeyguardServiceDelegate: **** SHOWN CALLED ****
03-29 02:52:39.355 2134-2134/? I/Choreographer: Skipped 365 frames!  The application may be doing too much work on its main thread.
03-29 02:52:39.613 2134-2134/? D/ViewRootImpl[StatusBar]: changeCanvasOpacity: opaque=true
03-29 02:52:39.675 1292-1617/? E/NetdConnector: NDC Command {36 bandwidth removeiquota radio0} took too long (2130ms)
03-29 02:52:40.811 1664-1766/? I/BinaryDictionaryFileDumper: reinitializeClientRecordInDictionaryContentProvider() : Insert DictionaryInfo : Id = 'main:fr' : Locale=fr : Version=54
                                                             
                                                             [ 03-29 02:52:41.349  2134: 2190 D/         ]
                                                             HostConnection::get() New Host Connection established 0x760be9e900, tid 2190
03-29 02:52:41.359 2134-2190/? I/OpenGLRenderer: Initialized EGL, version 1.4
03-29 02:52:41.361 2134-2190/? D/OpenGLRenderer: Swap behavior 1
03-29 02:52:41.361 2134-2190/? W/OpenGLRenderer: Failed to choose config with EGL_SWAP_BEHAVIOR_PRESERVED, retrying without...
03-29 02:52:41.361 2134-2190/? D/OpenGLRenderer: Swap behavior 0
03-29 02:52:41.372 2134-2190/? D/EGL_emulation: eglCreateContext: 0x760beed460: maj 3 min 1 rcv 4
03-29 02:52:41.388 2134-2190/? D/EGL_emulation: eglMakeCurrent: 0x760beed460: ver 3 1 (tinfo 0x760be9d0a0)
03-29 02:52:41.418 2134-2190/? E/eglCodecCommon: glUtilsParamSize: unknow param 0x000082da
03-29 02:52:41.418 2134-2190/? E/eglCodecCommon: glUtilsParamSize: unknow param 0x000082da
03-29 02:52:41.931 1292-1619/? D/WifiService: New client listening to asynchronous messages
03-29 02:52:42.132 2134-2134/? I/Choreographer: Skipped 166 frames!  The application may be doing too much work on its main thread.
03-29 02:52:42.295 2134-2190/? D/EGL_emulation: eglMakeCurrent: 0x760beed460: ver 3 1 (tinfo 0x760be9d0a0)
03-29 02:52:42.524 2134-2190/? D/EGL_emulation: eglMakeCurrent: 0x760beed460: ver 3 1 (tinfo 0x760be9d0a0)
03-29 02:52:42.622 2134-2134/? D/PhoneStatusBar: disable: < expand* icons alerts system_info back* home* recent* clock search* quick_settings >
03-29 02:52:44.415 2134-2134/? I/Choreographer: Skipped 134 frames!  The application may be doing too much work on its main thread.
03-29 02:52:44.604 2134-2190/? D/EGL_emulation: eglMakeCurrent: 0x760beed460: ver 3 1 (tinfo 0x760be9d0a0)
03-29 02:52:44.940 1664-1766/? I/BinaryDictionaryFileDumper: reinitializeClientRecordInDictionaryContentProvider() : Insert DictionaryInfo : Id = 'main:it' : Locale=it : Version=54
03-29 02:52:45.137 1292-1617/? E/NetdConnector: NDC Command {37 bandwidth setiquota radio0 9223372036854775807} took too long (5459ms)
03-29 02:52:45.203 1664-1766/? I/BinaryDictionaryFileDumper: reinitializeClientRecordInDictionaryContentProvider() : Insert DictionaryInfo : Id = 'main:ru' : Locale=ru : Version=54
03-29 02:52:45.264 1664-1766/? I/BinaryDictionaryFileDumper: reinitializeClientRecordInDictionaryContentProvider() : Insert DictionaryInfo : Id = 'main:en_us' : Locale=en_US : Version=-1
03-29 02:52:45.483 2134-2146/? I/art: Background sticky concurrent mark sweep GC freed 11668(856KB) AllocSpace objects, 0(0B) LOS objects, 0% free, 32MB/32MB, paused 1.477ms total 193.147ms
03-29 02:52:45.864 1664-1766/? W/BinaryDictionaryFileDumper: Missing metadata.json resource
03-29 02:52:45.969 2147-2147/? W/System: ClassLoader referenced unknown path: /system/app/PrebuiltDeskClockGoogle/lib/arm64
03-29 02:52:46.042 1292-1305/? W/art: Suspending all threads took: 183.934ms
03-29 02:52:46.078 1292-1305/? I/art: Background partial concurrent mark sweep GC freed 19969(1595KB) AllocSpace objects, 19(496KB) LOS objects, 33% free, 8MB/12MB, paused 188.654ms total 6.447s
03-29 02:52:46.237 1664-1766/? I/LatinIME:LogUtils: Dictionary info: dictionary = main:en ; version = 54 ; date = 1414726273
03-29 02:52:46.432 1664-1766/? I/LatinIME:LogUtils: Dictionary info: dictionary = main:en ; version = 54 ; date = 1414726273
03-29 02:52:46.918 1664-1766/? I/LatinIME:LogUtils: Dictionary info: dictionary = main:en ; version = 54 ; date = 1414726273
03-29 02:52:47.138 1664-1766/? I/LatinIME:LogUtils: Dictionary info: dictionary = main:en ; version = 54 ; date = 1414726273
03-29 02:52:47.431 2134-2217/? W/art: Long monitor contention with owner QSTileHost (2218) at boolean android.os.MessageQueue.enqueueMessage(android.os.Message, long)(MessageQueue.java:541) waiters=1 in boolean android.os.MessageQueue.enqueueMessage(android.os.Message, long) for 397ms
03-29 02:52:47.478 1664-1766/? I/LatinIME:LogUtils: Dictionary info: dictionary = main:en ; version = 54 ; date = 1414726273
03-29 02:52:47.687 1292-1628/? D/ConnectivityService: NetworkAgentInfo [MOBILE (LTE) - 100] validation failed
03-29 02:52:47.700 1664-1766/? I/LatinIME:LogUtils: Dictionary info: dictionary = main:en ; version = 54 ; date = 1414726273
03-29 02:52:47.717 2147-2147/? I/GAv4: Google Analytics 9.2.56 is starting up. To enable debug logging on a device run:
                                         adb shell setprop log.tag.GAv4 DEBUG
                                         adb logcat -s GAv4
03-29 02:52:47.725 2134-2134/? E/SignalClusterView: Unexpected subscription 1
03-29 02:52:47.725 2134-2134/? E/SignalClusterView: Unexpected subscription 1
03-29 02:52:47.837 2134-2217/? E/ActivityThread: Failed to find provider info for com.android.contacts
03-29 02:52:48.301 1664-1766/? I/LatinIME:LogUtils: Dictionary info: dictionary = main:en ; version = 54 ; date = 1414726273
03-29 02:52:48.400 2147-2308/? W/GAv4: AnalyticsReceiver is not registered or is disabled. Register the receiver for reliable dispatching on non-Google Play devices. See http://goo.gl/8Rd3yj for instructions.
03-29 02:52:48.469 1664-1766/? I/LatinIME:LogUtils: Dictionary info: dictionary = main:en ; version = 54 ; date = 1414726273
03-29 02:52:48.553 1292-1633/? D/NotificationSQLiteLog: Pruned event entries: 1
03-29 02:52:48.610 2147-2147/? I/AlarmClock: AlarmInitReceiver android.intent.action.TIMEZONE_CHANGED
03-29 02:52:48.840 2147-2160/? W/art: Suspending all threads took: 9.357ms
03-29 02:52:48.921 2147-2308/? W/GAv4: CampaignTrackingReceiver is not registered, not exported or is disabled. Installation campaign tracking is not possible. See http://goo.gl/8Rd3yj for instructions.
03-29 02:52:49.019 1292-1319/? I/UsageStatsService: User[0] Rollover scheduled @ 2018-03-30 02:50:33(1522378233741)
03-29 02:52:49.629 2134-2134/? W/art: Long monitor contention with owner QSTileHost (2218) at boolean android.os.MessageQueue.enqueueMessage(android.os.Message, long)(MessageQueue.java:541) waiters=0 in android.os.Message android.os.MessageQueue.next() for 529ms
03-29 02:52:49.647 1292-1336/? W/art: Long monitor contention with owner android.bg (1319) at void java.io.FileDescriptor.sync()(FileDescriptor.java:-2) waiters=0 in void com.android.server.usage.UsageStatsService.setChargingState(boolean) for 37.732s
03-29 02:52:50.034 1292-1336/? W/ActivityManager: Slow operation: 168ms so far, now at startProcess: returned from zygote!
03-29 02:52:50.035 1292-1336/? W/ActivityManager: Slow operation: 169ms so far, now at startProcess: done updating battery stats
03-29 02:52:50.044 1292-1336/? W/ActivityManager: Slow operation: 178ms so far, now at startProcess: building log message
03-29 02:52:50.044 1292-1336/? I/ActivityManager: Start proc 2319:com.google.android.ext.services/u0a15 for on-hold
03-29 02:52:50.044 1292-1336/? W/ActivityManager: Slow operation: 179ms so far, now at startProcess: starting to update pids map
03-29 02:52:50.045 1292-1336/? W/ActivityManager: Slow operation: 179ms so far, now at startProcess: done updating pids map
03-29 02:52:50.090 1292-1336/? D/ActivityManager: Finishing user boot 0
03-29 02:52:50.107 1292-1336/? D/CryptdConnector: SND -> {3 cryptfs prepare_user_storage ! 0 0 2}
03-29 02:52:50.117 866-892/? D/vold: e4crypt_prepare_user_storage for volume null, user 0, serial 0, flags 2
03-29 02:52:50.118 866-892/? D/vold: Preparing: /data/system_ce/0
03-29 02:52:50.133 866-892/? D/vold: Preparing: /data/misc_ce/0
03-29 02:52:50.134 866-892/? D/vold: Preparing: /data/media/0
03-29 02:52:50.136 866-892/? D/vold: Preparing: /data/data
03-29 02:52:50.138 1292-1531/? D/CryptdConnector: RCV <- {200 3 Command succeeded}
03-29 02:52:50.144 1292-1336/? V/UserManagerService: Found /data/user/0 with serial number 0
03-29 02:52:50.146 1292-1336/? V/UserManagerService: Found /data/system_ce/0 with serial number -1
03-29 02:52:50.146 1292-1336/? D/UserManagerService: Serial number missing on /data/system_ce/0; assuming current is valid
03-29 02:52:50.153 1292-1336/? V/PackageManager: reconcileAppsData for null u0 0x2
03-29 02:52:52.704 1292-1336/? V/PackageManager: reconcileAppsData finished 100 packages
03-29 02:52:52.705 1292-1320/? W/art: Long monitor contention with owner android.display (1336) at void com.android.server.am.ActivityManagerService.finishBooting()(ActivityManagerService.java:6823) waiters=0 in void com.android.server.am.BroadcastQueue.processNextBroadcast(boolean) for 2.605s
03-29 02:52:52.708 1292-2131/? W/art: Long monitor contention with owner android.display (1336) at void com.android.server.am.ActivityManagerService.finishBooting()(ActivityManagerService.java:6823) waiters=1 in void com.android.server.am.ActivityManagerService.attachApplication(android.app.IApplicationThread) for 2.105s
03-29 02:52:52.743 1292-1320/? D/MountService: onUnlockUser 0
03-29 02:52:52.743 1292-1320/? D/VoldConnector: SND -> {30 volume user_started 0}
03-29 02:52:52.761 866-891/? D/vold: Linking /storage/emulated/0 to /mnt/user/0/primary
03-29 02:52:52.762 1292-1530/? D/VoldConnector: RCV <- {200 30 Command succeeded}
03-29 02:52:52.774 1292-1529/? D/MountService: Volume public:254,48 broadcasting mounted to UserHandle{0}
03-29 02:52:52.919 1292-1529/? D/MountService: Volume emulated broadcasting mounted to UserHandle{0}
                                               
                                               [ 03-29 02:52:53.232  1292: 1336 D/         ]
                                               HostConnection::get() New Host Connection established 0x760d3708a0, tid 1336
03-29 02:52:53.410 1292-1292/? I/InputMethodManagerService: All the enabled IMEs are gone. Reset default enabled IMEs.
03-29 02:52:53.484 1292-1320/? V/BackupManagerService: No ancestral data
03-29 02:52:53.803 1292-1320/? V/BackupManagerService: Starting with transport android/com.android.internal.backup.LocalTransport
03-29 02:52:53.814 1292-1320/? V/BackupManagerService: Found transports: 2
03-29 02:52:53.834 2319-2319/? W/System: ClassLoader referenced unknown path: /system/priv-app/GoogleExtServices/lib/arm64
03-29 02:52:54.042 1292-1320/? W/ActivityManager: Slow operation: 159ms so far, now at startProcess: returned from zygote!
03-29 02:52:54.042 1292-1320/? W/ActivityManager: Slow operation: 159ms so far, now at startProcess: done updating battery stats
03-29 02:52:54.043 1292-1320/? W/ActivityManager: Slow operation: 160ms so far, now at startProcess: building log message
03-29 02:52:54.043 1292-1320/? I/ActivityManager: Start proc 2353:com.google.android.gms.persistent/u0a13 for service com.google.android.gms/.backup.BackupTransportService
03-29 02:52:54.043 1292-1320/? W/ActivityManager: Slow operation: 160ms so far, now at startProcess: starting to update pids map
03-29 02:52:54.044 1292-1320/? W/ActivityManager: Slow operation: 160ms so far, now at startProcess: done updating pids map
03-29 02:52:54.044 1292-1320/? W/ActivityManager: Slow operation: 196ms so far, now at startProcess: done starting proc!
03-29 02:52:54.056 1292-1320/? I/BackupManagerService: Backup enable apparently not migrated
03-29 02:52:54.056 1292-1320/? I/BackupManagerService: Migrating enable state false
03-29 02:52:54.069 1292-1320/? I/BackupManagerService: Backup enabled => false
03-29 02:52:54.979 1292-1320/? W/AppWidgetServiceImpl: Failed to read state: java.io.FileNotFoundException: /data/system/users/0/appwidgets.xml (No such file or directory)
03-29 02:52:54.979 1292-1320/? V/AppWidgetServiceImpl: Upgrading widget database from 0 to 1
03-29 02:52:55.113 1292-2132/? W/art: Long monitor contention with owner main (1292) at java.lang.String android.content.res.TypedArray.getString(int)(TypedArray.java:-1) waiters=0 in com.android.internal.view.InputBindResult com.android.server.InputMethodManagerService.windowGainedFocus(int, com.android.internal.view.IInputMethodClient, android.os.IBinder, int, int, int, android.view.inputmethod.EditorInfo, com.android.internal.view.IInputContext, int) for 1.999s
03-29 02:52:55.216 1292-1320/? W/ActivityManager: Slow operation: 149ms so far, now at startProcess: returned from zygote!
03-29 02:52:55.216 1292-1320/? W/ActivityManager: Slow operation: 150ms so far, now at startProcess: done updating battery stats
03-29 02:52:55.217 1292-1320/? W/ActivityManager: Slow operation: 150ms so far, now at startProcess: building log message
03-29 02:52:55.217 1292-1320/? I/ActivityManager: Start proc 2369:com.google.android.googlequicksearchbox:interactor/u0a28 for service com.google.android.googlequicksearchbox/com.google.android.voiceinteraction.GsaVoiceInteractionService
03-29 02:52:55.217 1292-1320/? W/ActivityManager: Slow operation: 151ms so far, now at startProcess: starting to update pids map
03-29 02:52:55.217 1292-1320/? W/ActivityManager: Slow operation: 151ms so far, now at startProcess: done updating pids map
03-29 02:52:55.217 1292-1320/? W/ActivityManager: Slow operation: 152ms so far, now at startProcess: done starting proc!
03-29 02:52:55.226 1292-1320/? I/ActivityManager: Loading recents for user 0 into memory.
03-29 02:52:55.326 1292-1321/? E/NetdConnector: NDC Command {39 bandwidth addniceapps 10013} took too long (1280ms)
03-29 02:52:55.328 1292-2128/? W/art: Long monitor contention with owner android.ui (1321) at void com.android.server.NetworkManagementService.setUidOnMeteredNetworkList(android.util.SparseBooleanArray, int, boolean, boolean)(NetworkManagementService.java:1811) waiters=0 in void com.android.server.NetworkManagementService.setUidCleartextNetworkPolicy(int, int) for 302ms
03-29 02:52:55.362 1292-1320/? I/PreBootBroadcaster: Pre-boot of {com.android.managedprovisioning/com.android.managedprovisioning.PreBootListener} for user 0
03-29 02:52:55.552 1877-1877/? D/FallbackHome: User unlocked and real home found; let's go!
03-29 02:52:55.625 1292-1292/? W/art: Long monitor contention with owner ActivityManager (1320) at void com.android.server.am.BroadcastQueue.processNextBroadcast(boolean)(BroadcastQueue.java:760) waiters=0 in void com.android.server.am.ActivityManagerService.serviceDoneExecuting(android.os.IBinder, int, int, int) for 144ms
03-29 02:52:55.727 1292-2133/? I/ActivityManager: START u0 {act=android.intent.action.MAIN cat=[android.intent.category.HOME] flg=0x10000100 cmp=com.google.android.setupwizard/.SetupWizardActivity} from uid 0 on display 0
03-29 02:52:55.735 1833-1833/? D/CarrierSvcBindHelper: Received android.intent.action.USER_UNLOCKED
03-29 02:52:55.934 1833-1833/? D/CarrierSvcBindHelper: No carrier app for: 0
03-29 02:52:55.952 2353-2353/? W/System: ClassLoader referenced unknown path: /system/priv-app/PrebuiltGmsCore/lib/arm64
03-29 02:52:56.135 1292-2133/? W/ActivityManager: Slow operation: 297ms so far, now at startProcess: returned from zygote!
03-29 02:52:56.135 1292-2133/? W/ActivityManager: Slow operation: 298ms so far, now at startProcess: done updating battery stats
03-29 02:52:56.136 1292-2133/? W/ActivityManager: Slow operation: 298ms so far, now at startProcess: building log message
03-29 02:52:56.136 1292-2133/? I/ActivityManager: Start proc 2403:com.google.android.setupwizard/u0a23 for activity com.google.android.setupwizard/.SetupWizardActivity
03-29 02:52:56.136 1292-2133/? W/ActivityManager: Slow operation: 299ms so far, now at startProcess: starting to update pids map
03-29 02:52:56.136 1292-2133/? W/ActivityManager: Slow operation: 299ms so far, now at startProcess: done updating pids map
03-29 02:52:56.136 1292-2133/? W/ActivityManager: Slow operation: 314ms so far, now at startProcess: done starting proc!
03-29 02:52:56.151 1292-1292/? W/art: Long monitor contention with owner Binder:1292_C (2133) at void com.android.server.am.ActivityManagerService.activityPaused(android.os.IBinder)(ActivityManagerService.java:6916) waiters=0 in java.lang.String com.android.server.am.ActivityManagerService.checkContentProviderAccess(java.lang.String, int) for 367ms
03-29 02:52:56.166 1292-2374/? W/ResourceType: No known package when getting value for resource number 0x7f0200fc
03-29 02:52:56.166 1292-2374/? W/ResourceType: No known package when getting value for resource number 0x7f0e03a5
03-29 02:52:56.170 1292-2374/? W/ResourceType: No known package when getting value for resource number 0x7f0200fb
03-29 02:52:56.170 1292-2374/? W/ResourceType: No known package when getting value for resource number 0x7f0e0927
03-29 02:52:56.171 1292-2374/? W/ResourceType: No known package when getting value for resource number 0x7f0200fa
03-29 02:52:56.171 1292-2374/? W/ResourceType: No known package when getting value for resource number 0x7f0e07e1
03-29 02:52:56.632 1292-2374/? W/ResourceType: No known package when getting value for resource number 0x7f020145
03-29 02:52:56.632 1292-2374/? W/ResourceType: No known package when getting value for resource number 0x7f110363
03-29 02:52:56.780 1292-2374/? W/ResourceType: No known package when getting value for resource number 0x7f020146
03-29 02:52:56.780 1292-2374/? W/ResourceType: No known package when getting value for resource number 0x7f110364
03-29 02:52:57.623 2134-2134/? W/art: Long monitor contention with owner QSTileHost (2218) at boolean android.os.MessageQueue.enqueueMessage(android.os.Message, long)(MessageQueue.java:541) waiters=0 in android.os.Message android.os.MessageQueue.next() for 5.737s
03-29 02:52:57.624 2134-2153/? W/art: Long monitor contention with owner QSTileHost (2218) at boolean android.os.MessageQueue.enqueueMessage(android.os.Message, long)(MessageQueue.java:541) waiters=1 in boolean android.os.MessageQueue.enqueueMessage(android.os.Message, long) for 4.847s
03-29 02:52:57.626 2134-2193/? W/art: Long monitor contention with owner QSTileHost (2218) at boolean android.os.MessageQueue.enqueueMessage(android.os.Message, long)(MessageQueue.java:541) waiters=3 in boolean android.os.MessageQueue.enqueueMessage(android.os.Message, long) for 4.219s
03-29 02:52:57.628 2134-2349/? W/art: Long monitor contention with owner QSTileHost (2218) at boolean android.os.MessageQueue.enqueueMessage(android.os.Message, long)(MessageQueue.java:541) waiters=4 in boolean android.os.MessageQueue.enqueueMessage(android.os.Message, long) for 4.176s
03-29 02:52:57.629 2134-2350/? W/art: Long monitor contention with owner QSTileHost (2218) at boolean android.os.MessageQueue.enqueueMessage(android.os.Message, long)(MessageQueue.java:541) waiters=5 in boolean android.os.MessageQueue.enqueueMessage(android.os.Message, long) for 4.121s
03-29 02:52:57.630 2134-2352/? W/art: Long monitor contention with owner QSTileHost (2218) at boolean android.os.MessageQueue.enqueueMessage(android.os.Message, long)(MessageQueue.java:541) waiters=7 in void android.os.MessageQueue.removeMessages(android.os.Handler, int, java.lang.Object) for 1.386s
03-29 02:52:57.632 2134-2351/? W/art: Long monitor contention with owner QSTileHost (2218) at boolean android.os.MessageQueue.enqueueMessage(android.os.Message, long)(MessageQueue.java:541) waiters=6 in boolean android.os.MessageQueue.enqueueMessage(android.os.Message, long) for 2.097s
03-29 02:52:57.633 2134-2152/? W/art: Long monitor contention with owner QSTileHost (2218) at boolean android.os.MessageQueue.enqueueMessage(android.os.Message, long)(MessageQueue.java:541) waiters=2 in boolean android.os.MessageQueue.enqueueMessage(android.os.Message, long) for 4.487s
03-29 02:52:58.161 1292-2128/? W/art: Long monitor contention with owner Thread-25 (2374) at java.util.List com.android.server.pm.PackageManagerService.queryIntentActivitiesInternal(android.content.Intent, java.lang.String, int, int)(PackageManagerService.java:5338) waiters=2 in android.content.pm.ParceledListSlice com.android.server.pm.PackageManagerService.queryContentProviders(java.lang.String, int, int) for 1.019s
03-29 02:52:58.167 1292-2132/? W/art: Long monitor contention with owner Thread-25 (2374) at java.util.List com.android.server.pm.PackageManagerService.queryIntentActivitiesInternal(android.content.Intent, java.lang.String, int, int)(PackageManagerService.java:5338) waiters=3 in int com.android.server.pm.PackageManagerService.checkUidPermission(java.lang.String, int) for 343ms
03-29 02:52:58.243 2134-2210/? W/art: Long monitor contention with owner QSTileHost (2218) at java.lang.CharSequence android.content.res.AssetManager.getResourceText(int)(AssetManager.java:159) waiters=0 in java.lang.CharSequence android.content.res.AssetManager.getResourceText(int) for 6.963s
03-29 02:52:58.346 1292-2133/? W/art: Long monitor contention with owner Thread-25 (2374) at java.util.List com.android.server.pm.PackageManagerService.queryIntentActivitiesInternal(android.content.Intent, java.lang.String, int, int)(PackageManagerService.java:5338) waiters=1 in int com.android.server.pm.PackageManagerService.checkUidPermission(java.lang.String, int) for 1.030s
03-29 02:52:58.362 1292-1336/? W/art: Long monitor contention with owner Binder:1292_8 (2128) at android.content.res.Configuration com.android.server.wm.WindowManagerService.updateOrientationFromAppTokens(android.content.res.Configuration, android.os.IBinder)(WindowManagerService.java:3789) waiters=0 in void com.android.server.wm.WindowAnimator$1.doFrame(long) for 155ms
03-29 02:52:58.366 1292-1309/? W/art: Long monitor contention with owner Thread-25 (2374) at java.util.List com.android.server.pm.PackageManagerService.queryIntentActivitiesInternal(android.content.Intent, java.lang.String, int, int)(PackageManagerService.java:5338) waiters=0 in java.lang.String[] com.android.server.pm.PackageManagerService.getPackagesForUid(int) for 1.153s
03-29 02:52:58.491 1292-2374/? W/ResourceType: No known package when getting value for resource number 0x7f0200f2
03-29 02:52:58.491 1292-2374/? W/ResourceType: No known package when getting value for resource number 0x7f0c028a
03-29 02:52:58.491 1292-2374/? W/ResourceType: No known package when getting value for resource number 0x7f0c0287
03-29 02:52:58.523 1292-2374/? W/ResourceType: No known package when getting value for resource number 0x7f0200f3
03-29 02:52:58.524 1292-2374/? W/ResourceType: No known package when getting value for resource number 0x7f0c028b
03-29 02:52:58.524 1292-2374/? W/ResourceType: No known package when getting value for resource number 0x7f0c0288
03-29 02:52:58.525 1292-2374/? W/ResourceType: No known package when getting value for resource number 0x7f0200f4
03-29 02:52:58.525 1292-2374/? W/ResourceType: No known package when getting value for resource number 0x7f0c028c
03-29 02:52:58.525 1292-2374/? W/ResourceType: No known package when getting value for resource number 0x7f0c0289
03-29 02:52:58.570 1292-2130/? W/art: Long monitor contention with owner Binder:1292_8 (2128) at void com.android.server.am.ActivityManagerService.attachApplication(android.app.IApplicationThread)(ActivityManagerService.java:6669) waiters=0 in java.util.List com.android.server.am.ActivityManagerService.getTasks(int, int) for 877ms
03-29 02:52:58.572 1292-1320/? W/art: Long monitor contention with owner Binder:1292_8 (2128) at void com.android.server.am.ActivityManagerService.attachApplication(android.app.IApplicationThread)(ActivityManagerService.java:6669) waiters=1 in void com.android.server.am.ActivityManagerService$MainHandler.handleMessage(android.os.Message) for 489ms
03-29 02:52:58.734 2403-2403/? W/System: ClassLoader referenced unknown path: /system/priv-app/SetupWizard/lib/arm64
03-29 02:52:59.146 1292-2374/? W/ResourceType: No known package when getting value for resource number 0x7f020203
03-29 02:52:59.146 1292-2374/? W/ResourceType: No known package when getting value for resource number 0x7f0a02ac
03-29 02:52:59.147 1292-2374/? W/ResourceType: No known package when getting value for resource number 0x7f020202
03-29 02:52:59.147 1292-2374/? W/ResourceType: No known package when getting value for resource number 0x7f0a02fd
03-29 02:52:59.147 1292-2374/? W/ResourceType: No known package when getting value for resource number 0x7f0a02ad
03-29 02:52:59.602 2403-2403/? I/SetupWizard.SetupWizardActivity: DEVICE_PROVISIONED=false USER_SETUP_COMPLETE=false
03-29 02:52:59.611 2403-2403/? I/SetupWizard.SetupWizardActivity: Early exit: provisioningMode=EMULATOR
03-29 02:52:59.710 2134-2134/? I/Choreographer: Skipped 122 frames!  The application may be doing too much work on its main thread.
03-29 02:52:59.872 1292-2374/? W/ResourceType: No known package when getting value for resource number 0x7f0202e2
03-29 02:52:59.872 1292-2374/? W/ResourceType: No known package when getting value for resource number 0x7f110369
03-29 02:52:59.887 1292-2374/? W/ResourceType: No known package when getting value for resource number 0x7f020375
03-29 02:52:59.887 1292-2374/? W/ResourceType: No known package when getting value for resource number 0x7f1108e7
03-29 02:53:00.000 1292-2374/? W/ResourceType: No known package when getting value for resource number 0x7f0201df
03-29 02:53:00.000 1292-2374/? W/ResourceType: No known package when getting value for resource number 0x7f1102e4
03-29 02:53:00.001 1292-2374/? W/ResourceType: No known package when getting value for resource number 0x7f1102e4
03-29 02:53:00.002 1292-2374/? W/ResourceType: No known package when getting value for resource number 0x7f0201dd
03-29 02:53:00.002 1292-2374/? W/ResourceType: No known package when getting value for resource number 0x7f1102e2
03-29 02:53:00.002 1292-2374/? W/ResourceType: No known package when getting value for resource number 0x7f1102e2
03-29 02:53:00.044 1292-1873/? W/ActivityManager: Slow operation: 347ms so far, now at startProcess: returned from zygote!
03-29 02:53:00.044 1292-1873/? W/ActivityManager: Slow operation: 347ms so far, now at startProcess: done updating battery stats
03-29 02:53:00.045 1292-1873/? W/ActivityManager: Slow operation: 347ms so far, now at startProcess: building log message
03-29 02:53:00.045 1292-1873/? I/ActivityManager: Start proc 2424:com.google.process.gapps/u0a13 for content provider com.google.android.gsf/.settings.GoogleSettingsProvider
03-29 02:53:00.045 1292-1873/? W/ActivityManager: Slow operation: 348ms so far, now at startProcess: starting to update pids map
03-29 02:53:00.045 1292-1873/? W/ActivityManager: Slow operation: 348ms so far, now at startProcess: done updating pids map
03-29 02:53:00.046 1292-1873/? W/ActivityManager: Slow operation: 349ms so far, now at startProcess: done starting proc!
03-29 02:53:00.046 1292-1873/? W/ActivityManager: Slow operation: 352ms so far, now at getContentProviderImpl: after start process
03-29 02:53:00.046 1292-1873/? W/ActivityManager: Slow operation: 353ms so far, now at getContentProviderImpl: updating data structures
03-29 02:53:00.047 1292-1873/? W/ActivityManager: Slow operation: 353ms so far, now at getContentProviderImpl: done!
03-29 02:53:00.077 1292-2374/? W/ResourceType: No known package when getting value for resource number 0x7f0201de
03-29 02:53:00.077 1292-2374/? W/ResourceType: No known package when getting value for resource number 0x7f1102e3
03-29 02:53:00.077 1292-2374/? W/ResourceType: No known package when getting value for resource number 0x7f1102e3
03-29 02:53:00.345 1292-2374/? W/ResourceType: No known package when getting value for resource number 0x7f0200f3
03-29 02:53:00.345 1292-2374/? W/ResourceType: No known package when getting value for resource number 0x7f100150
