01-01 00:03:31.224 906-906/? W/EmulatedCamera_Device: Initialize: Emulated camera device is already initialized: mState = 1
01-01 00:03:31.225 906-906/? D/EmulatedCamera_FakeCamera: Initialize: Fake camera is facing front
01-01 00:03:31.231 906-906/? V/EmulatedCamera_Device: initializeWhiteBalanceModes with auto, 1.000000, 1.000000
01-01 00:03:31.231 906-906/? V/EmulatedCamera_Device: initializeWhiteBalanceModes with incandescent, 1.380000, 0.600000
01-01 00:03:31.231 906-906/? V/EmulatedCamera_Device: initializeWhiteBalanceModes with daylight, 1.090000, 0.920000
01-01 00:03:31.232 906-906/? V/EmulatedCamera_Device: initializeWhiteBalanceModes with twilight, 0.920000, 1.220000
01-01 00:03:31.232 906-906/? V/EmulatedCamera_Device: setWhiteBalanceMode with white balance auto
01-01 00:03:31.244 906-906/? I/CameraService: disconnect: Disconnected client for camera 1 for PID 906
01-01 00:03:31.245 914-1808/? D/NuPlayerDriver: reset(0xf232b080) at state 4
01-01 00:03:31.245 914-1808/? D/NuPlayerDriver: notifyListener_l(0xf232b080), (8, 0, 0), loop setting(0, 0)
01-01 00:03:31.246 914-1818/? D/NuPlayerDriver: notifyResetComplete(0xf232b080)
01-01 00:03:31.262 914-1749/? D/NuPlayerDriver: reset(0xf232b200) at state 4
01-01 00:03:31.262 914-1749/? D/NuPlayerDriver: notifyListener_l(0xf232b200), (8, 0, 0), loop setting(0, 0)
01-01 00:03:31.263 914-1820/? D/NuPlayerDriver: notifyResetComplete(0xf232b200)
01-01 00:03:31.272 914-1808/? D/NuPlayerDriver: reset(0xf232b140) at state 4
01-01 00:03:31.272 914-1808/? D/NuPlayerDriver: notifyListener_l(0xf232b140), (8, 0, 0), loop setting(0, 0)
01-01 00:03:31.273 914-1823/? D/NuPlayerDriver: notifyResetComplete(0xf232b140)
01-01 00:03:31.283 906-1806/? V/EmulatedCamera_Camera: getCameraInfo
01-01 00:03:31.283 906-1806/? V/EmulatedCamera_BaseCamera: getCameraInfo
01-01 00:03:31.287 906-1806/? V/EmulatedCamera_Camera: getCameraInfo
01-01 00:03:31.287 906-1806/? V/EmulatedCamera_BaseCamera: getCameraInfo
                                                           
                                                           [ 01-01 00:03:31.358  1678: 1678 D/         ]
                                                           HostConnection::get() New Host Connection established 0x760becb5a0, tid 1678
01-01 00:03:31.464 911-1715/? E/OMXNodeInstance: getExtensionIndex(38f000f:google.mpeg4.decoder, OMX.google.android.index.configureVideoTunnelMode) ERROR: UnsupportedIndex(0x8000101a)
01-01 00:03:31.465 911-964/? W/OMXNodeInstance: [38f000f:google.mpeg4.decoder] component does not support metadata mode; using fallback
01-01 00:03:31.634 906-1012/? V/EmulatedCamera_Camera: getCameraInfo
01-01 00:03:31.634 906-1012/? V/EmulatedCamera_BaseCamera: getCameraInfo
01-01 00:03:31.638 906-906/? V/EmulatedCamera_Camera: getCameraInfo
01-01 00:03:31.638 906-906/? V/EmulatedCamera_BaseCamera: getCameraInfo
01-01 00:03:31.663 1292-1634/? W/art: Long monitor contention with owner NetworkStats (1616) at int com.android.server.am.ActivityManagerService.broadcastIntent(android.app.IApplicationThread, android.content.Intent, java.lang.String, android.content.IIntentReceiver, int, java.lang.String, android.os.Bundle, java.lang.String[], int, android.os.Bundle, boolean, boolean, int)(ActivityManagerService.java:18551) waiters=0 in android.content.IIntentSender com.android.server.am.ActivityManagerService.getIntentSender(int, java.lang.String, android.os.IBinder, java.lang.String, int, android.content.Intent[], java.lang.String[], int, android.os.Bundle, int) for 2.401s
01-01 00:03:31.817 914-914/? I/MediaPlayerService: MediaPlayerService::getOMX
01-01 00:03:31.820 914-914/? I/OMXClient: MuxOMX ctor
01-01 00:03:31.821 911-911/? I/OMXMaster: makeComponentInstance(OMX.google.h263.decoder) in mediacodec process
01-01 00:03:31.941 1292-1292/? I/GnssLocationProvider: WakeLock acquired by sendMessage(13, 0, null)
01-01 00:03:31.969 1678-1678/? D/StorageNotification: Notifying about private volume: VolumeInfo{private}:
                                                          type=PRIVATE diskId=null partGuid=null mountFlags=0 mountUserId=-1 
                                                          state=MOUNTED 
                                                          fsType=null fsUuid=null fsLabel=null 
                                                          path=/data internalPath=null 
01-01 00:03:31.989 1292-1292/? W/LocationProviderProxy-network: Odd, no component found for service com.android.location.service.v3.NetworkLocationProvider
01-01 00:03:32.003 1678-1678/? D/StorageNotification: Notifying about public volume: VolumeInfo{public:254,48}:
                                                          type=PUBLIC diskId=disk:254,48 partGuid=null mountFlags=VISIBLE 
                                                          mountUserId=0 state=MOUNTED 
                                                          fsType=vfat fsUuid=0A11-2F1D fsLabel=SDCARD 
                                                          path=/storage/0A11-2F1D internalPath=/mnt/media_rw/0A11-2F1D 
01-01 00:03:32.112 1292-1292/? W/GeocoderProxy: Odd, no component found for service com.android.location.service.GeocodeProvider
01-01 00:03:32.120 1292-1292/? E/FlpHardwareProvider: Error hw_get_module 'flp': -2
01-01 00:03:32.120 1292-1292/? D/LocationManagerService: FLP HAL not supported
01-01 00:03:32.184 1292-1292/? W/GeofenceProxy: Odd, no component found for service com.android.location.service.GeofenceProvider
01-01 00:03:32.207 1292-1292/? E/ActivityRecognitionHardware: Error hw_get_module: -2
01-01 00:03:32.208 1292-1292/? D/LocationManagerService: Hardware Activity-Recognition not supported.
01-01 00:03:32.238 1292-1292/? W/ActivityRecognitionProxy: Odd, no component found for service com.android.location.service.ActivityRecognitionProvider
01-01 00:03:32.264 1292-1292/? I/GnssLocationProvider: WakeLock acquired by sendMessage(2, 1, null)
01-01 00:03:32.402 1292-1292/? I/CommonTimeManagementService: No common time service detected on this platform.  Common time services will be unavailable.
01-01 00:03:32.467 1292-1524/? I/InputReader: Reconfiguring input devices.  changes=0x00000020
01-01 00:03:32.539 1292-1292/? I/MmsServiceBroker: Delay connecting to MmsService until an API is called
01-01 00:03:32.612 1292-1524/? I/InputReader: Reconfiguring input devices.  changes=0x00000010
01-01 00:03:32.844 1292-1292/? W/ActivityManager: Slow operation: 120ms so far, now at startProcess: returned from zygote!
01-01 00:03:32.844 1292-1292/? W/ActivityManager: Slow operation: 121ms so far, now at startProcess: done updating battery stats
01-01 00:03:32.845 1292-1292/? W/ActivityManager: Slow operation: 122ms so far, now at startProcess: building log message
01-01 00:03:32.845 1292-1292/? I/ActivityManager: Start proc 1833:com.android.phone/1001 for added application com.android.phone
01-01 00:03:32.845 1292-1292/? W/ActivityManager: Slow operation: 122ms so far, now at startProcess: starting to update pids map
01-01 00:03:32.846 1292-1292/? W/ActivityManager: Slow operation: 123ms so far, now at startProcess: done updating pids map
01-01 00:03:32.854 1292-1292/? I/ActivityManager: START u0 {act=android.intent.action.MAIN cat=[android.intent.category.HOME] flg=0x10000100 cmp=com.android.settings/.CryptKeeper} from uid 0 on display 0
01-01 00:03:32.918 1292-1292/? I/ActivityManager: Loaded persisted task ids for user 0
01-01 00:03:33.109 1292-1292/? W/ActivityManager: Slow operation: 97ms so far, now at startProcess: returned from zygote!
01-01 00:03:33.109 1292-1292/? W/ActivityManager: Slow operation: 97ms so far, now at startProcess: done updating battery stats
01-01 00:03:33.110 1292-1292/? W/ActivityManager: Slow operation: 98ms so far, now at startProcess: building log message
01-01 00:03:33.110 1292-1292/? I/ActivityManager: Start proc 1838:com.android.settings:CryptKeeper/1000 for activity com.android.settings/.CryptKeeper
01-01 00:03:33.110 1292-1292/? W/ActivityManager: Slow operation: 98ms so far, now at startProcess: starting to update pids map
01-01 00:03:33.111 1292-1292/? W/ActivityManager: Slow operation: 98ms so far, now at startProcess: done updating pids map
01-01 00:03:33.111 1292-1292/? W/ActivityManager: Slow operation: 100ms so far, now at startProcess: done starting proc!
01-01 00:03:33.173 911-1715/? E/OMXNodeInstance: getExtensionIndex(38f0010:google.h263.decoder, OMX.google.android.index.configureVideoTunnelMode) ERROR: UnsupportedIndex(0x8000101a)
01-01 00:03:33.174 911-911/? W/OMXNodeInstance: [38f0010:google.h263.decoder] component does not support metadata mode; using fallback
01-01 00:03:33.252 1292-1310/? W/art: Long monitor contention with owner main (1292) at void com.android.server.am.ActivityManagerService.systemReady(java.lang.Runnable)(ActivityManagerService.java:13368) waiters=0 in void com.android.server.am.ActivityManagerService.serviceDoneExecuting(android.os.IBinder, int, int, int) for 540ms
01-01 00:03:33.253 1292-1321/? W/art: Long monitor contention with owner main (1292) at void com.android.server.am.ActivityManagerService.systemReady(java.lang.Runnable)(ActivityManagerService.java:13368) waiters=1 in void com.android.server.am.ActivityManagerService.dispatchUidsChanged() for 532ms
01-01 00:03:33.255 1292-1320/? W/art: Long monitor contention with owner main (1292) at void com.android.server.am.ActivityManagerService.systemReady(java.lang.Runnable)(ActivityManagerService.java:13368) waiters=3 in void com.android.server.am.ActivityManagerService$MainHandler.handleMessage(android.os.Message) for 247ms
01-01 00:03:33.258 1292-1641/? W/art: Long monitor contention with owner main (1292) at void com.android.server.am.ActivityManagerService.systemReady(java.lang.Runnable)(ActivityManagerService.java:13368) waiters=2 in void com.android.server.am.ActivityManagerService.publishService(android.os.IBinder, android.content.Intent, android.os.IBinder) for 521ms
01-01 00:03:33.277 1292-1292/? I/SystemServer: Enabled StrictMode for system server main thread.
01-01 00:03:33.318 914-914/? I/MediaPlayerService: MediaPlayerService::getOMX
01-01 00:03:33.320 914-914/? I/OMXClient: MuxOMX ctor
01-01 00:03:33.325 911-911/? I/OMXMaster: makeComponentInstance(OMX.google.h264.decoder) in mediacodec process
01-01 00:03:33.533 1292-1292/? D/ConditionProviders.SCP: onConnected
01-01 00:03:33.781 1292-1626/? I/WifiScanningService: wifi driver unloaded
01-01 00:03:33.783 1292-1292/? D/RttService: SCAN_AVAILABLE : 1
01-01 00:03:33.785 1292-1627/? D/RttService: DefaultState got{ when=-1ms what=160513 target=com.android.internal.util.StateMachine$SmHandler }
01-01 00:03:33.788 1292-1292/? D/ZenLog: set_zen_mode: off,cleanUpZenRules
01-01 00:03:33.905 1292-1292/? D/ConditionProviders: Subscribing to condition://android/event?userId=-10000&calendar=&reply=1 with ComponentInfo{android/com.android.server.notification.EventConditionProvider}
01-01 00:03:33.906 1292-1292/? D/ZenLog: subscribe: condition://android/event?userId=-10000&calendar=&reply=1,ok
01-01 00:03:33.908 1292-1292/? D/ConditionProviders: Subscribing to condition://android/schedule?days=6.7&start=23.30&end=10.0&exitAtAlarm=false with ComponentInfo{android/com.android.server.notification.ScheduleConditionProvider}
01-01 00:03:33.908 1292-1292/? D/ZenLog: subscribe: condition://android/schedule?days=6.7&start=23.30&end=10.0&exitAtAlarm=false,ok
01-01 00:03:33.910 1292-1292/? D/ConditionProviders: Subscribing to condition://android/schedule?days=1.2.3.4.5&start=22.0&end=7.0&exitAtAlarm=false with ComponentInfo{android/com.android.server.notification.ScheduleConditionProvider}
01-01 00:03:33.942 1292-1292/? D/ZenLog: subscribe: condition://android/schedule?days=1.2.3.4.5&start=22.0&end=7.0&exitAtAlarm=false,ok
01-01 00:03:34.070 1678-1678/? I/Choreographer: Skipped 147 frames!  The application may be doing too much work on its main thread.
01-01 00:03:34.265 901-933/? D/PermissionCache: checking android.permission.READ_FRAME_BUFFER for uid=1000 => granted (3726 us)
01-01 00:03:34.270 901-933/? D/gralloc_ranchu: gralloc_alloc: Creating ashmem region of size 5529600
01-01 00:03:34.431 901-901/? E/EGL_emulation: tid 901: eglCreateSyncKHR(1962): error 0x3004 (EGL_BAD_ATTRIBUTE)
01-01 00:03:34.545 1833-1833/? W/System: ClassLoader referenced unknown path: /system/priv-app/TeleService/lib/arm64
01-01 00:03:34.725 1292-1733/? W/art: Long monitor contention with owner Binder:1292_1 (1309) at void com.android.server.wm.WindowManagerService.startAppFreezingScreen(android.os.IBinder, int)(WindowManagerService.java:4812) waiters=0 in int com.android.server.wm.WindowManagerService.relayoutWindow(com.android.server.wm.Session, android.view.IWindow, int, android.view.WindowManager$LayoutParams, int, int, int, int, android.graphics.Rect, android.graphics.Rect, android.graphics.Rect, android.graphics.Rect, android.graphics.Rect, android.graphics.Rect, android.graphics.Rect, android.content.res.Configuration, android.view.Surface) for 440ms
01-01 00:03:35.039 914-914/? W/ACodec: [OMX.google.h264.decoder] stopping checking profiles after 32: 2/8000
01-01 00:03:35.043 911-1716/? E/OMXNodeInstance: getExtensionIndex(38f0011:google.h264.decoder, OMX.google.android.index.configureVideoTunnelMode) ERROR: UnsupportedIndex(0x8000101a)
01-01 00:03:35.052 911-1715/? W/OMXNodeInstance: [38f0011:google.h264.decoder] component does not support metadata mode; using fallback
01-01 00:03:35.094 914-914/? I/MediaPlayerService: MediaPlayerService::getOMX
01-01 00:03:35.096 914-914/? I/OMXClient: MuxOMX ctor
01-01 00:03:35.097 911-1715/? I/OMXMaster: makeComponentInstance(OMX.google.hevc.decoder) in mediacodec process
01-01 00:03:35.399 1292-1309/? W/art: Long monitor contention with owner Binder:1292_4 (1733) at int com.android.server.wm.WindowManagerService.relayoutWindow(com.android.server.wm.Session, android.view.IWindow, int, android.view.WindowManager$LayoutParams, int, int, int, int, android.graphics.Rect, android.graphics.Rect, android.graphics.Rect, android.graphics.Rect, android.graphics.Rect, android.graphics.Rect, android.graphics.Rect, android.content.res.Configuration, android.view.Surface)(WindowManagerService.java:2857) waiters=0 in void com.android.server.wm.WindowManagerService.setAppVisibility(android.os.IBinder, boolean) for 670ms
01-01 00:03:35.507 1292-1336/? W/art: Long monitor contention with owner Binder:1292_1 (1309) at void com.android.server.am.ActivityManagerService.attachApplication(android.app.IApplicationThread)(ActivityManagerService.java:6669) waiters=0 in void com.android.server.am.ActivityManagerService$LocalService.notifyAppTransitionCancelled() for 1.300s
01-01 00:03:35.616 1838-1838/? W/System: ClassLoader referenced unknown path: /system/priv-app/Settings/lib/arm64
01-01 00:03:35.653 1833-1833/? W/System: ClassLoader referenced unknown path: /system/priv-app/TelephonyProvider/lib/arm64
01-01 00:03:35.659 1833-1833/? D/ApplicationLoaders: ignored Vulkan layer search path /system/priv-app/TelephonyProvider/lib/arm64:/system/lib64:/vendor/lib64 for namespace 0x76261000f0
01-01 00:03:35.914 1838-1838/? D/CryptKeeper: Disabling component ComponentInfo{com.android.settings/com.android.settings.CryptKeeper}
01-01 00:03:35.925 1292-1309/? I/WindowManager: Screen frozen for +1s733ms due to AppWindowToken{7a3f022 token=Token{743f004 ActivityRecord{27d0417 u0 com.android.settings/.CryptKeeper t1}}}
01-01 00:03:35.985 1292-1641/? I/StatusBarManagerService: registerStatusBar bar=com.android.internal.statusbar.IStatusBar$Stub$Proxy@705e1f6
01-01 00:03:36.188 1292-1309/? I/ActivityManager: START u0 {act=android.intent.action.MAIN cat=[android.intent.category.HOME] flg=0x10000100 cmp=com.android.settings/.FallbackHome} from uid 0 on display 0
01-01 00:03:36.482 1292-1309/? W/ActivityManager: Slow operation: 270ms so far, now at startProcess: returned from zygote!
01-01 00:03:36.482 1292-1309/? W/ActivityManager: Slow operation: 270ms so far, now at startProcess: done updating battery stats
01-01 00:03:36.483 1292-1309/? W/ActivityManager: Slow operation: 271ms so far, now at startProcess: building log message
01-01 00:03:36.483 1292-1309/? I/ActivityManager: Start proc 1877:com.android.settings/1000 for activity com.android.settings/.FallbackHome
01-01 00:03:36.483 1292-1309/? W/ActivityManager: Slow operation: 271ms so far, now at startProcess: starting to update pids map
01-01 00:03:36.483 1292-1309/? W/ActivityManager: Slow operation: 271ms so far, now at startProcess: done updating pids map
01-01 00:03:36.484 1292-1309/? W/ActivityManager: Slow operation: 271ms so far, now at startProcess: done starting proc!
01-01 00:03:36.486 1292-1320/? W/art: Long monitor contention with owner Binder:1292_1 (1309) at void com.android.server.am.ActivityManagerService.activityPaused(android.os.IBinder)(ActivityManagerService.java:6916) waiters=0 in void com.android.server.am.ActivityManagerService$MainHandler.handleMessage(android.os.Message) for 279ms
01-01 00:03:36.545 911-964/? E/OMXNodeInstance: getExtensionIndex(38f0012:google.hevc.decoder, OMX.google.android.index.configureVideoTunnelMode) ERROR: UnsupportedIndex(0x8000101a)
01-01 00:03:36.546 911-1716/? W/OMXNodeInstance: [38f0012:google.hevc.decoder] component does not support metadata mode; using fallback
01-01 00:03:36.616 914-914/? I/MediaPlayerService: MediaPlayerService::getOMX
01-01 00:03:36.618 914-914/? I/OMXClient: MuxOMX ctor
01-01 00:03:36.618 911-911/? I/OMXMaster: makeComponentInstance(OMX.google.vp8.decoder) in mediacodec process
01-01 00:03:37.179 901-1063/? D/gralloc_ranchu: gralloc_alloc: Creating ashmem region of size 5529600
01-01 00:03:37.272 901-901/? E/EGL_emulation: tid 901: eglCreateSyncKHR(1962): error 0x3004 (EGL_BAD_ATTRIBUTE)
01-01 00:03:37.373 1292-1336/? W/art: Long monitor contention with owner Binder:1292_3 (1641) at void com.android.server.am.ActivityManagerService.attachApplication(android.app.IApplicationThread)(ActivityManagerService.java:6669) waiters=0 in void com.android.server.am.ActivityManagerService$LocalService.notifyAppTransitionCancelled() for 219ms
01-01 00:03:37.450 1877-1877/? W/System: ClassLoader referenced unknown path: /system/priv-app/Settings/lib/arm64
01-01 00:03:38.053 901-935/? E/SurfaceFlinger: ro.sf.lcd_density must be defined as a build property
                                               
                                               [ 01-01 00:03:38.092  1877: 1877 D/         ]
                                               HostConnection::get() New Host Connection established 0x76199b7e20, tid 1877
                                               
                                               
                                               [ 01-01 00:03:38.217  1877: 1893 D/         ]
                                               HostConnection::get() New Host Connection established 0x76199b7e80, tid 1893
01-01 00:03:38.229 1877-1893/? I/OpenGLRenderer: Initialized EGL, version 1.4
01-01 00:03:38.231 1877-1893/? D/OpenGLRenderer: Swap behavior 1
01-01 00:03:38.233 1877-1893/? W/OpenGLRenderer: Failed to choose config with EGL_SWAP_BEHAVIOR_PRESERVED, retrying without...
01-01 00:03:38.233 1877-1893/? D/OpenGLRenderer: Swap behavior 0
01-01 00:03:38.323 1877-1893/? D/EGL_emulation: eglCreateContext: 0x76199a81e0: maj 3 min 1 rcv 4
01-01 00:03:38.495 1877-1893/? D/EGL_emulation: eglMakeCurrent: 0x76199a81e0: ver 3 1 (tinfo 0x762248e560)
01-01 00:03:38.529 1877-1893/? E/eglCodecCommon: glUtilsParamSize: unknow param 0x000082da
01-01 00:03:38.530 1877-1893/? E/eglCodecCommon: glUtilsParamSize: unknow param 0x000082da
01-01 00:03:38.636 1877-1893/? D/EGL_emulation: eglMakeCurrent: 0x76199a81e0: ver 3 1 (tinfo 0x762248e560)
01-01 00:03:38.690 911-1715/? E/OMXNodeInstance: getExtensionIndex(38f0013:google.vp8.decoder, OMX.google.android.index.configureVideoTunnelMode) ERROR: UnsupportedIndex(0x8000101a)
01-01 00:03:38.694 911-1716/? W/OMXNodeInstance: [38f0013:google.vp8.decoder] component does not support metadata mode; using fallback
01-01 00:03:38.836 1292-1336/? I/ActivityManager: Displayed com.android.settings/.FallbackHome: +2s623ms (total +5s824ms)
01-01 00:03:38.847 1292-1320/? V/KeyguardServiceDelegate: *** Keyguard started
01-01 00:03:38.860 914-914/? I/MediaPlayerService: MediaPlayerService::getOMX
01-01 00:03:38.862 914-914/? I/OMXClient: MuxOMX ctor
01-01 00:03:38.863 911-911/? I/OMXMaster: makeComponentInstance(OMX.google.vp9.decoder) in mediacodec process
01-01 00:03:38.878 1292-1336/? I/WindowManager: Screen frozen for +1s725ms due to AppWindowToken{f549e93 token=Token{53b92cd ActivityRecord{8dfc064 u0 com.android.settings/.FallbackHome t2}}}
01-01 00:03:38.983 1292-1320/? W/KeyguardServiceDelegate: onScreenTurningOn(): no keyguard service!
01-01 00:03:39.991 1292-1321/? W/WindowManager: Keyguard drawn timeout. Setting mKeyguardDrawComplete
01-01 00:03:40.125 1678-1699/? I/art: Background sticky concurrent mark sweep GC freed 5560(830KB) AllocSpace objects, 2(40KB) LOS objects, 23% free, 2MB/3MB, paused 1.558ms total 283.020ms
01-01 00:03:40.400 911-1716/? E/OMXNodeInstance: getExtensionIndex(38f0014:google.vp9.decoder, OMX.google.android.index.configureVideoTunnelMode) ERROR: UnsupportedIndex(0x8000101a)
01-01 00:03:40.407 911-1715/? W/OMXNodeInstance: [38f0014:google.vp9.decoder] component does not support metadata mode; using fallback
01-01 00:03:40.467 914-914/? I/MediaPlayerService: MediaPlayerService::getOMX
01-01 00:03:40.469 914-914/? I/OMXClient: MuxOMX ctor
01-01 00:03:40.470 911-964/? I/OMXMaster: makeComponentInstance(OMX.google.h263.encoder) in mediacodec process
01-01 00:03:40.955 1292-1336/? I/art: Starting a blocking GC Explicit
01-01 00:03:41.498 911-964/? I/SoftMPEG4Encoder: Construct SoftMPEG4Encoder
01-01 00:03:41.522 914-914/? W/ACodec: do not know color format 0x7f000789 = 2130708361
01-01 00:03:41.533 911-1716/? E/OMXNodeInstance: getConfig(38f0015:google.h263.encoder, ConfigAndroidIntraRefresh(0x6f60000a)) ERROR: Undefined(0x80001001)
01-01 00:03:41.562 914-914/? I/MediaPlayerService: MediaPlayerService::getOMX
01-01 00:03:41.564 914-914/? I/OMXClient: MuxOMX ctor
01-01 00:03:41.565 911-1716/? I/OMXMaster: makeComponentInstance(OMX.google.h264.encoder) in mediacodec process
01-01 00:03:41.793 1292-1292/? I/AccountManagerService: Creating DE database for user 0
01-01 00:03:42.353 1678-1699/? I/art: Background sticky concurrent mark sweep GC freed 1092(343KB) AllocSpace objects, 0(0B) LOS objects, 11% free, 3MB/3MB, paused 3.196ms total 281.641ms
01-01 00:03:42.706 1292-1292/? W/ContextImpl: Calling a method in the system process without a qualified user: android.app.ContextImpl.startService:1357 com.android.server.content.SyncManager$13.run:658 android.os.Handler.handleCallback:751 android.os.Handler.dispatchMessage:95 android.os.Looper.loop:154 
01-01 00:03:43.028 1292-1292/? W/System: ClassLoader referenced unknown path: /system/priv-app/Telecom/lib/arm64
01-01 00:03:43.055 1292-1292/? D/ApplicationLoaders: ignored Vulkan layer search path /system/priv-app/Telecom/lib/arm64:/system/priv-app/Telecom/Telecom.apk!/lib/arm64-v8a:/system/lib64:/vendor/lib64 for namespace 0x76261931d0
01-01 00:03:43.360 914-914/? W/ACodec: do not know color format 0x7f000789 = 2130708361
01-01 00:03:43.425 914-914/? I/MediaPlayerService: MediaPlayerService::getOMX
01-01 00:03:43.427 914-914/? I/OMXClient: MuxOMX ctor
01-01 00:03:43.428 911-964/? I/OMXMaster: makeComponentInstance(OMX.google.mpeg4.encoder) in mediacodec process
01-01 00:03:43.460 1292-1292/? E/BluetoothAdapter: Bluetooth binder is null
01-01 00:03:43.596 1292-1292/? I/Telecom: SystemStateProvider: Registering car mode receiver: android.content.IntentFilter@63f7e06: TS.init@AAA
01-01 00:03:43.802 1292-1921/? I/Telecom: Telecom: Non-call EVENT: AUDIO_ROUTE, Entering state QuiescentEarpieceRoute
01-01 00:03:43.875 1678-1699/? I/art: Background sticky concurrent mark sweep GC freed 577(128KB) AllocSpace objects, 0(0B) LOS objects, 6% free, 3MB/3MB, paused 26.403ms total 175.938ms
01-01 00:03:44.298 911-964/? I/SoftMPEG4Encoder: Construct SoftMPEG4Encoder
01-01 00:03:44.309 914-914/? W/ACodec: do not know color format 0x7f000789 = 2130708361
01-01 00:03:44.311 911-1716/? E/OMXNodeInstance: getConfig(38f0017:google.mpeg4.encoder, ConfigAndroidIntraRefresh(0x6f60000a)) ERROR: Undefined(0x80001001)
01-01 00:03:44.335 914-914/? I/MediaPlayerService: MediaPlayerService::getOMX
01-01 00:03:44.337 914-914/? I/OMXClient: MuxOMX ctor
01-01 00:03:44.338 911-1715/? I/OMXMaster: makeComponentInstance(OMX.google.vp8.encoder) in mediacodec process
01-01 00:03:45.042 914-914/? W/ACodec: do not know color format 0x7f000789 = 2130708361
01-01 00:03:45.044 911-911/? E/OMXNodeInstance: getConfig(38f0018:google.vp8.encoder, ConfigAndroidIntraRefresh(0x6f60000a)) ERROR: Undefined(0x80001001)
01-01 00:03:45.111 914-914/? I/MediaPlayerService: MediaPlayerService::getOMX
01-01 00:03:45.113 914-914/? I/OMXClient: MuxOMX ctor
01-01 00:03:45.231 914-914/? I/MediaPlayerService: MediaPlayerService::getOMX
01-01 00:03:45.233 914-914/? I/OMXClient: MuxOMX ctor
01-01 00:03:45.234 914-914/? W/MediaCodecList: unable to open media codecs configuration xml file: /data/misc/media/media_codecs_profiling_results.xml
01-01 00:03:45.243 914-1808/? I/MediaPlayerService: MediaPlayerService::getOMX
01-01 00:03:45.247 1678-1741/? I/OMXClient: MuxOMX ctor
01-01 00:03:45.256 911-964/? I/OMXMaster: makeComponentInstance(OMX.google.vorbis.decoder) in mediacodec process
01-01 00:03:45.630 1678-1699/? I/art: Background partial concurrent mark sweep GC freed 2375(347KB) AllocSpace objects, 0(0B) LOS objects, 39% free, 3MB/5MB, paused 1.347ms total 386.755ms
01-01 00:03:46.645 914-1808/? I/MediaPlayerService: MediaPlayerService::getOMX
01-01 00:03:46.647 1678-1934/? I/OMXClient: MuxOMX ctor
01-01 00:03:46.652 911-1715/? I/OMXMaster: makeComponentInstance(OMX.google.vorbis.decoder) in mediacodec process
01-01 00:03:47.533 1833-1833/? D/TelephonyProvider: dbh.onCreate:+ db=SQLiteDatabase: /data/user_de/0/com.android.providers.telephony/databases/telephony.db
01-01 00:03:47.533 1833-1833/? D/TelephonyProvider: dbh.createSimInfoTable:+
01-01 00:03:47.577 1833-1833/? D/TelephonyProvider: dbh.createSimInfoTable:-
01-01 00:03:47.578 1833-1833/? D/TelephonyProvider: dbh.createCarriersTable: carriers
01-01 00:03:47.583 914-1813/? I/MediaPlayerService: MediaPlayerService::getOMX
01-01 00:03:47.586 1678-1939/? I/OMXClient: MuxOMX ctor
01-01 00:03:47.591 911-911/? I/OMXMaster: makeComponentInstance(OMX.google.vorbis.decoder) in mediacodec process
01-01 00:03:47.637 1833-1833/? D/TelephonyProvider: dbh.createCarriersTable:-
01-01 00:03:47.640 1833-1833/? D/TelephonyProvider: No APNs in OEM image = /oem/telephony/apns-conf.xml Load APNs from system image
01-01 00:03:47.640 1833-1833/? D/TelephonyProvider: No APNs in OEM image = /data/misc/apns-conf.xml Load APNs from system image
01-01 00:03:47.671 1833-1833/? D/TelephonyProvider: confFile = /system/etc/apns-conf.xml
01-01 00:03:48.010 1833-1833/? D/TelephonyProvider: Checksum for /system/etc/apns-conf.xml is 2001431324
01-01 00:03:48.082 1833-1833/? D/TelephonyProvider: dbh.onCreate:- db=SQLiteDatabase: /data/user_de/0/com.android.providers.telephony/databases/telephony.db
01-01 00:03:48.129 1833-1833/? D/TelephonyProvider: dbh.onOpen: ok, queried table=siminfo
01-01 00:03:48.176 1833-1833/? D/TelephonyProvider: dbh.onOpen: ok, queried table=carriers
01-01 00:03:48.226 1833-1833/? D/TelephonyProvider: onCreate: build id changed from  to NYC
01-01 00:03:48.228 1833-1833/? D/TelephonyProvider: No APNs in OEM image = /oem/telephony/apns-conf.xml Load APNs from system image
01-01 00:03:48.228 1833-1833/? D/TelephonyProvider: No APNs in OEM image = /data/misc/apns-conf.xml Load APNs from system image
01-01 00:03:48.260 1833-1833/? D/TelephonyProvider: Checksum for /system/etc/apns-conf.xml is 2001431324
01-01 00:03:48.305 1833-1833/? D/TelephonyProvider: newChecksum: 2001431324
01-01 00:03:48.306 1833-1833/? D/TelephonyProvider: oldChecksum: 2001431324
01-01 00:03:48.306 1833-1833/? D/TelephonyProvider: Skipping apn db update since apn-conf has not changed.
01-01 00:03:48.684 1833-1851/? I/art: Background sticky concurrent mark sweep GC freed 35848(1959KB) AllocSpace objects, 2(40KB) LOS objects, 58% free, 1632KB/3MB, paused 1.411ms total 328.770ms
01-01 00:03:48.985 914-914/? I/MediaPlayerService: MediaPlayerService::getOMX
01-01 00:03:49.006 1292-1704/? I/OMXClient: MuxOMX ctor
01-01 00:03:49.015 911-911/? I/OMXMaster: makeComponentInstance(OMX.google.vorbis.decoder) in mediacodec process
01-01 00:03:49.201 1292-1929/? I/Telecom: CallAudioModeStateMachine: Message received: null.: TS.init->CAMSM.pM_1@AAA_0
01-01 00:03:49.222 1292-1641/? W/art: Long monitor contention with owner PackageManager (1343) at void com.android.server.pm.PackageManagerService$PackageHandler.doHandleMessage(android.os.Message)(PackageManagerService.java:1479) waiters=0 in int com.android.server.pm.PackageManagerService.checkUidPermission(java.lang.String, int) for 352ms
01-01 00:03:49.382 1292-1947/? E/ActivityThread: Failed to find provider info for call_log
01-01 00:03:49.386 1292-1292/? E/BluetoothAdapter: Bluetooth binder is null
01-01 00:03:49.525 1292-1292/? I/Telecom: Class: TelecomSystem.INSTANCE being set
01-01 00:03:49.531 1292-1292/? E/BluetoothAdapter: Bluetooth binder is null
01-01 00:03:49.591 1292-1292/? D/RttService: SCAN_AVAILABLE : 3
01-01 00:03:49.603 1292-1627/? D/RttService: DefaultState got{ when=-12ms what=160512 target=com.android.internal.util.StateMachine$SmHandler }
01-01 00:03:49.650 1292-1626/? I/WifiScanningService: wifi driver loaded with scan capabilities: max buckets=16
01-01 00:03:49.866 1292-1292/? W/System: ClassLoader referenced unknown path: /system/priv-app/FusedLocation/lib/arm64
01-01 00:03:49.944 1292-1292/? D/ApplicationLoaders: ignored Vulkan layer search path /system/priv-app/FusedLocation/lib/arm64:/system/priv-app/FusedLocation/FusedLocation.apk!/lib/arm64-v8a:/system/lib64:/vendor/lib64 for namespace 0x7626193240
01-01 00:03:50.398 1292-1292/? D/GpsNetInitiatedHandler: location enabled :true
01-01 00:03:50.416 1292-1292/? V/WiredAccessoryManager: notifyWiredAccessoryChanged: when=0 bits= mask=54
01-01 00:03:50.416 1292-1292/? V/WiredAccessoryManager: newName=h2w newState=0 headsetState=0 prev headsetState=0
01-01 00:03:50.416 1292-1292/? E/WiredAccessoryManager: No state change.
01-01 00:03:50.417 1292-1292/? V/WiredAccessoryManager: init()
01-01 00:03:50.951 1678-1776/? I/vol.Events: writeEvent level_changed STREAM_MUSIC 10
01-01 00:03:51.038 1292-1292/? D/AccessibilityManagerService: Ignoring non-encryption-aware service ComponentInfo{com.example.android.apis/com.example.android.apis.accessibility.ClockBackService}
01-01 00:03:51.038 1292-1292/? D/AccessibilityManagerService: Ignoring non-encryption-aware service ComponentInfo{com.example.android.apis/com.example.android.apis.accessibility.MagnificationService}
01-01 00:03:51.039 1292-1292/? D/AccessibilityManagerService: Ignoring non-encryption-aware service ComponentInfo{com.example.android.apis/com.example.android.apis.accessibility.TaskBackService}
01-01 00:03:51.484 1292-1292/? W/VibratorService: Tried to stop vibrating but there is no vibrator device.
01-01 00:03:56.182 1292-1338/? W/art: Long monitor contention with owner Binder:1292_5 (1873) at boolean android.os.MessageQueue.enqueueMessage(android.os.Message, long)(MessageQueue.java:541) waiters=0 in android.os.Message android.os.MessageQueue.next() for 140ms
01-01 00:03:56.473 1833-1833/? I/Telephony: TtyManager: updateUiTtyMode -1 -> 0
01-01 00:03:56.492 1292-1634/? W/art: Long monitor contention with owner ActivityManager (1320) at void com.android.server.am.BroadcastQueue.processNextBroadcast(boolean)(BroadcastQueue.java:760) waiters=3 in java.lang.String com.android.server.am.ActivityManagerService.checkContentProviderAccess(java.lang.String, int) for 182ms
01-01 00:03:56.752 1292-1733/? D/AlarmManagerService: Kernel timezone updated to 0 minutes west of GMT
01-01 00:03:56.771 1292-1292/? D/ConditionProviders.SCP: onReceive android.intent.action.TIMEZONE_CHANGED
01-01 00:03:56.775 1292-1292/? D/ConditionProviders.SCP: notifyCondition condition://android/schedule?days=6.7&start=23.30&end=10.0&exitAtAlarm=false STATE_FALSE reason=!meetsSchedule
01-01 00:03:56.776 1292-1292/? D/ConditionProviders.SCP: notifyCondition condition://android/schedule?days=1.2.3.4.5&start=22.0&end=7.0&exitAtAlarm=false STATE_TRUE reason=meetsSchedule
01-01 00:03:56.778 1292-1292/? D/ConditionProviders.SCP: Scheduling evaluate for Thu Jan 01 07:00:00 GMT+00:00 1970 (25200000), in +6h56m3s228ms, now=Thu Jan 01 00:03:56 GMT+00:00 1970 (236772)
03-29 02:52:10.564 1292-1320/? I/ActivityManager: Skipping duplicate ANR: ProcessRecord{488e8a2 1678:com.android.systemui/u0a27} Broadcast of Intent { act=android.intent.action.TIME_TICK flg=0x50000014 (has extras) }
03-29 02:52:10.703 1292-1320/? E/JavaBinder: !!! FAILED BINDER TRANSACTION !!!  (parcel size = 452)
03-29 02:52:10.704 1292-1320/? W/BroadcastQueue: Can't deliver broadcast to com.android.systemui (pid 1678). Crashing it.
03-29 02:52:10.704 1292-1320/? E/JavaBinder: !!! FAILED BINDER TRANSACTION !!!  (parcel size = 124)
03-29 02:52:10.705 1292-1320/? I/ActivityManager: Killing 1678:com.android.systemui/u0a27 (adj -800): scheduleCrash for 'can't deliver broadcast' failed
03-29 02:52:10.708 1292-1292/? D/WifiService: resetting networks because SIM was loaded
03-29 02:52:10.709 1292-1620/? D/WifiStateMachine: resetting EAP-SIM/AKA/AKA' networks since SIM was changed
03-29 02:52:10.716 1833-1833/? D/CarrierConfigLoader: update config for phoneId: 0 simState: LOADED
03-29 02:52:10.718 1833-1833/? D/CarrierSvcBindHelper: update binding for phoneId: 0 simState: LOADED
03-29 02:52:10.725 1292-1320/? W/BroadcastQueue: Failure sending broadcast Intent { act=android.intent.action.SIM_STATE_CHANGED flg=0x4000010 (has extras) }
                                                 android.os.DeadObjectException: Transaction failed on small parcel; remote process probably died
                                                     at android.os.BinderProxy.transactNative(Native Method)
                                                     at android.os.BinderProxy.transact(Binder.java:615)
                                                     at android.app.ApplicationThreadProxy.scheduleRegisteredReceiver(ApplicationThreadNative.java:1201)
                                                     at com.android.server.am.BroadcastQueue.performReceiveLocked(BroadcastQueue.java:474)
                                                     at com.android.server.am.BroadcastQueue.deliverToRegisteredReceiverLocked(BroadcastQueue.java:666)
                                                     at com.android.server.am.BroadcastQueue.processNextBroadcast(BroadcastQueue.java:787)
                                                     at com.android.server.am.BroadcastQueue$BroadcastHandler.handleMessage(BroadcastQueue.java:172)
                                                     at android.os.Handler.dispatchMessage(Handler.java:102)
                                                     at android.os.Looper.loop(Looper.java:154)
                                                     at android.os.HandlerThread.run(HandlerThread.java:61)
                                                     at com.android.server.ServiceThread.run(ServiceThread.java:46)
03-29 02:52:10.732 1292-1320/? E/JavaBinder: !!! FAILED BINDER TRANSACTION !!!  (parcel size = 452)
03-29 02:52:10.733 1292-1320/? W/BroadcastQueue: Can't deliver broadcast to com.android.systemui (pid 1678). Crashing it.
03-29 02:52:10.734 1292-1320/? E/JavaBinder: !!! FAILED BINDER TRANSACTION !!!  (parcel size = 124)
03-29 02:52:10.735 1292-1320/? I/ActivityManager: Killing 1678:com.android.systemui/u0a27 (adj -800): scheduleCrash for 'can't deliver broadcast' failed
03-29 02:52:10.756 1292-1320/? W/BroadcastQueue: Failure sending broadcast Intent { act=android.intent.action.SIM_STATE_CHANGED flg=0x4000010 (has extras) }
                                                 android.os.DeadObjectException: Transaction failed on small parcel; remote process probably died
                                                     at android.os.BinderProxy.transactNative(Native Method)
                                                     at android.os.BinderProxy.transact(Binder.java:615)
                                                     at android.app.ApplicationThreadProxy.scheduleRegisteredReceiver(ApplicationThreadNative.java:1201)
                                                     at com.android.server.am.BroadcastQueue.performReceiveLocked(BroadcastQueue.java:474)
                                                     at com.android.server.am.BroadcastQueue.deliverToRegisteredReceiverLocked(BroadcastQueue.java:666)
                                                     at com.android.server.am.BroadcastQueue.processNextBroadcast(BroadcastQueue.java:787)
                                                     at com.android.server.am.BroadcastQueue$BroadcastHandler.handleMessage(BroadcastQueue.java:172)
                                                     at android.os.Handler.dispatchMessage(Handler.java:102)
                                                     at android.os.Looper.loop(Looper.java:154)
                                                     at android.os.HandlerThread.run(HandlerThread.java:61)
                                                     at com.android.server.ServiceThread.run(ServiceThread.java:46)
03-29 02:52:10.757 1292-1320/? E/JavaBinder: !!! FAILED BINDER TRANSACTION !!!  (parcel size = 452)
03-29 02:52:10.759 1292-1320/? W/BroadcastQueue: Can't deliver broadcast to com.android.systemui (pid 1678). Crashing it.
03-29 02:52:10.759 1292-1320/? E/JavaBinder: !!! FAILED BINDER TRANSACTION !!!  (parcel size = 124)
03-29 02:52:10.761 1292-1320/? I/ActivityManager: Killing 1678:com.android.systemui/u0a27 (adj -800): scheduleCrash for 'can't deliver broadcast' failed
03-29 02:52:10.764 1292-1320/? W/BroadcastQueue: Failure sending broadcast Intent { act=android.intent.action.SIM_STATE_CHANGED flg=0x4000010 (has extras) }
                                                 android.os.DeadObjectException: Transaction failed on small parcel; remote process probably died
                                                     at android.os.BinderProxy.transactNative(Native Method)
                                                     at android.os.BinderProxy.transact(Binder.java:615)
                                                     at android.app.ApplicationThreadProxy.scheduleRegisteredReceiver(ApplicationThreadNative.java:1201)
                                                     at com.android.server.am.BroadcastQueue.performReceiveLocked(BroadcastQueue.java:474)
                                                     at com.android.server.am.BroadcastQueue.deliverToRegisteredReceiverLocked(BroadcastQueue.java:666)
                                                     at com.android.server.am.BroadcastQueue.processNextBroadcast(BroadcastQueue.java:787)
                                                     at com.android.server.am.BroadcastQueue$BroadcastHandler.handleMessage(BroadcastQueue.java:172)
                                                     at android.os.Handler.dispatchMessage(Handler.java:102)
                                                     at android.os.Looper.loop(Looper.java:154)
                                                     at android.os.HandlerThread.run(HandlerThread.java:61)
                                                     at com.android.server.ServiceThread.run(ServiceThread.java:46)
03-29 02:52:10.818 1292-1336/? I/art: Starting a blocking GC Explicit
03-29 02:52:11.261 1292-1310/? I/Telecom: PhoneAccountRegistrar: [ComponentInfo{com.android.phone/com.android.services.telephony.TelephonyConnectionService}, [e0184adedf913b076626646d3f52c3b49c39ad6d], UserHandle{0}(icon: Icon(typ=BITMAP size=19x24) -> Icon(typ=BITMAP size=19x24))]: TSI.rPA@ABQ
03-29 02:52:11.266 1292-1310/? I/Telecom: : Sending phone-account registered intent as user: TSI.rPA@ABQ
03-29 02:52:11.334 1833-1833/? I/Telephony: PstnIncomingCallNotifier: Unregistering: Handler (com.android.internal.telephony.GsmCdmaPhone) {257c981}
03-29 02:52:11.428 1292-1336/? I/art: Explicit concurrent mark sweep GC freed 7905(729KB) AllocSpace objects, 4(88KB) LOS objects, 33% free, 7MB/11MB, paused 13.511ms total 601.381ms
03-29 02:52:11.551 1292-1336/? W/WindowManager: ***** BOOT TIMEOUT: forcing display enabled
03-29 02:52:11.556 901-935/? I/SurfaceFlinger: Boot is finished (239229 ms)
                                               
                                               [ 03-29 02:52:11.572   908:  908 E/         ]
                                               Unable to unlink boot marker at /data//dalvik-cache/arm64/.booting, error=No such file or directory
03-29 02:52:11.575 1292-1336/? W/ActivityManager: Unable to mark boot complete for abi: arm64-v8a (Failed to execute markbootcomplete [arm64]: -1)
                                                  
                                                  [ 03-29 02:52:11.626   901: 2047 D/         ]
                                                  HostConnection::get() New Host Connection established 0x742f02d6c0, tid 2047
03-29 02:52:12.058 1292-1634/? E/ActivityThread: Failed to find provider info for com.android.calendar
03-29 02:52:12.178 1292-1292/? W/art: Long monitor contention with owner Binder:1292_3 (1641) at boolean android.os.MessageQueue.enqueueMessage(android.os.Message, long)(MessageQueue.java:541) waiters=0 in android.os.Message android.os.MessageQueue.next() for 506ms
03-29 02:52:12.182 1292-1641/? I/Telecom: PhoneAccountRegistrar: New phone account registered: [[ ] PhoneAccount: ComponentInfo{com.android.phone/com.android.services.telephony.TelephonyConnectionService}, [e2f7d48dd2b5ca523e7313cf4ba0f6ea830b6281], UserHandle{0} Capabilities: CallProvider MultiUser PlaceEmerg SimSub  Schemes: tel voicemail  Extras: null GroupId: [da39a3ee5e6b4b0d3255bfef95601890afd80709]]: TSI.rPA@ABU
03-29 02:52:12.188 1292-1336/? I/Zygote: Process: zygote socket opened, supported ABIS: armeabi-v7a,armeabi
                                         
                                         [ 03-29 02:52:12.202   908:  908 E/         ]
                                         Unable to unlink boot marker at /data//dalvik-cache/arm/.booting, error=No such file or directory
03-29 02:52:12.204 1292-1336/? W/ActivityManager: Unable to mark boot complete for abi: armeabi-v7a (Failed to execute markbootcomplete [arm]: -1)
03-29 02:52:12.210 1292-1336/? I/SystemServiceManager: Starting phase 1000
03-29 02:52:12.218 1292-1641/? I/Telecom: : Sending phone-account registered intent as user: TSI.rPA@ABU
03-29 02:52:12.224 1833-1833/? I/Telephony: AccountEntry: Registered phoneAccount: [[ ] PhoneAccount: ComponentInfo{com.android.phone/com.android.services.telephony.TelephonyConnectionService}, [e2f7d48dd2b5ca523e7313cf4ba0f6ea830b6281], UserHandle{0} Capabilities: CallProvider MultiUser PlaceEmerg SimSub  Schemes: tel voicemail  Extras: null GroupId: [da39a3ee5e6b4b0d3255bfef95601890afd80709]] with handle: ComponentInfo{com.android.phone/com.android.services.telephony.TelephonyConnectionService}, [e2f7d48dd2b5ca523e7313cf4ba0f6ea830b6281], UserHandle{0}
03-29 02:52:12.225 1833-1833/? I/Telephony: PstnIncomingCallNotifier: Registering: Handler (com.android.internal.telephony.GsmCdmaPhone) {257c981}
03-29 02:52:12.255 1664-1689/? W/art: Suspending all threads took: 105.598ms
03-29 02:52:12.279 1292-1319/? I/UsageStatsService: Time changed in UsageStats by 1522291682 seconds
03-29 02:52:12.279 1292-1319/? I/UsageStatsService: User[0] Flushing usage stats to disk
03-29 02:52:12.342 1833-1833/? I/Telephony: TelecomAccountRegistry: Unregistering phone account ComponentInfo{com.android.phone/com.android.services.telephony.TelephonyConnectionService}, [e0184adedf913b076626646d3f52c3b49c39ad6d], UserHandle{0}.
03-29 02:52:12.353 1292-1873/? I/Telecom: : Sending phone-account unregistered intent as user: TSI.uPA@ABc
03-29 02:52:12.591 1833-1833/? D/TelephonyProvider: subIdString = 1 subId = 1
03-29 02:52:12.661 1833-1833/? D/TelephonyProvider: getPreferredApnIdFromApn: for subId 1
03-29 02:52:12.751 1833-1852/? W/art: Long monitor contention with owner main (1833) at android.database.Cursor com.android.providers.telephony.TelephonyProvider.query(android.net.Uri, java.lang.String[], java.lang.String, java.lang.String[], java.lang.String)(TelephonyProvider.java:-1) waiters=0 in android.database.Cursor com.android.providers.telephony.TelephonyProvider.query(android.net.Uri, java.lang.String[], java.lang.String, java.lang.String[], java.lang.String) for 141ms
03-29 02:52:22.166 1664-1766/? I/LatinIME:LogUtils: Dictionary info: dictionary = main:fr ; version = 54 ; date = 1414726264
03-29 02:52:22.466 1664-1766/? I/LatinIME:LogUtils: Dictionary info: dictionary = main:it ; version = 54 ; date = 1414726258
03-29 02:52:22.741 1664-1766/? I/LatinIME:LogUtils: Dictionary info: dictionary = main:ru ; version = 54 ; date = 1414726277
03-29 02:52:22.979 1292-1321/? V/KeyguardServiceDelegate: *** Keyguard disconnected (boo!)
03-29 02:52:22.982 1292-1873/? I/WindowManager: WIN DEATH: Window{e102dbb u0 NavigationBar}
03-29 02:52:23.014 1292-2021/? D/GraphicsStats: Buffer count: 1
03-29 02:52:23.029 1292-2126/? W/AudioService: Current remote volume controller died, unregistering
03-29 02:52:23.056 1292-1292/? W/WallpaperManagerService: Wallpaper service gone: ComponentInfo{com.android.systemui/com.android.systemui.ImageWallpaper}
03-29 02:52:23.059 1292-2128/? D/ConnectivityService: ConnectivityService NetworkRequestInfo binderDied(NetworkRequest [ LISTEN id=4, [] ], android.os.BinderProxy@46f4e1f)
03-29 02:52:23.075 1292-2126/? W/VolumeController: Error calling dismiss
                                                   android.os.DeadObjectException
                                                       at android.os.BinderProxy.transactNative(Native Method)
                                                       at android.os.BinderProxy.transact(Binder.java:615)
                                                       at android.media.IVolumeController$Stub$Proxy.dismiss(IVolumeController.java:162)
                                                       at com.android.server.audio.AudioService$VolumeController.postDismiss(AudioService.java:6138)
                                                       at com.android.server.audio.AudioService.setVolumeController(AudioService.java:5986)
                                                       at com.android.server.audio.AudioService$4.binderDied(AudioService.java:5995)
                                                       at android.os.BinderProxy.sendDeathNotice(Binder.java:688)
03-29 02:52:23.114 1292-2130/? I/ActivityManager: Process com.android.systemui (pid 1678) has died
03-29 02:52:23.115 1292-2130/? D/ActivityManager: cleanUpApplicationRecord -- 1678
03-29 02:52:23.138 1292-1628/? E/ConnectivityService: RemoteException caught trying to send a callback msg for NetworkRequest [ LISTEN id=4, [] ]
03-29 02:52:23.147 1292-2130/? W/ActivityManager: Scheduling restart of crashed service com.android.systemui/.keyguard.KeyguardService in 0ms
03-29 02:52:23.148 1292-2130/? W/ActivityManager: Scheduling restart of crashed service com.android.systemui/.SystemUIService in 0ms
03-29 02:52:23.148 1292-2130/? W/ActivityManager: Scheduling restart of crashed service com.android.systemui/.ImageWallpaper in 0ms
03-29 02:52:23.202 1292-2130/? W/ActivityManager: Re-adding persistent process ProcessRecord{488e8a2 1678:com.android.systemui/u0a27}
03-29 02:52:23.263 1292-1733/? I/WindowManager: WIN DEATH: Window{bd96d60 u0 StatusBar}
03-29 02:52:23.273 1292-1310/? W/art: Long monitor contention with owner Binder:1292_5 (1873) at void com.android.server.wm.WindowState$DeathRecipient.binderDied()(WindowState.java:1806) waiters=1 in void com.android.server.wm.WindowManagerService$9.binderDied() for 286ms
03-29 02:52:23.274 1292-1309/? W/art: Long monitor contention with owner Binder:1292_5 (1873) at void com.android.server.wm.WindowState$DeathRecipient.binderDied()(WindowState.java:1806) waiters=2 in void com.android.server.wm.WindowState$DeathRecipient.binderDied() for 288ms
03-29 02:52:23.275 1292-1309/? I/WindowManager: WIN DEATH: Window{ca233ec u0 AssistPreviewPanel}
03-29 02:52:23.304 1292-1641/? W/art: Long monitor contention with owner Binder:1292_5 (1873) at void com.android.server.wm.WindowState$DeathRecipient.binderDied()(WindowState.java:1806) waiters=3 in void com.android.server.wm.Session.binderDied() for 313ms
03-29 02:52:23.306 1292-2021/? W/art: Long monitor contention with owner Binder:1292_5 (1873) at void com.android.server.wm.WindowState$DeathRecipient.binderDied()(WindowState.java:1806) waiters=4 in void com.android.server.wm.WindowState$DeathRecipient.binderDied() for 288ms
03-29 02:52:23.306 1292-2021/? I/WindowManager: WIN DEATH: Window{b2244a u0 DockedStackDivider}
03-29 02:52:23.334 1292-2128/? W/art: Long monitor contention with owner Binder:1292_5 (1873) at void com.android.server.wm.WindowState$DeathRecipient.binderDied()(WindowState.java:1806) waiters=5 in int com.android.server.wm.WindowManagerService.relayoutWindow(com.android.server.wm.Session, android.view.IWindow, int, android.view.WindowManager$LayoutParams, int, int, int, int, android.graphics.Rect, android.graphics.Rect, android.graphics.Rect, android.graphics.Rect, android.graphics.Rect, android.graphics.Rect, android.graphics.Rect, android.content.res.Configuration, android.view.Surface) for 148ms
