                                               at com.android.internal.os.ZygoteInit.preloadTextResources(ZygoteInit.java:252)?
                                               at com.android.internal.os.ZygoteInit.preload(ZygoteInit.java:206)?
                                               at com.android.internal.os.ZygoteInit.main(ZygoteInit.java:743)?
01-01 00:01:20.987 903-903/? I/art: Background concurrent mark sweep GC freed 79(3KB) AllocSpace objects, 0(0B) LOS objects, 39% free, 2MB/3MB, paused 318us total 153.974ms
01-01 00:01:21.345 904-904/? I/Zygote: Uninstalled ICU cache reference pinning...
01-01 00:01:21.465 904-904/? I/Zygote: Installed AndroidKeyStoreProvider in 118ms.
01-01 00:01:22.355 904-1147/? W/art: Suspending all threads took: 45.087ms
01-01 00:01:22.447 903-903/? I/Zygote: System server process 1292 has been created
01-01 00:01:22.507 903-903/? I/Zygote: Accepting command socket connections
01-01 00:01:22.638 904-1147/? I/art: Background concurrent mark sweep GC freed 32084(2MB) AllocSpace objects, 4(72KB) LOS objects, 40% free, 2MB/4MB, paused 47.854ms total 617.344ms
01-01 00:01:22.789 904-904/? I/Zygote: Warmed up JCA providers in 1324ms.
01-01 00:01:22.789 904-904/? D/Zygote: end preload
01-01 00:01:22.790 904-904/? I/art: Starting a blocking GC Explicit
01-01 00:01:23.006 904-904/? I/art: Explicit concurrent mark sweep GC freed 3463(176KB) AllocSpace objects, 0(0B) LOS objects, 39% free, 2MB/3MB, paused 818us total 211.999ms
01-01 00:01:23.013 904-904/? I/art: Starting a blocking GC Explicit
01-01 00:01:23.152 904-904/? I/art: Explicit concurrent mark sweep GC freed 17(512B) AllocSpace objects, 0(0B) LOS objects, 39% free, 2MB/3MB, paused 566us total 129.949ms
01-01 00:01:23.156 904-904/? I/Zygote: Accepting command socket connections
01-01 00:01:23.244 1292-1292/? I/Zygote: Process: zygote socket opened, supported ABIS: armeabi-v7a,armeabi
01-01 00:01:23.282 1292-1292/? I/InstallerConnection: connecting...
                                                      
                                                      [ 01-01 00:01:23.285   908:  908 I/         ]
                                                      new connection
01-01 00:01:23.499 1292-1292/? I/InstallerConnection: disconnecting...
                                                      
                                                      [ 01-01 00:01:23.500   908:  908 E/         ]
                                                      eof
                                                      
                                                      
                                                      [ 01-01 00:01:23.500   908:  908 E/         ]
                                                      failed to read size
                                                      
                                                      
                                                      [ 01-01 00:01:23.500   908:  908 I/         ]
                                                      closing connection
01-01 00:01:23.874 1292-1292/? W/SystemServer: System clock is before 1970; setting to 1970.
01-01 00:01:23.926 1292-1292/? I/SystemServer: Entered the Android system server!
01-01 00:01:24.761 1292-1292/? I/SystemServiceManager: Starting com.android.server.pm.Installer
01-01 00:01:24.778 1292-1292/? I/Installer: Waiting for installd to be ready.
01-01 00:01:24.779 1292-1292/? I/InstallerConnection: connecting...
                                                      
                                                      [ 01-01 00:01:24.781   908:  908 I/         ]
                                                      new connection
01-01 00:01:24.784 1292-1292/? I/SystemServiceManager: Starting com.android.server.am.ActivityManagerService$Lifecycle
01-01 00:01:24.970 1292-1292/? I/ActivityManager: Memory class: 48
01-01 00:01:24.992 1292-1320/? I/ServiceThread: Enabled StrictMode logging for ActivityManager looper.
01-01 00:01:25.025 1292-1321/? I/ServiceThread: Enabled StrictMode logging for android.ui looper.
01-01 00:01:25.297 1292-1292/? D/BatteryStatsImpl: Reading daily items from /data/system/batterystats-daily.xml
01-01 00:01:26.321 1292-1292/? I/AppOps: No existing app ops /data/system/appops.xml; starting empty
01-01 00:01:26.920 1292-1292/? I/IntentFirewall: Read new rules (A:0 B:0 S:0)
01-01 00:01:27.026 1292-1336/? I/ServiceThread: Enabled StrictMode logging for android.display looper.
01-01 00:01:27.113 1292-1292/? D/AppOps: AppOpsService published
01-01 00:01:27.115 1292-1292/? I/SystemServiceManager: Starting com.android.server.power.PowerManagerService
01-01 00:01:27.152 1292-1338/? I/ServiceThread: Enabled StrictMode logging for PowerManagerService looper.
01-01 00:01:27.165 1292-1292/? E/PowerManagerService-JNI: Couldn't load power module (No such file or directory)
01-01 00:01:27.166 1292-1292/? W/libsuspend: Error writing 'on' to /sys/power/state: Invalid argument
01-01 00:01:27.212 1292-1292/? I/SystemServiceManager: Starting com.android.server.lights.LightsService
01-01 00:01:27.254 1292-1292/? I/SystemServiceManager: Starting com.android.server.display.DisplayManagerService
01-01 00:01:27.334 1292-1292/? I/SystemServiceManager: Starting phase 100
01-01 00:01:27.375 1292-1336/? I/DisplayManagerService: Display device added: DisplayDeviceInfo{"Built-in Screen": uniqueId="local:0", 1920 x 720, modeId 1, defaultModeId 1, supportedModes [{id=1, width=1920, height=720, fps=60.000004}], colorMode 0, supportedColorModes [0], HdrCapabilities android.view.Display$HdrCapabilities@a69d6308, density 160, 160.0 x 160.0 dpi, appVsyncOff 1000000, presDeadline 16666666, touch INTERNAL, rotation 0, type BUILT_IN, state UNKNOWN, FLAG_DEFAULT_DISPLAY, FLAG_ROTATES_WITH_CONTENT, FLAG_SECURE, FLAG_SUPPORTS_PROTECTED_BUFFERS}
01-01 00:01:27.386 1292-1292/? I/SystemServer: StartPackageManagerService
01-01 00:01:27.405 1292-1336/? I/DisplayManagerService: Display device changed state: "Built-in Screen", ON
01-01 00:01:27.587 1292-1292/? W/FileUtils: Failed to chmod(/data/system/packages.list): android.system.ErrnoException: chmod failed: ENOENT (No such file or directory)
01-01 00:01:28.102 1292-1292/? D/SELinuxMMAC: Using policy file /system/etc/security/mac_permissions.xml
01-01 00:01:28.134 1292-1292/? I/PackageManager: No settings file; creating initial state
01-01 00:01:28.366 1292-1292/? W/PackageManager: Library not found: /system/framework/org.apache.http.legacy.jar
01-01 00:01:28.488 1292-1292/? W/PackageManager: Library not found: /system/framework/org.apache.http.legacy.jar
01-01 00:01:28.568 1292-1292/? W/PackageManager: Failed to parse /system/framework/arm: Missing base APK in /system/framework/arm
01-01 00:01:28.583 1292-1292/? W/PackageManager: Failed to parse /system/framework/arm64: Missing base APK in /system/framework/arm64
01-01 00:01:29.581 1292-1292/? I/PackageManager: /system/framework/framework-res.apk changed; collecting certs
01-01 00:01:31.647 1292-1292/? W/PackageManager: Failed to parse /system/framework/oat: Missing base APK in /system/framework/oat
01-01 00:01:31.736 1292-1292/? I/PackageManager: /system/priv-app/BackupRestoreConfirmation changed; collecting certs
01-01 00:01:31.874 1292-1292/? I/PackageManager: /system/priv-app/BlockedNumberProvider changed; collecting certs
01-01 00:01:32.056 1292-1292/? I/PackageManager: /system/priv-app/CalendarProvider changed; collecting certs
01-01 00:01:32.247 1292-1292/? I/PackageManager: /system/priv-app/CallLogBackup changed; collecting certs
01-01 00:01:32.335 1292-1292/? I/PackageManager: /system/priv-app/CarrierConfig changed; collecting certs
01-01 00:01:32.482 1292-1292/? I/PackageManager: /system/priv-app/CellBroadcastReceiver changed; collecting certs
01-01 00:01:32.742 1292-1292/? I/PackageManager: /system/priv-app/ConfigUpdater changed; collecting certs
01-01 00:01:33.062 1292-1292/? W/PackageParser: No actions in intent filter at /system/priv-app/Contacts/Contacts.apk Binary XML file line #409
01-01 00:01:33.117 1292-1292/? I/PackageManager: /system/priv-app/Contacts changed; collecting certs
01-01 00:01:33.588 1292-1292/? I/PackageManager: /system/priv-app/ContactsProvider changed; collecting certs
01-01 00:01:33.740 1292-1292/? I/PackageManager: /system/priv-app/CtsShimPrivPrebuilt changed; collecting certs
01-01 00:01:33.852 1292-1292/? I/PackageManager: /system/priv-app/DefaultContainerService changed; collecting certs
01-01 00:01:34.027 1292-1292/? I/PackageManager: /system/priv-app/DocumentsUI changed; collecting certs
01-01 00:01:34.265 1292-1292/? I/PackageManager: /system/priv-app/DownloadProvider changed; collecting certs
01-01 00:01:34.350 1292-1292/? W/PackageManager: Permission android.permission.DOWNLOAD_WITHOUT_NOTIFICATION from package com.android.providers.downloads in an unknown group android.permission-group.NETWORK
01-01 00:01:34.469 1292-1292/? I/PackageManager: /system/priv-app/EmergencyInfo changed; collecting certs
01-01 00:01:34.744 1292-1292/? I/PackageManager: /system/priv-app/ExternalStorageProvider changed; collecting certs
01-01 00:01:34.896 1292-1292/? I/PackageManager: /system/priv-app/FusedLocation changed; collecting certs
01-01 00:01:35.084 1292-1292/? I/PackageManager: /system/priv-app/GoogleBackupTransport changed; collecting certs
01-01 00:01:35.614 1292-1292/? I/PackageManager: /system/priv-app/GoogleDialer changed; collecting certs
01-01 00:01:36.541 1292-1292/? I/PackageManager: /system/priv-app/GoogleExtServices changed; collecting certs
01-01 00:01:36.649 1292-1292/? W/PackageParser: Unknown element under <manifest>: uses-library at /system/priv-app/GoogleFeedback/GoogleFeedback.apk Binary XML file line #33
01-01 00:01:36.695 1292-1292/? I/PackageManager: /system/priv-app/GoogleFeedback changed; collecting certs
01-01 00:01:37.043 1292-1292/? I/PackageManager: /system/priv-app/GoogleLoginService changed; collecting certs
01-01 00:01:38.038 1292-1292/? I/PackageManager: /system/priv-app/GoogleOneTimeInitializer changed; collecting certs
01-01 00:01:38.279 1292-1292/? I/PackageManager: /system/priv-app/GooglePackageInstaller changed; collecting certs
01-01 00:01:38.614 1292-1292/? W/PackageParser: Ignoring duplicate uses-permissions/uses-permissions-sdk-m: com.google.android.providers.gsf.permission.READ_GSERVICES in package: com.google.android.partnersetup at: Binary XML file line #32
01-01 00:01:38.650 1292-1292/? I/PackageManager: /system/priv-app/GooglePartnerSetup changed; collecting certs
01-01 00:01:38.749 1292-1292/? I/PackageManager: /system/priv-app/GoogleSdkSetup changed; collecting certs
01-01 00:01:39.115 1292-1292/? I/PackageManager: /system/priv-app/GoogleServicesFramework changed; collecting certs
01-01 00:01:39.415 1292-1292/? W/PackageManager: Permission com.google.android.googleapps.permission.GOOGLE_AUTH from package com.google.android.gsf in an unknown group android.permission-group.ACCOUNTS
01-01 00:01:39.415 1292-1292/? W/PackageManager: Permission com.google.android.googleapps.permission.GOOGLE_AUTH.ALL_SERVICES from package com.google.android.gsf in an unknown group android.permission-group.ACCOUNTS
01-01 00:01:39.415 1292-1292/? W/PackageManager: Permission com.google.android.googleapps.permission.GOOGLE_AUTH.OTHER_SERVICES from package com.google.android.gsf in an unknown group android.permission-group.ACCOUNTS
01-01 00:01:39.416 1292-1292/? W/PackageManager: Permission com.google.android.googleapps.permission.GOOGLE_AUTH.mail from package com.google.android.gsf in an unknown group android.permission-group.ACCOUNTS
01-01 00:01:39.416 1292-1292/? W/PackageManager: Permission com.google.android.googleapps.permission.GOOGLE_AUTH.cl from package com.google.android.gsf in an unknown group android.permission-group.ACCOUNTS
01-01 00:01:39.416 1292-1292/? W/PackageManager: Permission com.google.android.googleapps.permission.GOOGLE_AUTH.android from package com.google.android.gsf in an unknown group android.permission-group.ACCOUNTS
01-01 00:01:39.416 1292-1292/? W/PackageManager: Permission com.google.android.googleapps.permission.GOOGLE_AUTH.androidsecure from package com.google.android.gsf in an unknown group android.permission-group.ACCOUNTS
01-01 00:01:39.416 1292-1292/? W/PackageManager: Permission com.google.android.googleapps.permission.GOOGLE_AUTH.sierra from package com.google.android.gsf in an unknown group android.permission-group.ACCOUNTS
01-01 00:01:39.416 1292-1292/? W/PackageManager: Permission com.google.android.googleapps.permission.GOOGLE_AUTH.sierraqa from package com.google.android.gsf in an unknown group android.permission-group.ACCOUNTS
01-01 00:01:39.417 1292-1292/? W/PackageManager: Permission com.google.android.googleapps.permission.GOOGLE_AUTH.sierrasandbox from package com.google.android.gsf in an unknown group android.permission-group.ACCOUNTS
01-01 00:01:39.417 1292-1292/? W/PackageManager: Permission com.google.android.googleapps.permission.GOOGLE_AUTH.youtube from package com.google.android.gsf in an unknown group android.permission-group.ACCOUNTS
01-01 00:01:39.417 1292-1292/? W/PackageManager: Permission com.google.android.googleapps.permission.GOOGLE_AUTH.YouTubeUser from package com.google.android.gsf in an unknown group android.permission-group.ACCOUNTS
01-01 00:01:39.417 1292-1292/? W/PackageManager: Permission com.google.android.googleapps.permission.GOOGLE_AUTH.talk from package com.google.android.gsf in an unknown group android.permission-group.ACCOUNTS
01-01 00:01:39.417 1292-1292/? W/PackageManager: Permission com.google.android.googleapps.permission.GOOGLE_AUTH.ig from package com.google.android.gsf in an unknown group android.permission-group.ACCOUNTS
01-01 00:01:39.418 1292-1292/? W/PackageManager: Permission com.google.android.googleapps.permission.GOOGLE_AUTH.lh2 from package com.google.android.gsf in an unknown group android.permission-group.ACCOUNTS
01-01 00:01:39.418 1292-1292/? W/PackageManager: Permission com.google.android.googleapps.permission.GOOGLE_AUTH.mobile from package com.google.android.gsf in an unknown group android.permission-group.ACCOUNTS
01-01 00:01:39.418 1292-1292/? W/PackageManager: Permission com.google.android.googleapps.permission.GOOGLE_AUTH.cp from package com.google.android.gsf in an unknown group android.permission-group.ACCOUNTS
01-01 00:01:39.418 1292-1292/? W/PackageManager: Permission com.google.android.googleapps.permission.GOOGLE_AUTH.adsense from package com.google.android.gsf in an unknown group android.permission-group.ACCOUNTS
01-01 00:01:39.418 1292-1292/? W/PackageManager: Permission com.google.android.googleapps.permission.GOOGLE_AUTH.adwords from package com.google.android.gsf in an unknown group android.permission-group.ACCOUNTS
01-01 00:01:39.418 1292-1292/? W/PackageManager: Permission com.google.android.googleapps.permission.GOOGLE_AUTH.blogger from package com.google.android.gsf in an unknown group android.permission-group.ACCOUNTS
01-01 00:01:39.419 1292-1292/? W/PackageManager: Permission com.google.android.googleapps.permission.GOOGLE_AUTH.dodgeball from package com.google.android.gsf in an unknown group android.permission-group.ACCOUNTS
01-01 00:01:39.419 1292-1292/? W/PackageManager: Permission com.google.android.googleapps.permission.GOOGLE_AUTH.gbase from package com.google.android.gsf in an unknown group android.permission-group.ACCOUNTS
01-01 00:01:39.419 1292-1292/? W/PackageManager: Permission com.google.android.googleapps.permission.GOOGLE_AUTH.groups2 from package com.google.android.gsf in an unknown group android.permission-group.ACCOUNTS
01-01 00:01:39.419 1292-1292/? W/PackageManager: Permission com.google.android.googleapps.permission.GOOGLE_AUTH.health from package com.google.android.gsf in an unknown group android.permission-group.ACCOUNTS
01-01 00:01:39.419 1292-1292/? W/PackageManager: Permission com.google.android.googleapps.permission.GOOGLE_AUTH.jotspot from package com.google.android.gsf in an unknown group android.permission-group.ACCOUNTS
01-01 00:01:39.420 1292-1292/? W/PackageManager: Permission com.google.android.googleapps.permission.GOOGLE_AUTH.knol from package com.google.android.gsf in an unknown group android.permission-group.ACCOUNTS
01-01 00:01:39.420 1292-1292/? W/PackageManager: Permission com.google.android.googleapps.permission.GOOGLE_AUTH.news from package com.google.android.gsf in an unknown group android.permission-group.ACCOUNTS
01-01 00:01:39.420 1292-1292/? W/PackageManager: Permission com.google.android.googleapps.permission.GOOGLE_AUTH.orkut from package com.google.android.gsf in an unknown group android.permission-group.ACCOUNTS
01-01 00:01:39.420 1292-1292/? W/PackageManager: Permission com.google.android.googleapps.permission.GOOGLE_AUTH.print from package com.google.android.gsf in an unknown group android.permission-group.ACCOUNTS
01-01 00:01:39.420 1292-1292/? W/PackageManager: Permission com.google.android.googleapps.permission.GOOGLE_AUTH.sitemaps from package com.google.android.gsf in an unknown group android.permission-group.ACCOUNTS
01-01 00:01:39.452 1292-1292/? W/PackageManager: Permission com.google.android.googleapps.permission.GOOGLE_AUTH.wifi from package com.google.android.gsf in an unknown group android.permission-group.ACCOUNTS
01-01 00:01:39.452 1292-1292/? W/PackageManager: Permission com.google.android.googleapps.permission.GOOGLE_AUTH.finance from package com.google.android.gsf in an unknown group android.permission-group.ACCOUNTS
01-01 00:01:39.452 1292-1292/? W/PackageManager: Permission com.google.android.googleapps.permission.GOOGLE_AUTH.local from package com.google.android.gsf in an unknown group android.permission-group.ACCOUNTS
01-01 00:01:39.453 1292-1292/? W/PackageManager: Permission com.google.android.googleapps.permission.GOOGLE_AUTH.ah from package com.google.android.gsf in an unknown group android.permission-group.ACCOUNTS
01-01 00:01:39.453 1292-1292/? W/PackageManager: Permission com.google.android.googleapps.permission.GOOGLE_AUTH.notebook from package com.google.android.gsf in an unknown group android.permission-group.ACCOUNTS
01-01 00:01:39.453 1292-1292/? W/PackageManager: Permission com.google.android.googleapps.permission.GOOGLE_AUTH.writely from package com.google.android.gsf in an unknown group android.permission-group.ACCOUNTS
01-01 00:01:39.453 1292-1292/? W/PackageManager: Permission com.google.android.googleapps.permission.GOOGLE_AUTH.wise from package com.google.android.gsf in an unknown group android.permission-group.ACCOUNTS
01-01 00:01:39.453 1292-1292/? W/PackageManager: Permission com.google.android.googleapps.permission.GOOGLE_AUTH.grandcentral from package com.google.android.gsf in an unknown group android.permission-group.ACCOUNTS
01-01 00:01:39.453 1292-1292/? W/PackageManager: Permission com.google.android.googleapps.permission.GOOGLE_AUTH.speechpersonalization from package com.google.android.gsf in an unknown group android.permission-group.ACCOUNTS
01-01 00:01:39.454 1292-1292/? W/PackageManager: Permission com.google.android.googleapps.permission.GOOGLE_AUTH.speech from package com.google.android.gsf in an unknown group android.permission-group.ACCOUNTS
01-01 00:01:39.454 1292-1292/? W/PackageManager: Permission com.google.android.providers.talk.permission.READ_ONLY from package com.google.android.gsf in an unknown group android.permission-group.MESSAGES
01-01 00:01:39.454 1292-1292/? W/PackageManager: Permission com.google.android.providers.talk.permission.WRITE_ONLY from package com.google.android.gsf in an unknown group android.permission-group.MESSAGES
01-01 00:01:39.454 1292-1292/? W/PackageManager: Permission com.google.android.gtalkservice.permission.GTALK_SERVICE from package com.google.android.gsf in an unknown group android.permission-group.MESSAGES
01-01 00:01:39.454 1292-1292/? W/PackageManager: Permission com.google.android.gtalkservice.permission.SEND_HEARTBEAT from package com.google.android.gsf in an unknown group android.permission-group.NETWORK
01-01 00:01:39.455 1292-1292/? W/PackageManager: Permission com.google.android.permission.BROADCAST_DATA_MESSAGE from package com.google.android.gsf in an unknown group android.permission-group.NETWORK
01-01 00:01:39.455 1292-1292/? W/PackageManager: Permission com.google.android.c2dm.permission.SEND from package com.google.android.gsf in an unknown group android.permission-group.NETWORK
01-01 00:01:39.455 1292-1292/? W/PackageManager: Permission com.google.android.c2dm.permission.RECEIVE from package com.google.android.gsf in an unknown group android.permission-group.NETWORK
01-01 00:01:39.455 1292-1292/? W/PackageManager: Permission com.google.android.xmpp.permission.BROADCAST from package com.google.android.gsf in an unknown group android.permission-group.NETWORK
01-01 00:01:39.455 1292-1292/? W/PackageManager: Permission com.google.android.xmpp.permission.SEND_RECEIVE from package com.google.android.gsf in an unknown group android.permission-group.NETWORK
01-01 00:01:39.455 1292-1292/? W/PackageManager: Permission com.google.android.xmpp.permission.XMPP_ENDPOINT_BROADCAST from package com.google.android.gsf in an unknown group android.permission-group.NETWORK
01-01 00:01:39.456 1292-1292/? W/PackageManager: Permission com.google.android.xmpp.permission.USE_XMPP_ENDPOINT from package com.google.android.gsf in an unknown group android.permission-group.NETWORK
01-01 00:01:39.456 1292-1292/? W/PackageManager: Permission com.google.android.providers.gsf.permission.READ_GSERVICES from package com.google.android.gsf in an unknown group android.permission-group.ACCOUNTS
01-01 00:01:39.524 1292-1292/? I/PackageManager: /system/priv-app/InputDevices changed; collecting certs
01-01 00:01:39.783 1292-1292/? I/PackageManager: /system/priv-app/ManagedProvisioning changed; collecting certs
01-01 00:01:39.970 1292-1292/? I/PackageManager: /system/priv-app/MediaProvider changed; collecting certs
01-01 00:01:40.119 1292-1292/? I/PackageManager: /system/priv-app/MmsService changed; collecting certs
01-01 00:01:40.299 1292-1292/? I/PackageManager: /system/priv-app/MtpDocumentsProvider changed; collecting certs
01-01 00:01:43.153 1292-1292/? I/PackageManager: /system/priv-app/PrebuiltGmsCore changed; collecting certs
01-01 00:01:44.269 1292-1292/? W/PackageManager: Permission com.google.android.gms.permission.ACTIVITY_RECOGNITION from package com.google.android.gms in an unknown group android.permission-group.PERSONAL_INFO
01-01 00:01:44.331 1292-1292/? I/PackageManager: /system/priv-app/ProxyHandler changed; collecting certs
01-01 00:01:44.575 1292-1292/? W/PackageParser: Ignoring duplicate uses-permissions/uses-permissions-sdk-m: android.permission.USE_CREDENTIALS in package: com.android.settings at: Binary XML file line #53
01-01 00:01:44.576 1292-1292/? W/PackageParser: Ignoring duplicate uses-permissions/uses-permissions-sdk-m: android.permission.READ_SYNC_SETTINGS in package: com.android.settings at: Binary XML file line #58
01-01 00:01:44.577 1292-1292/? W/PackageParser: Ignoring duplicate uses-permissions/uses-permissions-sdk-m: android.permission.WRITE_SYNC_SETTINGS in package: com.android.settings at: Binary XML file line #59
01-01 00:01:45.294 1292-1292/? I/PackageManager: /system/priv-app/Settings changed; collecting certs
01-01 00:01:46.061 1292-1292/? I/PackageManager: /system/priv-app/SettingsProvider changed; collecting certs
01-01 00:01:46.336 1292-1292/? I/PackageManager: /system/priv-app/SetupWizard changed; collecting certs
01-01 00:01:46.553 1292-1292/? I/PackageManager: /system/priv-app/SharedStorageBackup changed; collecting certs
01-01 00:01:46.658 1292-1292/? W/PackageParser: Ignoring duplicate uses-permissions/uses-permissions-sdk-m: android.permission.INSTALL_GRANT_RUNTIME_PERMISSIONS in package: com.android.shell at: Binary XML file line #102
01-01 00:01:46.691 1292-1292/? I/PackageManager: /system/priv-app/Shell changed; collecting certs
01-01 00:01:46.785 1292-1292/? I/PackageManager: /system/priv-app/StatementService changed; collecting certs
01-01 00:01:47.002 1292-1292/? I/PackageManager: /system/priv-app/StorageManager changed; collecting certs
01-01 00:01:47.190 1292-1292/? W/PackageParser: Ignoring duplicate uses-permissions/uses-permissions-sdk-m: android.permission.CONFIGURE_WIFI_DISPLAY in package: com.android.systemui at: Binary XML file line #123
01-01 00:01:47.239 1292-1292/? I/PackageManager: /system/priv-app/SystemUI changed; collecting certs
01-01 00:01:47.639 1292-1292/? I/PackageManager: /system/priv-app/TeleService changed; collecting certs
01-01 00:01:47.937 1292-1292/? I/PackageManager: /system/priv-app/Telecom changed; collecting certs
01-01 00:01:48.153 1292-1292/? I/PackageManager: /system/priv-app/TelephonyProvider changed; collecting certs
01-01 00:01:48.408 1292-1292/? W/PackageParser: Ignoring duplicate uses-permissions/uses-permissions-sdk-m: android.permission.READ_PHONE_STATE in package: com.google.android.googlequicksearchbox at: Binary XML file line #143
01-01 00:01:48.409 1292-1292/? W/PackageParser: Ignoring duplicate uses-permissions/uses-permissions-sdk-m: android.permission.CAMERA in package: com.google.android.googlequicksearchbox at: Binary XML file line #144
01-01 00:01:48.692 1292-1292/? I/PackageManager: /system/priv-app/Velvet changed; collecting certs
01-01 00:01:49.792 1292-1292/? W/PackageManager: Permission com.google.android.launcher.permission.READ_SETTINGS from package com.google.android.googlequicksearchbox in an unknown group android.permission-group.SYSTEM_TOOLS
01-01 00:01:49.793 1292-1292/? W/PackageManager: Permission com.google.android.launcher.permission.WRITE_SETTINGS from package com.google.android.googlequicksearchbox in an unknown group android.permission-group.SYSTEM_TOOLS
01-01 00:01:49.793 1292-1292/? W/PackageManager: Permission com.android.launcher.permission.INSTALL_SHORTCUT from package com.google.android.googlequicksearchbox in an unknown group android.permission-group.SYSTEM_TOOLS
01-01 00:01:49.863 1292-1292/? I/PackageManager: /system/priv-app/VpnDialogs changed; collecting certs
01-01 00:01:49.994 1292-1292/? I/PackageManager: /system/app/BasicDreams changed; collecting certs
01-01 00:01:50.089 1292-1292/? I/PackageManager: /system/app/BookmarkProvider changed; collecting certs
01-01 00:01:50.265 1292-1292/? I/PackageManager: /system/app/Browser2 changed; collecting certs
01-01 00:01:50.739 1292-1292/? I/PackageManager: /system/app/CalendarGooglePrebuilt changed; collecting certs
01-01 00:01:51.354 1292-1292/? W/PackageManager: Non-privileged app; cap priority to 0; package: com.google.android.calendar activity: com.android.calendar.event.LaunchInfoActivity origPrio: 50
01-01 00:01:51.411 1292-1292/? I/PackageManager: /system/app/CaptivePortalLogin changed; collecting certs
01-01 00:01:51.487 1292-1292/? I/PackageManager: /system/app/CertInstaller changed; collecting certs
01-01 00:01:51.995 1292-1292/? I/PackageManager: /system/app/Chrome changed; collecting certs
01-01 00:01:56.488 1292-1292/? W/PackageManager: Permission com.android.chrome.permission.DEBUG from package com.android.chrome in an unknown group android.permission-group.DEVELOPMENT_TOOLS
01-01 00:01:56.549 1292-1292/? I/PackageManager: /system/app/CtsShimPrebuilt changed; collecting certs
01-01 00:01:56.593 1292-1292/? W/PackageManager: Non-privileged app; cap priority to 0; package: com.android.cts.ctsshim activity: com.android.cts.ctsshim.InstallPriority origPrio: 100
01-01 00:01:56.593 1292-1292/? W/PackageManager: Non-privileged app; cap priority to 0; package: com.android.cts.ctsshim activity: com.android.cts.ctsshim.InstallPriority origPrio: 100
01-01 00:01:56.593 1292-1292/? W/PackageManager: Non-privileged app; cap priority to 0; package: com.android.cts.ctsshim activity: com.android.cts.ctsshim.InstallPriority origPrio: 100
01-01 00:01:56.594 1292-1292/? W/PackageManager: Non-privileged app; cap priority to 0; package: com.android.cts.ctsshim activity: com.android.cts.ctsshim.InstallPriority origPrio: 100
01-01 00:01:56.594 1292-1292/? W/PackageManager: Non-privileged app; cap priority to 0; package: com.android.cts.ctsshim activity: com.android.cts.ctsshim.InstallPriority origPrio: 100
01-01 00:01:56.640 1292-1292/? I/PackageManager: /system/app/CustomLocale changed; collecting certs
01-01 00:01:56.782 1292-1292/? I/PackageManager: /system/app/Development changed; collecting certs
01-01 00:01:56.948 1292-1292/? I/PackageManager: /system/app/DownloadProviderUi changed; collecting certs
01-01 00:01:57.329 1292-1292/? I/PackageManager: /system/app/Drive changed; collecting certs
01-01 00:01:57.914 1292-1292/? W/PackageManager: Permission com.google.android.apps.docs.permission.READ_MY_DATA from package com.google.android.apps.docs in an unknown group android.permission-group.PERSONAL_INFO
01-01 00:01:57.914 1292-1292/? W/PackageManager: Permission com.google.android.apps.docs.permission.SYNC_STATUS from package com.google.android.apps.docs in an unknown group android.permission-group.PERSONAL_INFO
01-01 00:01:57.948 1292-1292/? I/PackageManager: /system/app/EasterEgg changed; collecting certs
01-01 00:01:58.038 1292-1292/? I/PackageManager: /system/app/EmulatorSmokeTests changed; collecting certs
01-01 00:01:58.168 1292-1292/? I/PackageManager: /system/app/ExactCalculator changed; collecting certs
01-01 00:01:58.268 1292-1292/? I/PackageManager: /system/app/Fallback changed; collecting certs
01-01 00:01:58.407 1292-1292/? W/PackageParser: Unknown element under <application>: permission at /system/app/Gallery2/Gallery2.apk Binary XML file line #238
01-01 00:01:58.407 1292-1292/? W/PackageParser: Unknown element under <application>: permission at /system/app/Gallery2/Gallery2.apk Binary XML file line #241
01-01 00:01:58.437 1292-1292/? I/PackageManager: /system/app/Gallery2 changed; collecting certs
01-01 00:01:58.744 1292-1292/? I/PackageManager: /system/app/GoogleContactsSyncAdapter changed; collecting certs
01-01 00:01:58.810 1292-1292/? I/PackageManager: /system/app/GoogleExtShared changed; collecting certs
01-01 00:01:58.901 1292-1292/? I/PackageManager: /system/app/GooglePrintRecommendationService changed; collecting certs
01-01 00:01:59.042 1292-1292/? I/PackageManager: /system/app/GoogleTTS changed; collecting certs
01-01 00:01:59.982 1292-1292/? I/PackageManager: /system/app/HTMLViewer changed; collecting certs
01-01 00:02:01.000 1292-1292/? I/PackageManager: /system/app/Hangouts changed; collecting certs
01-01 00:02:02.077 1292-1292/? W/PackageManager: Non-privileged app; cap priority to 0; package: com.google.android.talk activity: com.google.android.apps.hangouts.phone.BabelHomeActivity origPrio: 999
01-01 00:02:02.078 1292-1292/? W/PackageManager: Non-privileged app; cap priority to 0; package: com.google.android.talk activity: com.google.android.apps.hangouts.phone.HangoutUrlHandlerActivity origPrio: 999
01-01 00:02:02.078 1292-1292/? W/PackageManager: Non-privileged app; cap priority to 0; package: com.google.android.talk activity: com.google.android.apps.hangouts.phone.HangoutUrlHandlerActivity origPrio: 999
01-01 00:02:02.079 1292-1292/? W/PackageManager: Non-privileged app; cap priority to 0; package: com.google.android.talk activity: com.google.android.apps.hangouts.phone.ConversationUrlHandlerActivity origPrio: 999
01-01 00:02:02.079 1292-1292/? W/PackageManager: Non-privileged app; cap priority to 0; package: com.google.android.talk activity: com.google.android.apps.hangouts.phone.ConversationUrlHandlerActivity origPrio: 999
01-01 00:02:02.116 1292-1292/? I/PackageManager: /system/app/KeyChain changed; collecting certs
01-01 00:02:02.287 1292-1292/? I/PackageManager: /system/app/LatinIME changed; collecting certs
01-01 00:02:02.908 1292-1292/? I/PackageManager: /system/app/Launcher3 changed; collecting certs
01-01 00:02:02.975 1292-1292/? W/PackageManager: Permission com.android.launcher3.permission.READ_SETTINGS from package com.android.launcher3 in an unknown group android.permission-group.SYSTEM_TOOLS
01-01 00:02:02.975 1292-1292/? W/PackageManager: Permission com.android.launcher3.permission.WRITE_SETTINGS from package com.android.launcher3 in an unknown group android.permission-group.SYSTEM_TOOLS
01-01 00:02:02.975 1292-1292/? W/PackageManager: Permission com.android.launcher.permission.INSTALL_SHORTCUT from package com.android.launcher3 in an unknown group android.permission-group.SYSTEM_TOOLS
01-01 00:02:03.038 1292-1292/? I/PackageManager: /system/app/LegacyCamera changed; collecting certs
01-01 00:02:03.286 1292-1292/? I/PackageManager: /system/app/LicenseChecker changed; collecting certs
01-01 00:02:03.315 1292-1292/? W/PackageManager: Permission com.android.vending.CHECK_LICENSE from package com.android.vending in an unknown group android.permission-group.NETWORK
01-01 00:02:03.366 1292-1292/? I/PackageManager: /system/app/LiveWallpapersPicker changed; collecting certs
01-01 00:02:03.562 1292-1292/? W/PackageParser: Ignoring duplicate uses-permissions/uses-permissions-sdk-m: android.permission.WAKE_LOCK in package: com.google.android.apps.maps at: Binary XML file line #120
01-01 00:02:03.909 1292-1292/? I/PackageManager: /system/app/Maps changed; collecting certs
01-01 00:02:05.214 1292-1292/? I/PackageManager: /system/app/Music2 changed; collecting certs
01-01 00:02:05.923 1292-1292/? I/PackageManager: /system/app/NetSpeed changed; collecting certs
01-01 00:02:06.000 1292-1292/? I/PackageManager: /system/app/OpenWnn changed; collecting certs
01-01 00:02:06.113 1292-1292/? I/PackageManager: /system/app/PacProcessor changed; collecting certs
01-01 00:02:06.160 1292-1292/? I/PackageManager: /system/app/PartnerBookmarksProvider changed; collecting certs
01-01 00:02:06.642 1292-1292/? I/PackageManager: /system/app/Photos changed; collecting certs
01-01 00:02:07.789 1292-1292/? I/PackageManager: /system/app/PrebuiltBugle changed; collecting certs
01-01 00:02:08.620 1292-1292/? I/PackageManager: /system/app/PrebuiltDeskClockGoogle changed; collecting certs
01-01 00:02:09.050 1292-1292/? W/PackageParser: No actions in intent filter at /system/app/PrebuiltGmail/PrebuiltGmail.apk Binary XML file line #266
01-01 00:02:09.286 1292-1292/? I/PackageManager: /system/app/PrebuiltGmail changed; collecting certs
01-01 00:02:09.815 1292-1292/? W/PackageManager: Permission com.google.android.gm.email.permission.READ_ATTACHMENT from package com.google.android.gm in an unknown group android.permission-group.MESSAGES
01-01 00:02:09.815 1292-1292/? W/PackageManager: Permission com.google.android.gm.permission.READ_GMAIL from package com.google.android.gm in an unknown group android.permission-group.MESSAGES
01-01 00:02:09.815 1292-1292/? W/PackageManager: Permission com.google.android.gm.permission.WRITE_GMAIL from package com.google.android.gm in an unknown group android.permission-group.MESSAGES
01-01 00:02:09.815 1292-1292/? W/PackageManager: Permission com.google.android.gm.permission.AUTO_SEND from package com.google.android.gm in an unknown group android.permission-group.MESSAGES
01-01 00:02:09.841 1292-1292/? W/PackageManager: Permission com.google.android.gm.permission.READ_CONTENT_PROVIDER from package com.google.android.gm in an unknown group android.permission-group.MESSAGES
01-01 00:02:09.908 1292-1292/? I/PackageManager: /system/app/PrintSpooler changed; collecting certs
01-01 00:02:10.065 1292-1292/? I/PackageManager: /system/app/Protips changed; collecting certs
01-01 00:02:10.178 1292-1292/? I/PackageManager: /system/app/UserDictionaryProvider changed; collecting certs
01-01 00:02:10.538 1292-1292/? I/PackageManager: /system/app/Videos changed; collecting certs
01-01 00:02:10.897 1292-1292/? I/PackageManager: /system/app/WallpaperBackup changed; collecting certs
01-01 00:02:10.987 1292-1292/? I/PackageManager: /system/app/WebViewGoogle changed; collecting certs
01-01 00:02:15.094 1292-1292/? I/PackageManager: /system/app/YouTube changed; collecting certs
01-01 00:02:17.093 1292-1292/? W/PackageParser: No actions in intent filter at /data/app/ApiDemos/ApiDemos.apk Binary XML file line #3145
01-01 00:02:17.094 1292-1292/? W/PackageParser: No actions in intent filter at /data/app/ApiDemos/ApiDemos.apk Binary XML file line #3151
01-01 00:02:17.114 1292-1292/? I/PackageManager: /data/app/ApiDemos changed; collecting certs
01-01 00:02:17.385 1292-1292/? W/PackageManager: Package com.example.android.apis desires unavailable shared library com.example.will.never.exist; ignoring!
01-01 00:02:17.461 1292-1292/? I/PackageManager: /data/app/CubeLiveWallpapers changed; collecting certs
01-01 00:02:17.539 1292-1292/? I/PackageManager: /data/app/GestureBuilder changed; collecting certs
01-01 00:02:17.633 1292-1292/? I/PackageManager: /data/app/SmokeTest changed; collecting certs
01-01 00:02:17.738 1292-1292/? I/PackageManager: /data/app/SmokeTestApp changed; collecting certs
01-01 00:02:17.843 1292-1292/? I/PackageManager: /data/app/SoftKeyboard changed; collecting certs
01-01 00:02:17.940 1292-1292/? I/PackageManager: /data/app/WidgetPreview changed; collecting certs
01-01 00:02:18.039 1292-1292/? W/PackageManager: Protected action; cap priority to 0; package: com.android.cts.priv.ctsshim activity: com.android.cts.priv.ctsshim.InstallPriority origPrio: 100
01-01 00:02:18.040 1292-1292/? W/PackageManager: Protected action; cap priority to 0; package: com.android.cts.priv.ctsshim activity: com.android.cts.priv.ctsshim.InstallPriority origPrio: 100
01-01 00:02:18.040 1292-1292/? W/PackageManager: Protected action; cap priority to 0; package: com.android.cts.priv.ctsshim activity: com.android.cts.priv.ctsshim.InstallPriority origPrio: 100
01-01 00:02:18.040 1292-1292/? W/PackageManager: Protected action; cap priority to 0; package: com.android.cts.priv.ctsshim activity: com.android.cts.priv.ctsshim.InstallPriority origPrio: 100
01-01 00:02:18.040 1292-1292/? W/PackageManager: Protected action; cap priority to 0; package: com.google.android.packageinstaller activity: com.android.packageinstaller.PackageInstallerActivity origPrio: 1
01-01 00:02:18.059 1292-1292/? W/PackageManager: Protected action; cap priority to 0; package: com.google.android.gms activity: com.google.android.gms.appinvite.AppInviteAcceptInvitationActivity origPrio: 900
01-01 00:02:18.059 1292-1292/? W/PackageManager: Protected action; cap priority to 0; package: com.google.android.gms activity: com.google.android.gms.auth.managed.ui.SetupWorkProfileActivity origPrio: 999
01-01 00:02:18.059 1292-1292/? W/PackageManager: Protected action; cap priority to 0; package: com.google.android.gms activity: com.google.android.gms.matchstick.ui.EntryActivity origPrio: 999
01-01 00:02:18.059 1292-1292/? W/PackageManager: Protected action; cap priority to 0; package: com.google.android.gms activity: com.google.android.gms.tapandpay.tokenization.AddNewCardThroughBrowserActivity origPrio: 999
01-01 00:02:18.059 1292-1292/? W/PackageManager: Protected action; cap priority to 0; package: com.google.android.gms activity: com.google.android.gms.walletp2p.feature.transfer.TransferMoneyActivity origPrio: 900
01-01 00:02:18.063 1292-1292/? E/PackageManager: updateAllSharedLibrariesLPw failed: Package com.google.android.dialer requires unavailable shared library com.google.android.dialer.support; failing!
01-01 00:02:18.063 1292-1292/? W/PackageManager: Package com.google.android.gms desires unavailable shared library com.google.android.ble; ignoring!
01-01 00:02:18.063 1292-1292/? W/PackageManager: Package com.google.android.gms desires unavailable shared library com.google.android.wearable; ignoring!
01-01 00:02:18.063 1292-1292/? W/PackageManager: Package com.google.android.videos desires unavailable shared library com.google.widevine.software.drm; ignoring!
01-01 00:02:18.063 1292-1292/? W/PackageManager: Package com.example.android.apis desires unavailable shared library com.example.will.never.exist; ignoring!
01-01 00:02:18.065 1292-1292/? I/PackageManager: Adjusting ABI for com.android.providers.media to arm64-v8a (requirer=com.android.mtp, scannedPackage=null)
01-01 00:02:18.076 1292-1292/? I/PackageManager: Adjusting ABI for com.android.providers.downloads.ui to arm64-v8a (requirer=com.android.mtp, scannedPackage=null)
01-01 00:02:18.079 1292-1292/? I/PackageManager: Adjusting ABI for com.android.providers.downloads to arm64-v8a (requirer=com.android.mtp, scannedPackage=null)
01-01 00:02:18.092 1292-1292/? I/PackageManager: Adjusting ABI for com.google.android.backuptransport to arm64-v8a (requirer=com.google.android.gms, scannedPackage=null)
01-01 00:02:18.096 1292-1292/? I/PackageManager: Adjusting ABI for com.google.android.gsf to arm64-v8a (requirer=com.google.android.gms, scannedPackage=null)
01-01 00:02:18.099 1292-1292/? I/PackageManager: Adjusting ABI for com.google.android.gsf.login to arm64-v8a (requirer=com.google.android.gms, scannedPackage=null)
01-01 00:02:18.102 1292-1292/? I/PackageManager: Adjusting ABI for com.android.settings to arm64-v8a (requirer=android, scannedPackage=null)
01-01 00:02:18.105 1292-1292/? I/PackageManager: Adjusting ABI for com.android.providers.settings to arm64-v8a (requirer=android, scannedPackage=null)
01-01 00:02:18.112 1292-1292/? I/PackageManager: Adjusting ABI for com.android.inputdevices to arm64-v8a (requirer=android, scannedPackage=null)
01-01 00:02:18.118 1292-1292/? I/PackageManager: Adjusting ABI for com.android.location.fused to arm64-v8a (requirer=android, scannedPackage=null)
01-01 00:02:18.135 1292-1292/? I/PackageManager: Adjusting ABI for com.android.wallpaperbackup to arm64-v8a (requirer=android, scannedPackage=null)
01-01 00:02:18.152 1292-1292/? I/PackageManager: Adjusting ABI for com.android.keychain to arm64-v8a (requirer=android, scannedPackage=null)
01-01 00:02:18.161 1292-1292/? I/PackageManager: Adjusting ABI for com.android.server.telecom to arm64-v8a (requirer=android, scannedPackage=null)
01-01 00:02:18.301 1292-1292/? I/PackageManager: Time to scan packages: 50.11 seconds
01-01 00:02:18.312 1292-1292/? W/PackageManager: Not granting permission android.permission.MANAGE_DOCUMENTS to package com.google.android.youtube (protectionLevel=2 flags=0x3c59be45)
01-01 00:02:18.314 1292-1292/? W/PackageManager: Unknown permission com.google.android.launcher.permission.CONTENT_REDIRECT in package com.google.android.googlequicksearchbox
01-01 00:02:18.315 1292-1292/? W/PackageManager: Unknown permission com.google.android.voicesearch.SHORTCUTS_ACCESS in package com.google.android.googlequicksearchbox
01-01 00:02:18.315 1292-1292/? W/PackageManager: Unknown permission com.google.android.voicesearch.ACCESS_SETTINGS in package com.google.android.googlequicksearchbox
01-01 00:02:18.315 1292-1292/? W/PackageManager: Unknown permission com.android.browser.permission.PRELOAD in package com.google.android.googlequicksearchbox
01-01 00:02:18.315 1292-1292/? W/PackageManager: Unknown permission com.google.android.ears.permission.WRITE in package com.google.android.googlequicksearchbox
01-01 00:02:18.317 1292-1292/? W/PackageManager: Unknown permission com.google.android.apps.googlevoice.permission.AUTO_SEND in package com.google.android.googlequicksearchbox
01-01 00:02:18.318 1292-1292/? W/PackageManager: Unknown permission com.android.chrome.PRERENDER_URL in package com.google.android.googlequicksearchbox
01-01 00:02:18.319 1292-1292/? W/PackageManager: Not granting permission com.google.android.googleapps.permission.GOOGLE_AUTH to package com.android.providers.calendar (protectionLevel=2 flags=0x30083e45)
01-01 00:02:18.319 1292-1292/? W/PackageManager: Not granting permission com.google.android.googleapps.permission.GOOGLE_AUTH.cl to package com.android.providers.calendar (protectionLevel=2 flags=0x30083e45)
01-01 00:02:18.336 1292-1292/? W/PackageManager: Unknown permission com.android.launcher.permission.READ_SETTINGS in package com.android.launcher3
01-01 00:02:18.336 1292-1292/? W/PackageManager: Unknown permission com.android.launcher.permission.WRITE_SETTINGS in package com.android.launcher3
01-01 00:02:18.337 1292-1292/? W/PackageManager: Not granting permission android.permission.BIND_APPWIDGET to package com.android.launcher3 (protectionLevel=18 flags=0x3c4bbe45)
01-01 00:02:18.340 1292-1292/? W/PackageManager: Unknown permission com.google.android.email.permission.ACCESS_PROVIDER in package com.google.android.gm
01-01 00:02:18.342 1292-1292/? W/PackageManager: Unknown permission com.google.android.gm.exchange.BIND in package com.google.android.gm
01-01 00:02:18.342 1292-1292/? W/PackageManager: Unknown permission com.android.email.partnerprovider.PARTNER_PROVIDER in package com.google.android.gm
01-01 00:02:18.346 1292-1292/? W/PackageManager: Unknown permission com.android.vending.TOS_ACKED in package com.google.android.setupwizard
01-01 00:02:18.347 1292-1292/? W/PackageManager: Unknown permission com.android.vending.setup.PLAY_SETUP_SERVICE in package com.google.android.setupwizard
01-01 00:02:18.348 1292-1292/? W/PackageManager: Unknown permission com.samsung.android.providers.context.permission.WRITE_USE_APP_FEATURE_SURVEY in package com.google.android.music
01-01 00:02:18.352 1292-1292/? W/PackageManager: Unknown permission com.android.vending.BILLING in package com.google.android.apps.docs
01-01 00:02:18.353 1292-1292/? W/PackageManager: Unknown permission android.permission.WRITE_SYNC_STATS in package com.google.android.apps.docs
01-01 00:02:18.359 1292-1292/? W/PackageManager: Not granting permission android.permission.INTERACT_ACROSS_USERS to package com.google.android.syncadapters.contacts (protectionLevel=50 flags=0x38083e45)
01-01 00:02:18.360 1292-1292/? W/PackageManager: Unknown permission com.google.android.syncadapters.contacts.permission.GAL_SEARCH in package com.google.android.syncadapters.contacts
01-01 00:02:18.361 1292-1292/? W/PackageManager: Unknown permission com.chrome.permission.DEVICE_EXTRAS in package com.android.chrome
01-01 00:02:18.362 1292-1292/? W/PackageManager: Unknown permission com.sec.enterprise.knox.MDM_CONTENT_PROVIDER in package com.android.chrome
01-01 00:02:18.363 1292-1292/? W/PackageManager: Not granting permission android.permission.CLEAR_APP_USER_DATA to package com.google.android.packageinstaller (protectionLevel=258 flags=0x38483e45)
01-01 00:02:18.364 1292-1292/? W/PackageManager: Not granting permission android.permission.GRANT_RUNTIME_PERMISSIONS to package com.google.android.packageinstaller (protectionLevel=770 flags=0x38483e45)
01-01 00:02:18.364 1292-1292/? W/PackageManager: Not granting permission android.permission.REVOKE_RUNTIME_PERMISSIONS to package com.google.android.packageinstaller (protectionLevel=770 flags=0x38483e45)
01-01 00:02:18.364 1292-1292/? W/PackageManager: Not granting permission android.permission.INSTALL_GRANT_RUNTIME_PERMISSIONS to package com.google.android.packageinstaller (protectionLevel=770 flags=0x38483e45)
01-01 00:02:18.364 1292-1292/? W/PackageManager: Not granting permission android.permission.INTERACT_ACROSS_USERS_FULL to package com.google.android.packageinstaller (protectionLevel=258 flags=0x38483e45)
01-01 00:02:18.364 1292-1292/? W/PackageManager: Not granting permission android.permission.KILL_UID to package com.google.android.packageinstaller (protectionLevel=258 flags=0x38483e45)
01-01 00:02:18.365 1292-1292/? W/PackageManager: Not granting permission android.permission.MANAGE_APP_OPS_RESTRICTIONS to package com.google.android.packageinstaller (protectionLevel=258 flags=0x38483e45)
01-01 00:02:18.365 1292-1292/? W/PackageManager: Unknown permission com.google.android.permission.INSTALL_WEARABLE_PACKAGES in package com.google.android.packageinstaller
01-01 00:02:18.367 1292-1292/? W/PackageManager: Unknown permission android.permission.RECOVER_KEYSTORE in package com.google.android.gms
01-01 00:02:18.367 1292-1292/? W/PackageManager: Unknown permission android.permission.PRE_FACTORY_RESET in package com.google.android.gms
01-01 00:02:18.368 1292-1292/? W/PackageManager: Unknown permission com.google.android.apps.enterprise.dmagent.permission.AutoSyncPermission in package com.google.android.gms
01-01 00:02:18.369 1292-1292/? W/PackageManager: Unknown permission com.google.android.wearable.WRITE_SETTINGS in package com.google.android.gms
01-01 00:02:18.369 1292-1292/? W/PackageManager: Not granting permission android.permission.BIND_NOTIFICATION_LISTENER_SERVICE to package com.google.android.gms (protectionLevel=2 flags=0xb8483e45)
01-01 00:02:18.369 1292-1292/? W/PackageManager: Unknown permission com.google.android.finsky.permission.INSTANT_APP_STATE in package com.google.android.gms
01-01 00:02:18.374 1292-1292/? W/PackageManager: Unknown permission com.google.android.finsky.permission.GEARHEAD_SERVICE in package com.google.android.gms
01-01 00:02:18.374 1292-1292/? W/PackageManager: Unknown permission com.google.android.permission.ACCESSIBILITY_SCAN_SERVICE in package com.google.android.gms
01-01 00:02:18.374 1292-1292/? W/PackageManager: Unknown permission android.permission.ACTIVITY_EMBEDDING in package com.google.android.gms
01-01 00:02:18.374 1292-1292/? W/PackageManager: Unknown permission android.permission.PROVIDE_RESOLVER_RANKER_SERVICE in package com.google.android.gms
01-01 00:02:18.375 1292-1292/? W/PackageManager: Unknown permission com.google.android.wearable.READ_SETTINGS in package com.google.android.gms
01-01 00:02:18.377 1292-1292/? W/PackageManager: Unknown permission android.permission.MANAGE_SUBSCRIPTION_PLANS in package com.google.android.gms
01-01 00:02:18.377 1292-1292/? W/PackageManager: Unknown permission com.android.vending.setup.PLAY_SETUP_SERVICE in package com.google.android.gms
01-01 00:02:18.378 1292-1292/? W/PackageManager: Unknown permission com.google.android.gms.game.notifications.permission.WRITE in package com.google.android.gms
01-01 00:02:18.379 1292-1292/? W/PackageManager: Unknown permission com.google.android.vending.verifier.ACCESS_VERIFIER in package com.google.android.gms
