03-29 02:53:00.345 1292-2374/? W/ResourceType: No known package when getting value for resource number 0x7f10014f
03-29 02:53:00.547 1292-2374/? W/ResourceType: No known package when getting value for resource number 0x7f020207
03-29 02:53:00.547 1292-2374/? W/ResourceType: No known package when getting value for resource number 0x7f0901d8
03-29 02:53:00.547 1292-2374/? W/ResourceType: No known package when getting value for resource number 0x7f0901d5
03-29 02:53:00.548 1292-2374/? W/ResourceType: No known package when getting value for resource number 0x7f0901d5
03-29 02:53:00.548 1292-2374/? W/ResourceType: No known package when getting value for resource number 0x7f020208
03-29 02:53:00.549 1292-2374/? W/ResourceType: No known package when getting value for resource number 0x7f0901d6
03-29 02:53:00.549 1292-2374/? W/ResourceType: No known package when getting value for resource number 0x7f0901d3
03-29 02:53:00.549 1292-2374/? W/ResourceType: No known package when getting value for resource number 0x7f0901d3
03-29 02:53:00.549 1292-2374/? W/ResourceType: No known package when getting value for resource number 0x7f020209
03-29 02:53:00.550 1292-2374/? W/ResourceType: No known package when getting value for resource number 0x7f0901d7
03-29 02:53:00.550 1292-2374/? W/ResourceType: No known package when getting value for resource number 0x7f0901d4
03-29 02:53:00.550 1292-2374/? W/ResourceType: No known package when getting value for resource number 0x7f0901d4
03-29 02:53:00.846 1292-2374/? W/ResourceType: No known package when getting value for resource number 0x7f020087
03-29 02:53:00.846 1292-2374/? W/ResourceType: No known package when getting value for resource number 0x7f090189
03-29 02:53:00.940 2353-2353/? I/LoadedApk: No resource references to update in package FFFFFFFFFFFFFFFFFFFFFF
03-29 02:53:01.070 1292-2374/? W/ResourceType: No known package when getting value for resource number 0x7f020018
03-29 02:53:01.070 1292-2374/? W/ResourceType: No known package when getting value for resource number 0x7f0b016c
03-29 02:53:01.266 1877-1893/? D/EGL_emulation: eglMakeCurrent: 0x76199a81e0: ver 3 1 (tinfo 0x762248e560)
03-29 02:53:01.332 1292-2374/? W/ResourceType: No known package when getting value for resource number 0x7f020444
03-29 02:53:01.332 1292-2374/? W/ResourceType: No known package when getting value for resource number 0x7f0a030c
03-29 02:53:01.332 1292-2374/? W/ResourceType: No known package when getting value for resource number 0x7f0a030c
03-29 02:53:01.333 1292-2374/? W/ResourceType: No known package when getting value for resource number 0x7f0a030d
03-29 02:53:01.678 2424-2424/? W/System: ClassLoader referenced unknown path: /system/priv-app/GoogleServicesFramework/lib/arm64
03-29 02:53:01.879 1292-2374/? W/ResourceType: No known package when getting value for resource number 0x7f0202df
03-29 02:53:01.879 1292-2374/? W/ResourceType: No known package when getting value for resource number 0x7f110483
03-29 02:53:01.880 1292-2374/? W/ResourceType: No known package when getting value for resource number 0x7f0202e0
03-29 02:53:01.880 1292-2374/? W/ResourceType: No known package when getting value for resource number 0x7f1104c9
03-29 02:53:01.881 1292-2374/? W/ResourceType: No known package when getting value for resource number 0x7f0202e1
03-29 02:53:01.881 1292-2374/? W/ResourceType: No known package when getting value for resource number 0x7f1104e1
03-29 02:53:02.032 1292-1292/? I/AccountManagerService: User 0 is unlocked - opening CE database
03-29 02:53:02.053 1292-1321/? W/art: Long monitor contention with owner Thread-25 (2374) at void com.android.server.pm.ShortcutService.-com_android_server_pm_ShortcutService_lambda$7(long, int)(ShortcutService.java:578) waiters=0 in void com.android.server.pm.ShortcutService.handleOnUidStateChanged(int, int) for 6.687s
03-29 02:53:02.418 1292-1292/? I/AccountManagerService: Creating CE database /data/system_ce/0/accounts_ce.db
03-29 02:53:02.436 2424-2424/? I/GservicesProvider: Gservices pushing to system: true; secure/global: true
03-29 02:53:02.719 1292-1292/? D/WifiService: resetting networks because SIM was loaded
03-29 02:53:02.722 1292-1620/? D/WifiStateMachine: resetting EAP-SIM/AKA/AKA' networks since SIM was changed
03-29 02:53:02.725 1292-1292/? V/BackupManagerService: Connected to transport ComponentInfo{android/com.android.internal.backup.LocalTransportService}
03-29 02:53:02.726 1292-1292/? V/BackupManagerService: Registering transport android/com.android.internal.backup.LocalTransportService::android/com.android.internal.backup.LocalTransport = android.app.backup.BackupTransport$TransportImpl@fd1a592
03-29 02:53:03.103 1292-1628/? D/ConnectivityService: NetworkAgentInfo [MOBILE (LTE) - 100] validation failed
03-29 02:53:03.611 2403-2403/? I/SetupWizard.AddContactsIntentService: Starting intent to add contacts
03-29 02:53:03.841 1292-2021/? I/ActivityManager: START u0 {act=android.intent.action.MAIN cat=[android.intent.category.HOME] flg=0x10000100 cmp=com.google.android.sdksetup/.DefaultActivity} from uid 0 on display 0
03-29 02:53:04.077 1292-1292/? W/IInputConnectionWrapper: reportFullscreenMode on inexistent InputConnection
03-29 02:53:04.140 1292-2021/? W/ActivityManager: Slow operation: 253ms so far, now at startProcess: returned from zygote!
03-29 02:53:04.140 1292-2021/? W/ActivityManager: Slow operation: 254ms so far, now at startProcess: done updating battery stats
03-29 02:53:04.141 1292-2021/? W/ActivityManager: Slow operation: 254ms so far, now at startProcess: building log message
03-29 02:53:04.141 1292-2021/? I/ActivityManager: Start proc 2465:com.google.android.sdksetup/u0a20 for activity com.google.android.sdksetup/.DefaultActivity
03-29 02:53:04.141 1292-2021/? W/ActivityManager: Slow operation: 254ms so far, now at startProcess: starting to update pids map
03-29 02:53:04.141 1292-2021/? W/ActivityManager: Slow operation: 255ms so far, now at startProcess: done updating pids map
03-29 02:53:04.141 1292-2021/? W/ActivityManager: Slow operation: 264ms so far, now at startProcess: done starting proc!
03-29 02:53:04.143 1292-1320/? W/art: Long monitor contention with owner Binder:1292_6 (2021) at void com.android.server.am.ActivityManagerService.activityPaused(android.os.IBinder)(ActivityManagerService.java:6916) waiters=0 in void com.android.server.am.ActivityManagerService$MainHandler.handleMessage(android.os.Message) for 270ms
03-29 02:53:04.739 1292-1292/? I/DevicePolicyManagerService: Set ro.device_owner property to false
03-29 02:53:04.842 901-933/? D/gralloc_ranchu: gralloc_alloc: Creating ashmem region of size 5529600
03-29 02:53:04.924 2424-2435/? I/art: Background sticky concurrent mark sweep GC freed 17755(2038KB) AllocSpace objects, 0(0B) LOS objects, 57% free, 1662KB/3MB, paused 1.993ms total 879.027ms
03-29 02:53:05.203 1292-1641/? W/ActivityManager: Slow operation: 585ms so far, now at startProcess: returned from zygote!
03-29 02:53:05.203 1292-1641/? W/ActivityManager: Slow operation: 586ms so far, now at startProcess: done updating battery stats
03-29 02:53:05.204 1292-1641/? W/ActivityManager: Slow operation: 586ms so far, now at startProcess: building log message
03-29 02:53:05.204 1292-1641/? I/ActivityManager: Start proc 2480:com.google.android.googlequicksearchbox:search/u0a28 for service com.google.android.googlequicksearchbox/com.google.android.hotword.service.HotwordService
03-29 02:53:05.204 1292-1641/? W/ActivityManager: Slow operation: 587ms so far, now at startProcess: starting to update pids map
03-29 02:53:05.204 1292-1641/? W/ActivityManager: Slow operation: 587ms so far, now at startProcess: done updating pids map
03-29 02:53:05.205 1292-1641/? W/ActivityManager: Slow operation: 588ms so far, now at startProcess: done starting proc!
03-29 02:53:05.205 1292-2130/? W/art: Long monitor contention with owner Binder:1292_3 (1641) at int com.android.server.am.ActivityManagerService.bindService(android.app.IApplicationThread, android.os.IBinder, android.content.Intent, java.lang.String, android.app.IServiceConnection, int, java.lang.String, int)(ActivityManagerService.java:17301) waiters=0 in int com.android.server.am.ActivityManagerService.broadcastIntent(android.app.IApplicationThread, android.content.Intent, java.lang.String, android.content.IIntentReceiver, int, java.lang.String, android.os.Bundle, java.lang.String[], int, android.os.Bundle, boolean, boolean, int) for 522ms
03-29 02:53:05.207 1292-1320/? W/art: Long monitor contention with owner Binder:1292_3 (1641) at int com.android.server.am.ActivityManagerService.bindService(android.app.IApplicationThread, android.os.IBinder, android.content.Intent, java.lang.String, android.app.IServiceConnection, int, java.lang.String, int)(ActivityManagerService.java:17301) waiters=1 in void com.android.server.am.ActivityStack$ActivityStackHandler.handleMessage(android.os.Message) for 444ms
03-29 02:53:05.209 1292-2132/? W/art: Long monitor contention with owner Binder:1292_3 (1641) at int com.android.server.am.ActivityManagerService.bindService(android.app.IApplicationThread, android.os.IBinder, android.content.Intent, java.lang.String, android.app.IServiceConnection, int, java.lang.String, int)(ActivityManagerService.java:17301) waiters=2 in android.content.Intent com.android.server.am.ActivityManagerService.registerReceiver(android.app.IApplicationThread, java.lang.String, android.content.IIntentReceiver, android.content.IntentFilter, java.lang.String, int) for 420ms
03-29 02:53:05.210 1292-1310/? W/art: Long monitor contention with owner Binder:1292_3 (1641) at int com.android.server.am.ActivityManagerService.bindService(android.app.IApplicationThread, android.os.IBinder, android.content.Intent, java.lang.String, android.app.IServiceConnection, int, java.lang.String, int)(ActivityManagerService.java:17301) waiters=3 in void com.android.server.am.ActivityManagerService.finishReceiver(android.os.IBinder, int, java.lang.String, android.os.Bundle, boolean, int) for 399ms
03-29 02:53:05.210 1292-2128/? W/art: Long monitor contention with owner Binder:1292_3 (1641) at int com.android.server.am.ActivityManagerService.bindService(android.app.IApplicationThread, android.os.IBinder, android.content.Intent, java.lang.String, android.app.IServiceConnection, int, java.lang.String, int)(ActivityManagerService.java:17301) waiters=4 in android.content.Intent com.android.server.am.ActivityManagerService.registerReceiver(android.app.IApplicationThread, java.lang.String, android.content.IIntentReceiver, android.content.IntentFilter, java.lang.String, int) for 227ms
03-29 02:53:05.754 1292-1336/? W/art: Long monitor contention with owner Binder:1292_4 (1733) at void com.android.server.am.ActivityManagerService.attachApplication(android.app.IApplicationThread)(ActivityManagerService.java:6669) waiters=0 in void com.android.server.am.ActivityManagerService$LocalService.notifyStartingWindowDrawn() for 294ms
03-29 02:53:05.763 1292-1320/? W/ActivityManager: Launch timeout has expired, giving up wake lock!
03-29 02:53:05.770 2134-2134/? I/Choreographer: Skipped 59 frames!  The application may be doing too much work on its main thread.
03-29 02:53:05.903 2465-2465/? W/System: ClassLoader referenced unknown path: /system/priv-app/GoogleSdkSetup/lib/arm64
03-29 02:53:06.013 901-2047/? D/gralloc_ranchu: gralloc_alloc: Creating ashmem region of size 5529600
03-29 02:53:06.316 2465-2465/? W/Settings: Setting install_non_market_apps has moved from android.provider.Settings.Global to android.provider.Settings.Secure, value is unchanged.
03-29 02:53:06.526 1292-1310/? I/ActivityManager: START u0 {act=android.intent.action.MAIN cat=[android.intent.category.HOME] flg=0x10000100 cmp=com.android.launcher3/.Launcher} from uid 0 on display 0
03-29 02:53:06.705 1292-1336/? I/Choreographer: Skipped 49 frames!  The application may be doing too much work on its main thread.
03-29 02:53:06.765 1292-1310/? W/ActivityManager: Slow operation: 203ms so far, now at startProcess: returned from zygote!
03-29 02:53:06.766 1292-1310/? W/ActivityManager: Slow operation: 203ms so far, now at startProcess: done updating battery stats
03-29 02:53:06.766 1292-1310/? W/ActivityManager: Slow operation: 204ms so far, now at startProcess: building log message
03-29 02:53:06.766 1292-1310/? I/ActivityManager: Start proc 2502:com.android.launcher3/u0a53 for activity com.android.launcher3/.Launcher
03-29 02:53:06.766 1292-1310/? W/ActivityManager: Slow operation: 204ms so far, now at startProcess: starting to update pids map
03-29 02:53:06.767 1292-1310/? W/ActivityManager: Slow operation: 204ms so far, now at startProcess: done updating pids map
03-29 02:53:06.767 1292-1310/? W/ActivityManager: Slow operation: 211ms so far, now at startProcess: done starting proc!
03-29 02:53:06.773 1292-2130/? W/art: Long monitor contention with owner Binder:1292_2 (1310) at void com.android.server.am.ActivityManagerService.activityPaused(android.os.IBinder)(ActivityManagerService.java:6916) waiters=2 in boolean com.android.server.am.ActivityManagerService.refContentProvider(android.os.IBinder, int, int) for 205ms
03-29 02:53:07.029 901-1221/? D/gralloc_ranchu: gralloc_alloc: Creating ashmem region of size 5529600
03-29 02:53:07.897 2147-2160/? W/art: Suspending all threads took: 16.664s
03-29 02:53:08.244 1292-1320/? W/art: Long monitor contention with owner Binder:1292_7 (2126) at boolean android.os.MessageQueue.enqueueMessage(android.os.Message, long)(MessageQueue.java:541) waiters=0 in android.os.Message android.os.MessageQueue.next() for 644ms
03-29 02:53:08.297 1292-1641/? W/art: Long monitor contention with owner Binder:1292_7 (2126) at int com.android.server.am.ActivityManagerService.broadcastIntent(android.app.IApplicationThread, android.content.Intent, java.lang.String, android.content.IIntentReceiver, int, java.lang.String, android.os.Bundle, java.lang.String[], int, android.os.Bundle, boolean, boolean, int)(ActivityManagerService.java:18551) waiters=0 in void com.android.server.am.ActivityManagerService.attachApplication(android.app.IApplicationThread) for 699ms
03-29 02:53:08.490 1292-1733/? W/art: Long monitor contention with owner Binder:1292_7 (2126) at int com.android.server.am.ActivityManagerService.broadcastIntent(android.app.IApplicationThread, android.content.Intent, java.lang.String, android.content.IIntentReceiver, int, java.lang.String, android.os.Bundle, java.lang.String[], int, android.os.Bundle, boolean, boolean, int)(ActivityManagerService.java:18551) waiters=1 in boolean com.android.server.am.ActivityManagerService.isUserRunning(int, int) for 567ms
03-29 02:53:08.496 1292-2130/? W/art: Long monitor contention with owner main (1292) at java.util.List com.android.server.pm.PackageManagerService.queryIntentServicesInternal(android.content.Intent, java.lang.String, int, int)(PackageManagerService.java:6105) waiters=0 in int com.android.server.pm.PackageManagerService.checkUidPermission(java.lang.String, int) for 192ms
03-29 02:53:08.605 2147-2308/? W/GAv4: AnalyticsService not registered in the app manifest. Hits might not be delivered reliably. See http://goo.gl/8Rd3yj for instructions.
03-29 02:53:08.873 1292-1343/? W/art: Long monitor contention with owner ActivityManager (1320) at int com.android.server.am.ActivityManagerService.broadcastIntent(android.app.IApplicationThread, android.content.Intent, java.lang.String, android.content.IIntentReceiver, int, java.lang.String, android.os.Bundle, java.lang.String[], int, android.os.Bundle, boolean, boolean, int)(ActivityManagerService.java:18551) waiters=2 in int com.android.server.am.ActivityManagerService.broadcastIntent(android.app.IApplicationThread, android.content.Intent, java.lang.String, android.content.IIntentReceiver, int, java.lang.String, android.os.Bundle, java.lang.String[], int, android.os.Bundle, boolean, boolean, int) for 528ms
03-29 02:53:09.522 2134-2134/? I/Choreographer: Skipped 225 frames!  The application may be doing too much work on its main thread.
03-29 02:53:09.711 1292-1641/? W/art: Long monitor contention with owner ActivityManager (1320) at void com.android.server.am.ActivityStack$ActivityStackHandler.handleMessage(android.os.Message)(ActivityStack.java:382) waiters=2 in void com.android.server.am.ActivityManagerService.attachApplication(android.app.IApplicationThread) for 1.376s
03-29 02:53:09.715 1292-1873/? W/art: Long monitor contention with owner Binder:1292_6 (2021) at void com.android.server.am.ActivityManagerService.publishContentProviders(android.app.IApplicationThread, java.util.List)(ActivityManagerService.java:11160) waiters=5 in boolean com.android.server.am.ActivityManagerService.isUserRunning(int, int) for 910ms
03-29 02:53:09.876 1292-1319/? W/GnssLocationProvider: Could not open GPS configuration file /etc/gps.conf
03-29 02:53:09.877 1292-1319/? E/GnssLocationProvider: no AGPS interface in set_agps_server
03-29 02:53:09.884 2403-2403/? I/SetupWizard.FrpHelper: FRP timeout
03-29 02:53:09.935 1292-1918/? W/ActivityManager: Slow operation: 131ms so far, now at startProcess: returned from zygote!
03-29 02:53:09.936 1292-1918/? W/ActivityManager: Slow operation: 131ms so far, now at startProcess: done updating battery stats
03-29 02:53:09.936 1292-1918/? W/ActivityManager: Slow operation: 132ms so far, now at startProcess: building log message
03-29 02:53:09.936 1292-1918/? I/ActivityManager: Start proc 2519:com.android.keychain/1000 for service com.android.keychain/.KeyChainService
03-29 02:53:09.937 1292-1918/? W/ActivityManager: Slow operation: 132ms so far, now at startProcess: starting to update pids map
03-29 02:53:09.937 1292-1918/? W/ActivityManager: Slow operation: 132ms so far, now at startProcess: done updating pids map
03-29 02:53:09.937 1292-1918/? W/ActivityManager: Slow operation: 133ms so far, now at startProcess: done starting proc!
03-29 02:53:09.938 1292-2126/? W/art: Long monitor contention with owner Binder:1292_6 (2021) at void com.android.server.am.ActivityManagerService.publishContentProviders(android.app.IApplicationThread, java.util.List)(ActivityManagerService.java:11160) waiters=3 in void com.android.server.am.ActivityManagerService.finishReceiver(android.os.IBinder, int, java.lang.String, android.os.Bundle, boolean, int) for 1.237s
03-29 02:53:09.939 1292-1733/? W/art: Long monitor contention with owner Binder:1292_6 (2021) at void com.android.server.am.ActivityManagerService.publishContentProviders(android.app.IApplicationThread, java.util.List)(ActivityManagerService.java:11160) waiters=4 in boolean com.android.server.am.ActivityManagerService.isUserRunning(int, int) for 1.175s
03-29 02:53:09.940 1292-1320/? W/art: Long monitor contention with owner Binder:1292_6 (2021) at void com.android.server.am.ActivityManagerService.publishContentProviders(android.app.IApplicationThread, java.util.List)(ActivityManagerService.java:11160) waiters=4 in void com.android.server.am.ActivityStackSupervisor$ActivityStackSupervisorHandler.activityIdleInternal(com.android.server.am.ActivityRecord) for 1.176s
03-29 02:53:10.436 1292-1641/? W/art: Long monitor contention with owner AsyncTask #2 (1918) at int com.android.server.am.ActivityManagerService.bindService(android.app.IApplicationThread, android.os.IBinder, android.content.Intent, java.lang.String, android.app.IServiceConnection, int, java.lang.String, int)(ActivityManagerService.java:17301) waiters=6 in void com.android.server.am.ActivityManagerService.attachApplication(android.app.IApplicationThread) for 723ms
03-29 02:53:10.635 1292-2133/? W/art: Long monitor contention with owner AsyncTask #2 (1918) at int com.android.server.am.ActivityManagerService.bindService(android.app.IApplicationThread, android.os.IBinder, android.content.Intent, java.lang.String, android.app.IServiceConnection, int, java.lang.String, int)(ActivityManagerService.java:17301) waiters=6 in java.util.List com.android.server.am.ActivityManagerService.getTasks(int, int) for 984ms
03-29 02:53:10.636 1292-1873/? W/art: Long monitor contention with owner AsyncTask #2 (1918) at int com.android.server.am.ActivityManagerService.bindService(android.app.IApplicationThread, android.os.IBinder, android.content.Intent, java.lang.String, android.app.IServiceConnection, int, java.lang.String, int)(ActivityManagerService.java:17301) waiters=6 in boolean com.android.server.am.ActivityManagerService.isUserRunning(int, int) for 921ms
03-29 02:53:10.637 1292-2128/? W/art: Long monitor contention with owner AsyncTask #2 (1918) at int com.android.server.am.ActivityManagerService.bindService(android.app.IApplicationThread, android.os.IBinder, android.content.Intent, java.lang.String, android.app.IServiceConnection, int, java.lang.String, int)(ActivityManagerService.java:17301) waiters=7 in java.util.List com.android.server.am.ActivityManagerService.getRunningAppProcesses() for 840ms
03-29 02:53:10.647 1292-2131/? W/art: Long monitor contention with owner ActivityManager (1320) at void com.android.server.am.ActivityStackSupervisor$ActivityStackSupervisorHandler.activityIdleInternal(com.android.server.am.ActivityRecord)(ActivityStackSupervisor.java:3867) waiters=5 in boolean com.android.server.am.ActivityManagerService.isUserRunning(int, int) for 701ms
03-29 02:53:10.648 1292-2126/? W/art: Long monitor contention with owner ActivityManager (1320) at void com.android.server.am.ActivityStackSupervisor$ActivityStackSupervisorHandler.activityIdleInternal(com.android.server.am.ActivityRecord)(ActivityStackSupervisor.java:3867) waiters=6 in void com.android.server.am.BroadcastQueue.processNextBroadcast(boolean) for 701ms
03-29 02:53:10.651 1292-1321/? W/art: Long monitor contention with owner ActivityManager (1320) at void com.android.server.am.ActivityStackSupervisor$ActivityStackSupervisorHandler.activityIdleInternal(com.android.server.am.ActivityRecord)(ActivityStackSupervisor.java:3867) waiters=7 in void com.android.server.am.ActivityManagerService.dispatchProcessesChanged() for 699ms
03-29 02:53:10.652 1292-1336/? W/art: Long monitor contention with owner ActivityManager (1320) at void com.android.server.am.ActivityStackSupervisor$ActivityStackSupervisorHandler.activityIdleInternal(com.android.server.am.ActivityRecord)(ActivityStackSupervisor.java:3867) waiters=9 in void com.android.server.am.ActivityManagerService$LocalService.notifyStartingWindowDrawn() for 354ms
03-29 02:53:10.658 1292-1309/? W/art: Long monitor contention with owner ActivityManager (1320) at void com.android.server.am.ActivityStackSupervisor$ActivityStackSupervisorHandler.activityIdleInternal(com.android.server.am.ActivityRecord)(ActivityStackSupervisor.java:3867) waiters=8 in void com.android.server.am.ActivityManagerService.attachApplication(android.app.IApplicationThread) for 432ms
03-29 02:53:10.663 1292-1320/? W/art: Long monitor contention with owner Binder:1292_3 (1641) at void com.android.server.am.ActivityManagerService.attachApplication(android.app.IApplicationThread)(ActivityManagerService.java:6669) waiters=9 in void com.android.server.am.ActivityManagerService$MainHandler.handleMessage(android.os.Message) for 214ms
03-29 02:53:10.750 2502-2502/? W/System: ClassLoader referenced unknown path: /system/app/Launcher3/lib/arm64
03-29 02:53:10.840 1292-1321/? W/art: Long monitor contention with owner Binder:1292_1 (1309) at void com.android.server.am.ActivityManagerService.attachApplication(android.app.IApplicationThread)(ActivityManagerService.java:6669) waiters=5 in void com.android.server.am.ActivityManagerService.dispatchUidsChanged() for 174ms
03-29 02:53:10.993 2134-2134/? I/Choreographer: Skipped 82 frames!  The application may be doing too much work on its main thread.
03-29 02:53:11.126 2502-2502/? D/LauncherProvider: Launcher process started
03-29 02:53:11.456 2519-2519/? W/System: ClassLoader referenced unknown path: /system/app/KeyChain/lib/arm64
03-29 02:53:11.464 2502-2502/? V/Launcher: LauncherAppState inited
03-29 02:53:12.559 2353-2353/? W/linker: /system/priv-app/PrebuiltGmsCore/PrebuiltGmsCore.apk!/lib/arm64-v8a/libconscrypt_gmscore_jni.so: unused DT entry: type 0xf arg 0x8a
03-29 02:53:12.859 2353-2353/? V/NativeCrypto: Registering com/google/android/gms/org/conscrypt/NativeCrypto's 279 native methods...
03-29 02:53:12.981 1833-1851/? I/art: Background partial concurrent mark sweep GC freed 12055(987KB) AllocSpace objects, 4(80KB) LOS objects, 39% free, 2MB/3MB, paused 1.384ms total 1.321s
03-29 02:53:14.073 1833-1833/? D/CarrierSvcBindHelper: No carrier app for: 0
03-29 02:53:14.669 2540-2540/? W/System: ClassLoader referenced unknown path: /system/app/Launcher3/lib/arm64
03-29 02:53:15.266 901-935/? E/SurfaceFlinger: ro.sf.lcd_density must be defined as a build property
                                               
                                               [ 03-29 02:53:15.307  2502: 2502 D/         ]
                                               HostConnection::get() New Host Connection established 0x76225404c0, tid 2502
03-29 02:53:15.443 2353-2353/? D/NetworkSecurityConfig: No Network Security Config specified, using platform default
03-29 02:53:15.513 2502-2514/? W/art: Suspending all threads took: 31.531ms
                                      
                                      [ 03-29 02:53:15.651  2502: 2555 D/         ]
                                      HostConnection::get() New Host Connection established 0x760c6a72a0, tid 2555
03-29 02:53:15.656 2502-2555/? I/OpenGLRenderer: Initialized EGL, version 1.4
03-29 02:53:15.657 2502-2555/? D/OpenGLRenderer: Swap behavior 1
03-29 02:53:15.658 2502-2555/? W/OpenGLRenderer: Failed to choose config with EGL_SWAP_BEHAVIOR_PRESERVED, retrying without...
03-29 02:53:15.658 2502-2555/? D/OpenGLRenderer: Swap behavior 0
03-29 02:53:15.670 2502-2555/? D/EGL_emulation: eglCreateContext: 0x76199bce20: maj 3 min 1 rcv 4
03-29 02:53:15.767 2502-2555/? D/EGL_emulation: eglMakeCurrent: 0x76199bce20: ver 3 1 (tinfo 0x760c6c5300)
03-29 02:53:15.789 2502-2555/? E/eglCodecCommon: glUtilsParamSize: unknow param 0x000082da
03-29 02:53:15.789 2502-2555/? E/eglCodecCommon: glUtilsParamSize: unknow param 0x000082da
03-29 02:53:15.857 2353-2353/? I/ProviderInstaller: Installed default security provider GmsCore_OpenSSL
03-29 02:53:15.895 2353-2360/? I/art: Thread[3,tid=2360,WaitingInMainSignalCatcherLoop,Thread*=0x76225e5a00,peer=0x12c1fca0,"Signal Catcher"]: reacting to signal 3
03-29 02:53:15.902 2502-2502/? I/Choreographer: Skipped 31 frames!  The application may be doing too much work on its main thread.
03-29 02:53:15.923 2502-2514/? I/art: Background sticky concurrent mark sweep GC freed 13668(1360KB) AllocSpace objects, 0(0B) LOS objects, 40% free, 2MB/3MB, paused 33.619ms total 1.069s
03-29 02:53:15.959 2353-2360/? W/art: Suspending all threads took: 60.269ms
03-29 02:53:16.013 2502-2555/? D/EGL_emulation: eglMakeCurrent: 0x76199bce20: ver 3 1 (tinfo 0x760c6c5300)
03-29 02:53:16.936 2353-2353/? E/ChimeraCfgMgr: Failed to read module config: java.io.FileNotFoundException: /data/user_de/0/com.google.android.gms/app_chimera/current_config.fb (No such file or directory)
03-29 02:53:17.200 2353-2353/? E/ChimeraCfgMgr: Failed to read module config: java.io.FileNotFoundException: /data/user_de/0/com.google.android.gms/app_chimera/current_config.fb (No such file or directory)
03-29 02:53:17.470 2480-2499/? W/art: Long monitor contention with owner main (2480) at void com.google.android.apps.gsa.shared.util.debug.DumpableRegistry.<init>(com.google.android.apps.gsa.shared.util.debug.dump.b[])(SourceFile:52) waiters=0 in java.lang.Object b.a.c.get() for 198ms
03-29 02:53:17.478 2480-2562/? I/SharedPreferencesProto: load shared preferences: file not found
03-29 02:53:17.576 2480-2563/? I/SharedPreferencesProto: load shared preferences: file not found
03-29 02:53:17.614 2480-2480/? E/ActivityThread: Failed to find provider info for com.google.android.voicesearch
03-29 02:53:17.692 2502-2536/? V/GridSizeMigrationTask: Workspace migration completed in 902
03-29 02:53:17.694 2502-2536/? D/Launcher.Model: loadWorkspace: loading default favorites
03-29 02:53:18.207 2502-2536/? D/LauncherProvider: loading default workspace
03-29 02:53:18.557 2480-2498/? I/art: Background sticky concurrent mark sweep GC freed 12353(1143KB) AllocSpace objects, 0(0B) LOS objects, 43% free, 2MB/3MB, paused 4.796ms total 330.467ms
03-29 02:53:18.614 2403-2415/? W/art: Suspending all threads took: 2.761s
03-29 02:53:19.424 2502-2536/? W/DefaultLayoutParser: No preference or single system activity found for Intent { act=android.intent.action.MAIN cat=[android.intent.category.APP_GALLERY] }
03-29 02:53:19.435 2502-2536/? W/DefaultLayoutParser: No preference or single system activity found for Intent { act=android.intent.action.VIEW typ=images/* }
03-29 02:53:19.643 2502-2536/? W/DefaultLayoutParser: No preference or single system activity found for Intent { act=android.intent.action.MAIN cat=[android.intent.category.APP_MARKET] }
03-29 02:53:19.654 2502-2536/? W/DefaultLayoutParser: No preference or single system activity found for Intent { act=android.intent.action.VIEW dat=market://details?id=com.android.launcher }
03-29 02:53:20.239 2502-2514/? I/art: Background partial concurrent mark sweep GC freed 8025(691KB) AllocSpace objects, 9(280KB) LOS objects, 39% free, 2MB/4MB, paused 907us total 134.634ms
03-29 02:53:20.854 2480-2499/? W/art: Long monitor contention with owner Non-User-Facing Shared-2 (2570) at void java.lang.Thread.unpark$()(Thread.java:2069) waiters=1 in void java.lang.Object.wait!(long, int) for 297ms
03-29 02:53:20.970 2369-2369/? W/KeyphraseEnrollmentInfo: No Enrollment application supports the given keyphrase/locale
03-29 02:53:21.550 2480-2480/? I/VelvetUpgradeTasks: Velvet upgraded from -1 to 300720775: running upgrade tasks.
03-29 02:53:21.551 2480-2480/? I/VelvetUpgradeTasks: System upgraded from null to NYC: running system upgrade tasks.
03-29 02:53:21.600 2480-2480/? W/ThreadPoolDumper: Queue length for executor Non-User-Facing Blocking is now 6. Perhaps some tasks are too long, or the pool is too small.
03-29 02:53:22.069 2480-2563/? W/ThreadPoolDumper: Task SharedPreferencesProto.WriteToFile was queued for 3423ms before starting on executor SearchSettings_executor
03-29 02:53:22.154 2369-2369/? W/art: Long monitor contention with owner AsyncTask #1 (2573) at void android.os.MessageQueue.nativeWake(long)(MessageQueue.java:-2) waiters=0 in android.os.Message android.os.MessageQueue.next() for 499ms
03-29 02:53:22.266 1292-1320/? W/art: Long monitor contention with owner PackageManager (1343) at int com.android.server.am.ActivityManagerService.broadcastIntent(android.app.IApplicationThread, android.content.Intent, java.lang.String, android.content.IIntentReceiver, int, java.lang.String, android.os.Bundle, java.lang.String[], int, android.os.Bundle, boolean, boolean, int)(ActivityManagerService.java:18551) waiters=1 in void com.android.server.am.ActiveServices$ServiceRestarter.run() for 603ms
03-29 02:53:22.356 1292-1320/? W/ActivityManager: Slow operation: 89ms so far, now at startProcess: returned from zygote!
03-29 02:53:22.357 1292-1320/? W/ActivityManager: Slow operation: 89ms so far, now at startProcess: done updating battery stats
03-29 02:53:22.357 1292-1320/? W/ActivityManager: Slow operation: 90ms so far, now at startProcess: building log message
03-29 02:53:22.357 1292-1320/? I/ActivityManager: Start proc 2581:com.google.android.gms.persistent/u0a13 for service com.google.android.gms/.backup.BackupTransportService
03-29 02:53:22.358 1292-1320/? W/ActivityManager: Slow operation: 90ms so far, now at startProcess: starting to update pids map
03-29 02:53:22.358 1292-1320/? W/ActivityManager: Slow operation: 90ms so far, now at startProcess: done updating pids map
03-29 02:53:22.358 1292-1320/? W/ActivityManager: Slow operation: 91ms so far, now at startProcess: done starting proc!
03-29 02:53:22.359 1292-2126/? W/art: Long monitor contention with owner PackageManager (1343) at int com.android.server.am.ActivityManagerService.broadcastIntent(android.app.IApplicationThread, android.content.Intent, java.lang.String, android.content.IIntentReceiver, int, java.lang.String, android.os.Bundle, java.lang.String[], int, android.os.Bundle, boolean, boolean, int)(ActivityManagerService.java:18551) waiters=2 in android.content.ComponentName com.android.server.am.ActivityManagerService.startService(android.app.IApplicationThread, android.content.Intent, java.lang.String, java.lang.String, int) for 695ms
03-29 02:53:22.674 1292-1628/? D/ConnectivityService: NetworkAgentInfo [MOBILE (LTE) - 100] validation failed
03-29 02:53:22.933 1292-2132/? W/ActivityManager: Slow operation: 138ms so far, now at startProcess: returned from zygote!
03-29 02:53:22.933 1292-2132/? W/ActivityManager: Slow operation: 139ms so far, now at startProcess: done updating battery stats
03-29 02:53:22.934 1292-2132/? W/ActivityManager: Slow operation: 139ms so far, now at startProcess: building log message
03-29 02:53:22.934 1292-2132/? I/ActivityManager: Start proc 2600:com.google.android.partnersetup/u0a19 for content provider com.google.android.partnersetup/.RlzAppProvider
03-29 02:53:22.934 1292-2132/? W/ActivityManager: Slow operation: 139ms so far, now at startProcess: starting to update pids map
03-29 02:53:22.934 1292-2132/? W/ActivityManager: Slow operation: 140ms so far, now at startProcess: done updating pids map
03-29 02:53:22.934 1292-2132/? W/ActivityManager: Slow operation: 140ms so far, now at startProcess: done starting proc!
03-29 02:53:22.934 1292-2132/? W/ActivityManager: Slow operation: 142ms so far, now at getContentProviderImpl: after start process
03-29 02:53:22.935 1292-2132/? W/ActivityManager: Slow operation: 142ms so far, now at getContentProviderImpl: updating data structures
03-29 02:53:22.935 1292-2132/? W/ActivityManager: Slow operation: 143ms so far, now at getContentProviderImpl: done!
03-29 02:53:22.936 1292-1873/? W/art: Long monitor contention with owner AsyncTask #2 (1918) at boolean com.android.server.am.ActivityManagerService.unbindService(android.app.IServiceConnection)(ActivityManagerService.java:17308) waiters=5 in int com.android.server.am.ActivityManagerService.broadcastIntent(android.app.IApplicationThread, android.content.Intent, java.lang.String, android.content.IIntentReceiver, int, java.lang.String, android.os.Bundle, java.lang.String[], int, android.os.Bundle, boolean, boolean, int) for 716ms
03-29 02:53:23.424 2600-2600/? W/System: ClassLoader referenced unknown path: /system/priv-app/GooglePartnerSetup/lib/arm64
03-29 02:53:23.943 2147-2155/? I/art: Thread[3,tid=2155,WaitingInMainSignalCatcherLoop,Thread*=0x76225e7800,peer=0x1ec070d0,"Signal Catcher"]: reacting to signal 3
03-29 02:53:23.943 2147-2155/? I/art: Mutator lock exclusive owner tid: 18446744073709551615
03-29 02:53:23.943 2147-2155/? I/art: ThreadList lock owner tid: 0
03-29 02:53:23.943 2147-2155/? I/art: ClassLinker classes lock owner tid: 2160
03-29 02:53:23.943 2147-2155/? I/art: ClassLinker dex lock owner tid: 0
03-29 02:53:24.472 2480-2589/? W/ThreadPoolDumper: Task av[schedule] was queued for 1064ms before starting on executor Non-User-Facing Blocking
03-29 02:53:24.771 2581-2581/? W/System: ClassLoader referenced unknown path: /system/priv-app/PrebuiltGmsCore/lib/arm64
03-29 02:53:25.049 2581-2581/? I/LoadedApk: No resource references to update in package FFFFFFFFFFFFFFFFFFFFFF
03-29 02:53:25.636 2581-2581/? W/linker: /system/priv-app/PrebuiltGmsCore/PrebuiltGmsCore.apk!/lib/arm64-v8a/libconscrypt_gmscore_jni.so: unused DT entry: type 0xf arg 0x8a
03-29 02:53:25.646 2581-2581/? V/NativeCrypto: Registering com/google/android/gms/org/conscrypt/NativeCrypto's 279 native methods...
03-29 02:53:25.922 2581-2581/? D/NetworkSecurityConfig: No Network Security Config specified, using platform default
03-29 02:53:25.933 2581-2581/? I/ProviderInstaller: Installed default security provider GmsCore_OpenSSL
03-29 02:53:26.013 2581-2581/? E/ChimeraCfgMgr: Failed to read module config: java.io.FileNotFoundException: /data/user_de/0/com.google.android.gms/app_chimera/current_config.fb (No such file or directory)
03-29 02:53:26.070 2581-2581/? E/ChimeraCfgMgr: Failed to read module config: java.io.FileNotFoundException: /data/user_de/0/com.google.android.gms/app_chimera/current_config.fb (No such file or directory)
03-29 02:53:26.081 2369-2369/? W/art: Long monitor contention with owner AsyncTask #1 (2573) at boolean android.os.MessageQueue.enqueueMessage(android.os.Message, long)(MessageQueue.java:541) waiters=0 in android.os.Message android.os.MessageQueue.next() for 2.071s
03-29 02:53:26.183 2581-2581/? E/ConfigFileUtils: Failed to read config file: /data/data/com.google.android.gms/app_chimera/current_fileapks.pb (No such file or directory)
03-29 02:53:26.615 2581-2581/? E/ConfigFileUtils: Failed to read config file: /data/data/com.google.android.gms/app_chimera/current_fileapks.pb (No such file or directory)
03-29 02:53:26.690 2581-2581/? E/ChimeraCfgMgr: Failed to read module config: java.io.FileNotFoundException: /data/user_de/0/com.google.android.gms/app_chimera/current_config.fb (No such file or directory)
03-29 02:53:26.825 2581-2581/? E/ChimeraCfgMgr: Failed to read module config: java.io.FileNotFoundException: /data/user_de/0/com.google.android.gms/app_chimera/current_config.fb (No such file or directory)
03-29 02:53:26.834 2581-2581/? E/IntentOperation: Failed to get Chimera config
                                                  com.google.android.chimera.config.InvalidConfigException: java.io.FileNotFoundException: /data/user_de/0/com.google.android.gms/app_chimera/current_config.fb (No such file or directory)
                                                      at com.google.android.chimera.container.ConfigurationManager.a(com.google.android.gms@12221440@12.2.21 (440-188803320):182)
                                                      at com.google.android.chimera.IntentOperation.a(com.google.android.gms@12221440@12.2.21 (440-188803320):3)
                                                      at com.google.android.chimera.IntentOperation.getStartIntent(com.google.android.gms@12221440@12.2.21 (440-188803320):3)
                                                      at com.google.android.chimera.IntentOperation.getStartIntent(com.google.android.gms@12221440@12.2.21 (440-188803320):1)
                                                      at com.google.android.gms.chimera.debug.ModuleSetJournalUpdate$ModuleSetJournalIntentOperation.a(com.google.android.gms@12221440@12.2.21 (440-188803320):1)
                                                      at com.google.android.gms.chimera.debug.ModuleSetJournalUpdate.a(com.google.android.gms@12221440@12.2.21 (440-188803320):17)
                                                      at com.google.android.gms.chimera.container.GmsModuleFinder.a(com.google.android.gms@12221440@12.2.21 (440-188803320):104)
                                                      at com.google.android.gms.chimera.container.GmsModuleFinder.a(com.google.android.gms@12221440@12.2.21 (440-188803320):122)
                                                      at com.google.android.gms.chimera.container.GmsModuleFinder.a(com.google.android.gms@12221440@12.2.21 (440-188803320):107)
                                                      at lqo.w_(com.google.android.gms@12221440@12.2.21 (440-188803320))
                                                      at cuw.a(com.google.android.gms@12221440@12.2.21 (440-188803320):33)
                                                      at csn.a(com.google.android.gms@12221440@12.2.21 (440-188803320):3)
                                                      at csn.query(com.google.android.gms@12221440@12.2.21 (440-188803320):3)
                                                      at android.content.ContentProvider$Transport.query(ContentProvider.java:239)
                                                      at android.content.ContentResolver.query(ContentResolver.java:532)
                                                      at android.content.ContentResolver.query(ContentResolver.java:474)
                                                      at adra.c(com.google.android.gms@12221440@12.2.21 (440-188803320):1)
                                                      at adra.a(com.google.android.gms@12221440@12.2.21 (440-188803320):8)
                                                      at adso.a(Unknown Source)
                                                      at adsn.a(com.google.android.gms@12221440@12.2.21 (440-188803320):8)
                                                      at adsn.c(com.google.android.gms@12221440@12.2.21 (440-188803320):9)
                                                      at adsn.a(com.google.android.gms@12221440@12.2.21 (440-188803320):28)
                                                      at com.google.android.gms.common.app.GmsApplication.onCreate(com.google.android.gms@12221440@12.2.21 (440-188803320):27)
                                                      at android.app.Instrumentation.callApplicationOnCreate(Instrumentation.java:1024)
                                                      at android.app.ActivityThread.handleBindApplication(ActivityThread.java:5403)
                                                      at android.app.ActivityThread.-wrap2(ActivityThread.java)
                                                      at android.app.ActivityThread$H.handleMessage(ActivityThread.java:1545)
                                                      at android.os.Handler.dispatchMessage(Handler.java:102)
                                                      at android.os.Looper.loop(Looper.java:154)
                                                      at android.app.ActivityThread.main(ActivityThread.java:6119)
                                                      at java.lang.reflect.Method.invoke(Native Method)
                                                      at com.android.internal.os.ZygoteInit$MethodAndArgsCaller.run(ZygoteInit.java:886)
                                                      at com.android.internal.os.ZygoteInit.main(ZygoteInit.java:776)
                                                   Caused by: java.io.FileNotFoundException: /data/user_de/0/com.google.android.gms/app_chimera/current_config.fb (No such file or directory)
                                                      at java.io.FileInputStream.open(Native Method)
                                                      at java.io.FileInputStream.<init>(FileInputStream.java:146)
                                                      at com.google.android.chimera.container.ConfigurationManager.a(com.google.android.gms@12221440@12.2.21 (440-188803320):163)
                                                      at com.google.android.chimera.IntentOperation.a(com.google.android.gms@12221440@12.2.21 (440-188803320):3)?
                                                      at com.google.android.chimera.IntentOperation.getStartIntent(com.google.android.gms@12221440@12.2.21 (440-188803320):3)?
                                                      at com.google.android.chimera.IntentOperation.getStartIntent(com.google.android.gms@12221440@12.2.21 (440-188803320):1)?
                                                      at com.google.android.gms.chimera.debug.ModuleSetJournalUpdate$ModuleSetJournalIntentOperation.a(com.google.android.gms@12221440@12.2.21 (440-188803320):1)?
                                                      at com.google.android.gms.chimera.debug.ModuleSetJournalUpdate.a(com.google.android.gms@12221440@12.2.21 (440-188803320):17)?
                                                      at com.google.android.gms.chimera.container.GmsModuleFinder.a(com.google.android.gms@12221440@12.2.21 (440-188803320):104)?
                                                      at com.google.android.gms.chimera.container.GmsModuleFinder.a(com.google.android.gms@12221440@12.2.21 (440-188803320):122)?
                                                      at com.google.android.gms.chimera.container.GmsModuleFinder.a(com.google.android.gms@12221440@12.2.21 (440-188803320):107)?
                                                      at lqo.w_(com.google.android.gms@12221440@12.2.21 (440-188803320))?
                                                      at cuw.a(com.google.android.gms@12221440@12.2.21 (440-188803320):33)?
                                                      at csn.a(com.google.android.gms@12221440@12.2.21 (440-188803320):3)?
                                                      at csn.query(com.google.android.gms@12221440@12.2.21 (440-188803320):3)?
                                                      at android.content.ContentProvider$Transport.query(ContentProvider.java:239)?
                                                      at android.content.ContentResolver.query(ContentResolver.java:532)?
                                                      at android.content.ContentResolver.query(ContentResolver.java:474)?
                                                      at adra.c(com.google.android.gms@12221440@12.2.21 (440-188803320):1)?
                                                      at adra.a(com.google.android.gms@12221440@12.2.21 (440-188803320):8)?
                                                      at adso.a(Unknown Source)?
                                                      at adsn.a(com.google.android.gms@12221440@12.2.21 (440-188803320):8)?
                                                      at adsn.c(com.google.android.gms@12221440@12.2.21 (440-188803320):9)?
                                                      at adsn.a(com.google.android.gms@12221440@12.2.21 (440-188803320):28)?
                                                      at com.google.android.gms.common.app.GmsApplication.onCreate(com.google.android.gms@12221440@12.2.21 (440-188803320):27)?
                                                      at android.app.Instrumentation.callApplicationOnCreate(Instrumentation.java:1024)?
                                                      at android.app.ActivityThread.handleBindApplication(ActivityThread.java:5403)?
                                                      at android.app.ActivityThread.-wrap2(ActivityThread.java)?
                                                      at android.app.ActivityThread$H.handleMessage(ActivityThread.java:1545)?
                                                      at android.os.Handler.dispatchMessage(Handler.java:102)?
                                                      at android.os.Looper.loop(Looper.java:154)?
                                                      at android.app.ActivityThread.main(ActivityThread.java:6119)?
                                                      at java.lang.reflect.Method.invoke(Native Method)?
                                                      at com.android.internal.os.ZygoteInit$MethodAndArgsCaller.run(ZygoteInit.java:886)?
                                                      at com.android.internal.os.ZygoteInit.main(ZygoteInit.java:776)?
03-29 02:53:26.881 2581-2581/? E/ChimeraCfgMgr: Failed to read module config: java.io.FileNotFoundException: /data/user_de/0/com.google.android.gms/app_chimera/current_config.fb (No such file or directory)
03-29 02:53:27.090 2581-2624/? I/art: Background sticky concurrent mark sweep GC freed 15286(1334KB) AllocSpace objects, 1(20KB) LOS objects, 31% free, 2MB/3MB, paused 1.431ms total 104.771ms
03-29 02:53:27.378 2134-2134/? W/art: Long monitor contention with owner AsyncTask #1 (2217) at boolean android.os.MessageQueue.enqueueMessage(android.os.Message, long)(MessageQueue.java:541) waiters=0 in android.os.Message android.os.MessageQueue.next() for 529ms
03-29 02:53:27.444 2581-2624/? I/art: Background partial concurrent mark sweep GC freed 12537(1660KB) AllocSpace objects, 1(212KB) LOS objects, 39% free, 2MB/3MB, paused 6.091ms total 165.978ms
03-29 02:53:28.183 2540-2558/? I/art: Waiting for a blocking GC DisableMovingGc
03-29 02:53:28.215 1292-2021/? W/art: Long monitor contention with owner AsyncTask #5 (2605) at boolean java.util.ArrayList.add(java.lang.Object)(ArrayList.java:441) waiters=0 in int com.android.server.AppOpsService.startOperation(android.os.IBinder, int, int, java.lang.String) for 1.001s
03-29 02:53:28.216 1292-1338/? W/art: Long monitor contention with owner Binder:1292_6 (2021) at void com.android.server.power.PowerManagerService.acquireWakeLockInternal(android.os.IBinder, int, java.lang.String, java.lang.String, android.os.WorkSource, java.lang.String, int, int)(PowerManagerService.java:862) waiters=0 in void com.android.server.power.PowerManagerService.handleSandman() for 2.961s
03-29 02:53:28.254 1292-1648/? I/GnssLocationProvider: WakeLock acquired by sendMessage(5, 0, null)
03-29 02:53:28.255 1292-1648/? I/GnssLocationProvider: WakeLock acquired by sendMessage(6, 0, null)
03-29 02:53:28.793 2480-2498/? W/art: Suspending all threads took: 2.077s
03-29 02:53:28.906 2403-2420/? I/art: Waiting for a blocking GC DisableMovingGc
03-29 02:53:29.053 2540-2558/? I/art: WaitForGcToComplete blocked for 870.047ms for cause DisableMovingGc
03-29 02:53:29.054 2540-2558/? I/art: Starting a blocking GC DisableMovingGc
03-29 02:53:29.774 1877-1877/? I/art: Waiting for a blocking GC Explicit
03-29 02:53:29.839 1877-1877/? I/art: WaitForGcToComplete blocked for 65.367ms for cause Explicit
03-29 02:53:29.839 1877-1877/? I/art: Starting a blocking GC Explicit
03-29 02:53:29.870 1292-1292/? W/art: Long monitor contention with owner backup (2348) at boolean android.os.MessageQueue.enqueueMessage(android.os.Message, long)(MessageQueue.java:541) waiters=0 in android.os.Message android.os.MessageQueue.next() for 1.565s
